 win32_game

 Timestamp is 6244af75 (Wed Mar 30 15:28:53 2022)

 Preferred load address is 0000000140000000

 Start         Length     Name                   Class
 0001:00000000 00099a30H .text$mn                CODE
 0001:00099a30 00000040H .text$mn$00             CODE
 0001:00099a70 0000083dH .text$x                 CODE
 0002:00000000 00000450H .idata$5                DATA
 0002:00000450 00000028H .00cfg                  DATA
 0002:00000478 00000008H .CRT$XCA                DATA
 0002:00000480 00000008H .CRT$XCAA               DATA
 0002:00000488 00000008H .CRT$XCZ                DATA
 0002:00000490 00000008H .CRT$XIA                DATA
 0002:00000498 00000008H .CRT$XIAA               DATA
 0002:000004a0 00000008H .CRT$XIAC               DATA
 0002:000004a8 00000020H .CRT$XIC                DATA
 0002:000004c8 00000008H .CRT$XIZ                DATA
 0002:000004d0 00000008H .CRT$XLA                DATA
 0002:000004d8 00000008H .CRT$XLZ                DATA
 0002:000004e0 00000008H .CRT$XPA                DATA
 0002:000004e8 00000010H .CRT$XPX                DATA
 0002:000004f8 00000008H .CRT$XPXA               DATA
 0002:00000500 00000008H .CRT$XPZ                DATA
 0002:00000508 00000008H .CRT$XTA                DATA
 0002:00000510 00000010H .CRT$XTZ                DATA
 0002:00000518 00000000H .gehcont$y              DATA
 0002:00000518 00000000H .gfids$y                DATA
 0002:00000520 00022660H .rdata                  DATA
 0002:00022b80 00000000H .rdata$CastGuardVftablesA DATA
 0002:00022b80 00000000H .rdata$CastGuardVftablesC DATA
 0002:00022b80 00000028H .rdata$T                DATA
 0002:00022ba8 0000016cH .rdata$r                DATA
 0002:00022d14 00000498H .rdata$voltmd           DATA
 0002:000231ac 000003dcH .rdata$zzzdbg           DATA
 0002:00023588 00000008H .rtc$IAA                DATA
 0002:00023590 00000008H .rtc$IZZ                DATA
 0002:00023598 00000008H .rtc$TAA                DATA
 0002:000235a0 00000008H .rtc$TZZ                DATA
 0002:000235a8 00000008H .tls                    DATA
 0002:000235b0 00000020H .tls$                   DATA
 0002:000235d0 00000010H .tls$ZZZ                DATA
 0002:000235e0 00002aa8H .xdata                  DATA
 0002:00026088 00000084H .xdata$x                DATA
 0002:0002610c 00000000H .edata                  DATA
 0002:0002610c 00000078H .idata$2                DATA
 0002:00026184 00000014H .idata$3                DATA
 0002:00026198 00000450H .idata$4                DATA
 0002:000265e8 0000095eH .idata$6                DATA
 0003:00000000 00000b80H .data                   DATA
 0003:00000b80 00000050H .data$r                 DATA
 0003:00000bd0 00000020H .data$rs                DATA
 0003:00000bf0 000019c0H .bss                    DATA
 0004:00000000 00005268H .pdata                  DATA
 0005:00000000 000000f4H _RDATA                  DATA

  Address         Publics by Value              Rva+Base               Lib:Object

 0000:00000000       __arm64x_redirection_metadata 0000000000000000     <absolute>
 0000:00000000       __x64_code_ranges_to_entry_points_count 0000000000000000     <absolute>
 0000:00000000       __guard_iat_count          0000000000000000     <absolute>
 0000:00000000       ___safe_se_handler_table   0000000000000000     <absolute>
 0000:00000000       __guard_longjmp_count      0000000000000000     <absolute>
 0000:00000000       __dynamic_value_reloc_table 0000000000000000     <absolute>
 0000:00000000       __hybrid_auxiliary_iat     0000000000000000     <absolute>
 0000:00000000       __hybrid_auxiliary_iat_copy 0000000000000000     <absolute>
 0000:00000000       __guard_longjmp_table      0000000000000000     <absolute>
 0000:00000000       __x64_code_ranges_to_entry_points 0000000000000000     <absolute>
 0000:00000000       __AbsoluteZero             0000000000000000     <absolute>
 0000:00000000       __guard_fids_count         0000000000000000     <absolute>
 0000:00000000       __arm64x_extra_rfe_table   0000000000000000     <absolute>
 0000:00000000       __guard_check_icall_a64n_fptr 0000000000000000     <absolute>
 0000:00000000       __hybrid_code_map          0000000000000000     <absolute>
 0000:00000000       __guard_fids_table         0000000000000000     <absolute>
 0000:00000000       __arm64x_extra_rfe_table_size 0000000000000000     <absolute>
 0000:00000000       ___safe_se_handler_count   0000000000000000     <absolute>
 0000:00000000       __arm64x_redirection_metadata_count 0000000000000000     <absolute>
 0000:00000000       __enclave_config           0000000000000000     <absolute>
 0000:00000000       __guard_eh_cont_count      0000000000000000     <absolute>
 0000:00000000       __guard_eh_cont_table      0000000000000000     <absolute>
 0000:00000000       __arm64x_native_entrypoint 0000000000000000     <absolute>
 0000:00000000       __hybrid_code_map_count    0000000000000000     <absolute>
 0000:00000000       __guard_iat_table          0000000000000000     <absolute>
 0000:00000100       __guard_flags              0000000000000100     <absolute>
 0000:00000000       __ImageBase                0000000140000000     <linker-defined>
 0001:00000000       WinMain                    0000000140001000 f   win32_game.obj
 0001:00000ed0       stbtt_BakeFontBitmap       0000000140001ed0 f   win32_game.obj
 0001:00000f50       stbtt_GetBakedQuad         0000000140001f50 f   win32_game.obj
 0001:00001180       stbtt_GetScaledFontVMetrics 0000000140002180 f   win32_game.obj
 0001:00001290       stbtt_PackBegin            0000000140002290 f   win32_game.obj
 0001:00001440       stbtt_PackEnd              0000000140002440 f   win32_game.obj
 0001:00001470       stbtt_PackFontRange        0000000140002470 f   win32_game.obj
 0001:00001500       stbtt_PackFontRanges       0000000140002500 f   win32_game.obj
 0001:00001760       stbtt_PackSetOversampling  0000000140002760 f   win32_game.obj
 0001:000017f0       stbtt_PackSetSkipMissingCodepoints 00000001400027f0 f   win32_game.obj
 0001:00001810       stbtt_GetPackedQuad        0000000140002810 f   win32_game.obj
 0001:00001a90       stbtt_PackFontRangesGatherRects 0000000140002a90 f   win32_game.obj
 0001:00001de0       stbtt_PackFontRangesPackRects 0000000140002de0 f   win32_game.obj
 0001:00001e20       stbtt_PackFontRangesRenderIntoRects 0000000140002e20 f   win32_game.obj
 0001:00002620       stbtt_GetNumberOfFonts     0000000140003620 f   win32_game.obj
 0001:00002640       stbtt_GetFontOffsetForIndex 0000000140003640 f   win32_game.obj
 0001:00002670       stbtt_InitFont             0000000140003670 f   win32_game.obj
 0001:000026b0       stbtt_FindGlyphIndex       00000001400036b0 f   win32_game.obj
 0001:00002cc0       stbtt_ScaleForPixelHeight  0000000140003cc0 f   win32_game.obj
 0001:00002d40       stbtt_ScaleForMappingEmToPixels 0000000140003d40 f   win32_game.obj
 0001:00002da0       stbtt_GetFontVMetrics      0000000140003da0 f   win32_game.obj
 0001:00002e50       stbtt_GetFontVMetricsOS2   0000000140003e50 f   win32_game.obj
 0001:00002f30       stbtt_GetFontBoundingBox   0000000140003f30 f   win32_game.obj
 0001:00002ff0       stbtt_GetCodepointHMetrics 0000000140003ff0 f   win32_game.obj
 0001:00003040       stbtt_GetCodepointKernAdvance 0000000140004040 f   win32_game.obj
 0001:000030b0       stbtt_GetCodepointBox      00000001400040b0 f   win32_game.obj
 0001:00003110       stbtt_GetGlyphHMetrics     0000000140004110 f   win32_game.obj
 0001:00003280       stbtt_GetGlyphKernAdvance  0000000140004280 f   win32_game.obj
 0001:00003300       stbtt_GetGlyphBox          0000000140004300 f   win32_game.obj
 0001:00003430       stbtt_GetKerningTableLength 0000000140004430 f   win32_game.obj
 0001:000034c0       stbtt_GetKerningTable      00000001400044c0 f   win32_game.obj
 0001:00003630       stbtt_IsGlyphEmpty         0000000140004630 f   win32_game.obj
 0001:000036f0       stbtt_GetCodepointShape    00000001400046f0 f   win32_game.obj
 0001:00003730       stbtt_GetGlyphShape        0000000140004730 f   win32_game.obj
 0001:00003790       stbtt_FreeShape            0000000140004790 f   win32_game.obj
 0001:000037c0       stbtt_FindSVGDoc           00000001400047c0 f   win32_game.obj
 0001:00003890       stbtt_GetCodepointSVG      0000000140004890 f   win32_game.obj
 0001:000038d0       stbtt_GetGlyphSVG          00000001400048d0 f   win32_game.obj
 0001:00003980       stbtt_FreeBitmap           0000000140004980 f   win32_game.obj
 0001:000039b0       stbtt_GetCodepointBitmap   00000001400049b0 f   win32_game.obj
 0001:00003a40       stbtt_GetCodepointBitmapSubpixel 0000000140004a40 f   win32_game.obj
 0001:00003ae0       stbtt_MakeCodepointBitmap  0000000140004ae0 f   win32_game.obj
 0001:00003b70       stbtt_MakeCodepointBitmapSubpixel 0000000140004b70 f   win32_game.obj
 0001:00003c10       stbtt_MakeCodepointBitmapSubpixelPrefilter 0000000140004c10 f   win32_game.obj
 0001:00003cf0       stbtt_GetCodepointBitmapBox 0000000140004cf0 f   win32_game.obj
 0001:00003d80       stbtt_GetCodepointBitmapBoxSubpixel 0000000140004d80 f   win32_game.obj
 0001:00003e20       stbtt_GetGlyphBitmap       0000000140004e20 f   win32_game.obj
 0001:00003eb0       stbtt_GetGlyphBitmapSubpixel 0000000140004eb0 f   win32_game.obj
 0001:00004170       stbtt_MakeGlyphBitmap      0000000140005170 f   win32_game.obj
 0001:00004200       stbtt_MakeGlyphBitmapSubpixel 0000000140005200 f   win32_game.obj
 0001:00004390       stbtt_MakeGlyphBitmapSubpixelPrefilter 0000000140005390 f   win32_game.obj
 0001:000044d0       stbtt_GetGlyphBitmapBox    00000001400054d0 f   win32_game.obj
 0001:00004560       stbtt_GetGlyphBitmapBoxSubpixel 0000000140005560 f   win32_game.obj
 0001:00004710       stbtt_Rasterize            0000000140005710 f   win32_game.obj
 0001:00004880       stbtt_FreeSDF              0000000140005880 f   win32_game.obj
 0001:000048b0       stbtt_GetGlyphSDF          00000001400058b0 f   win32_game.obj
 0001:00006210       stbtt_GetCodepointSDF      0000000140007210 f   win32_game.obj
 0001:000062b0       stbtt_FindMatchingFont     00000001400072b0 f   win32_game.obj
 0001:000062f0       stbtt_CompareUTF8toUTF16_bigendian 00000001400072f0 f   win32_game.obj
 0001:00006330       stbtt_GetFontNameString    0000000140007330 f   win32_game.obj
 0001:000128e0       stbi_load_from_memory      00000001400138e0 f   win32_game.obj
 0001:00012980       stbi_load_from_callbacks   0000000140013980 f   win32_game.obj
 0001:00012a20       stbi_load                  0000000140013a20 f   win32_game.obj
 0001:00012ad0       stbi_load_from_file        0000000140013ad0 f   win32_game.obj
 0001:00012ba0       stbi_load_gif_from_memory  0000000140013ba0 f   win32_game.obj
 0001:00012cf0       stbi_load_16_from_memory   0000000140013cf0 f   win32_game.obj
 0001:00012d90       stbi_load_16_from_callbacks 0000000140013d90 f   win32_game.obj
 0001:00012e30       stbi_load_16               0000000140013e30 f   win32_game.obj
 0001:00012ee0       stbi_load_from_file_16     0000000140013ee0 f   win32_game.obj
 0001:00012fb0       stbi_loadf_from_memory     0000000140013fb0 f   win32_game.obj
 0001:00013050       stbi_loadf_from_callbacks  0000000140014050 f   win32_game.obj
 0001:000130f0       stbi_loadf                 00000001400140f0 f   win32_game.obj
 0001:000131a0       stbi_loadf_from_file       00000001400141a0 f   win32_game.obj
 0001:00013230       stbi_hdr_to_ldr_gamma      0000000140014230 f   win32_game.obj
 0001:00013260       stbi_hdr_to_ldr_scale      0000000140014260 f   win32_game.obj
 0001:00013290       stbi_ldr_to_hdr_gamma      0000000140014290 f   win32_game.obj
 0001:000132b0       stbi_ldr_to_hdr_scale      00000001400142b0 f   win32_game.obj
 0001:000132d0       stbi_is_hdr_from_callbacks 00000001400142d0 f   win32_game.obj
 0001:00013340       stbi_is_hdr_from_memory    0000000140014340 f   win32_game.obj
 0001:000133b0       stbi_is_hdr                00000001400143b0 f   win32_game.obj
 0001:00013410       stbi_is_hdr_from_file      0000000140014410 f   win32_game.obj
 0001:000134a0       stbi_failure_reason        00000001400144a0 f   win32_game.obj
 0001:000134d0       stbi_image_free            00000001400144d0 f   win32_game.obj
 0001:000134f0       stbi_info_from_memory      00000001400144f0 f   win32_game.obj
 0001:00013580       stbi_info_from_callbacks   0000000140014580 f   win32_game.obj
 0001:00013610       stbi_is_16_bit_from_memory 0000000140014610 f   win32_game.obj
 0001:00013680       stbi_is_16_bit_from_callbacks 0000000140014680 f   win32_game.obj
 0001:000136f0       stbi_info                  00000001400146f0 f   win32_game.obj
 0001:00013770       stbi_info_from_file        0000000140014770 f   win32_game.obj
 0001:00013820       stbi_is_16_bit             0000000140014820 f   win32_game.obj
 0001:00013880       stbi_is_16_bit_from_file   0000000140014880 f   win32_game.obj
 0001:00013910       stbi_set_unpremultiply_on_load 0000000140014910 f   win32_game.obj
 0001:00013930       stbi_convert_iphone_png_to_rgb 0000000140014930 f   win32_game.obj
 0001:00013950       stbi_set_flip_vertically_on_load 0000000140014950 f   win32_game.obj
 0001:00013970       stbi_convert_iphone_png_to_rgb_thread 0000000140014970 f   win32_game.obj
 0001:000139c0       stbi_set_flip_vertically_on_load_thread 00000001400149c0 f   win32_game.obj
 0001:00013a10       stbi_zlib_decode_malloc_guesssize 0000000140014a10 f   win32_game.obj
 0001:00013b10       stbi_zlib_decode_malloc_guesssize_headerflag 0000000140014b10 f   win32_game.obj
 0001:00013c20       stbi_zlib_decode_malloc    0000000140014c20 f   win32_game.obj
 0001:00013c60       stbi_zlib_decode_buffer    0000000140014c60 f   win32_game.obj
 0001:00013d20       stbi_zlib_decode_noheader_malloc 0000000140014d20 f   win32_game.obj
 0001:00013e20       stbi_zlib_decode_noheader_buffer 0000000140014e20 f   win32_game.obj
 0001:00029490       ?stbi__unpremultiply_on_load_thread@@YAXH@Z 000000014002a490 f   win32_game.obj
 0001:0002da00       ?was_clicked@@YAIUController_Button_State@@@Z 000000014002ea00 f   win32_game.obj
 0001:0002da40       ?get_mesh_index@@YAHPEAUGame_State@@PEAD@Z 000000014002ea40 f   win32_game.obj
 0001:0002db90       ?debug_print@@YAXPEADZZ    000000014002eb90 f   win32_game.obj
 0001:0002dc50       ?string_format@@YAXPEADH0ZZ 000000014002ec50 f   win32_game.obj
 0001:0002dcd0       ?platform_open_file@@YAIPEADPEAUPlatform_File@@@Z 000000014002ecd0 f   win32_game.obj
 0001:0002de10       ?platform_read_file@@YAIUPlatform_File@@PEAUFile_Data@@@Z 000000014002ee10 f   win32_game.obj
 0001:0002df10       ?platform_close_file@@YAXUPlatform_File@@@Z 000000014002ef10 f   win32_game.obj
 0001:0002df60       ?platform_zero_memory@@YAXPEAXI@Z 000000014002ef60 f   win32_game.obj
 0001:0002df90       ?platform_open_and_read_file@@YA?AUFile_Data@@PEAUAllocator@@PEAD@Z 000000014002ef90 f   win32_game.obj
 0001:0002e0a0       ?platform_open_file_dialog@@YAIPEADI@Z 000000014002f0a0 f   win32_game.obj
 0001:0002e160       ?platform_get_wall_clock_time@@YANXZ 000000014002f160 f   win32_game.obj
 0001:0002e190       ?make_arena_allocator@@YA?AUArena_Allocator@@PEAXI@Z 000000014002f190 f   win32_game.obj
 0001:0002e1f0       ?arena_push@@YAPEAXPEAUArena_Allocator@@II@Z 000000014002f1f0 f   win32_game.obj
 0001:0002e290       ?clear_arena@@YAXPEAUArena_Allocator@@I@Z 000000014002f290 f   win32_game.obj
 0001:0002e2e0       ?make_stack_allocator@@YA?AUStack_Allocator@@PEAXI@Z 000000014002f2e0 f   win32_game.obj
 0001:0002e390       ?begin_region@@YA?AUMarker@@PEAUMemory@@@Z 000000014002f390 f   win32_game.obj
 0001:0002e3e0       ?end_region@@YAXPEAUMemory@@UMarker@@@Z 000000014002f3e0 f   win32_game.obj
 0001:0002e440       ?region_push@@YAPEAXPEAUMemory@@II@Z 000000014002f440 f   win32_game.obj
 0001:0002e4f0       ?begin_region@@YA?AUMarker@@PEAUStack_Allocator@@@Z 000000014002f4f0 f   win32_game.obj
 0001:0002e520       ?end_region@@YAXPEAUStack_Allocator@@UMarker@@@Z 000000014002f520 f   win32_game.obj
 0001:0002e580       ?region_push@@YAPEAXPEAUStack_Allocator@@II@Z 000000014002f580 f   win32_game.obj
 0001:0002e620       ?allocate@@YAPEAXPEAUAllocator@@II@Z 000000014002f620 f   win32_game.obj
 0001:0002e6c0       ?make_ray@@YA?AURay@@UVec3@@0@Z 000000014002f6c0 f   win32_game.obj
 0001:0002e740       ?make_line@@YA?AULine@@UVec3@@0@Z 000000014002f740 f   win32_game.obj
 0001:0002e7c0       ?make_mat4@@YA?AUMat4@@MMMMMMMMMMMMMMMM@Z 000000014002f7c0 f   win32_game.obj
 0001:0002e900       ?make_mat4_identity@@YA?AUMat4@@XZ 000000014002f900 f   win32_game.obj
 0001:0002e980       ?determinant@@YAMMMMMMMMMM@Z 000000014002f980 f   win32_game.obj
 0001:0002ea70       ?transpose@@YA?AUMat4@@U1@@Z 000000014002fa70 f   win32_game.obj
 0001:0002ec00       ?classical_adjoint@@YA?AUMat4@@U1@@Z 000000014002fc00 f   win32_game.obj
 0001:0002f6b0       ?determinant@@YAMUMat4@@@Z 00000001400306b0 f   win32_game.obj
 0001:0002fa20       ?inverse@@YA?AUMat4@@U1@@Z 0000000140030a20 f   win32_game.obj
 0001:0002fb50       ?make_quaternion@@YA?AUQuaternion@@XZ 0000000140030b50 f   win32_game.obj
 0001:0002fbd0       ?make_quaternion@@YA?AUQuaternion@@MUVec3@@@Z 0000000140030bd0 f   win32_game.obj
 0001:0002fcd0       ?magnitude@@YAMUQuaternion@@@Z 0000000140030cd0 f   win32_game.obj
 0001:0002fd60       ?make_rotate_matrix@@YA?AUMat4@@UQuaternion@@@Z 0000000140030d60 f   win32_game.obj
 0001:00030150       ?make_scale_matrix@@YA?AUMat4@@UVec3@@M@Z 0000000140031150 f   win32_game.obj
 0001:00030420       ?make_scale_matrix@@YA?AUMat4@@UVec3@@@Z 0000000140031420 f   win32_game.obj
 0001:000304b0       ?make_rotate_matrix@@YA?AUMat4@@MMM@Z 00000001400314b0 f   win32_game.obj
 0001:00030930       ?make_rotate_matrix@@YA?AUMat4@@UVec3@@M@Z 0000000140031930 f   win32_game.obj
 0001:00030ea0       ?make_translate_matrix@@YA?AUMat4@@UVec3@@M@Z 0000000140031ea0 f   win32_game.obj
 0001:00030f80       ?make_translate_matrix@@YA?AUMat4@@UVec3@@@Z 0000000140031f80 f   win32_game.obj
 0001:00031030       ?get_view_matrix@@YA?AUMat4@@UVec3@@000@Z 0000000140032030 f   win32_game.obj
 0001:00031220       ?make_perspective_clip_matrix@@YA?AUMat4@@MMMM@Z 0000000140032220 f   win32_game.obj
 0001:00031410       ?make_ortho_clip_matrix@@YA?AUMat4@@MMMM@Z 0000000140032410 f   win32_game.obj
 0001:00031540       ?compute_barycentric_coords@@YAIUVec3@@0000PEAU1@@Z 0000000140032540 f   win32_game.obj
 0001:000318b0       ?bary_coords_inside_triangle@@YAIUVec3@@@Z 00000001400328b0 f   win32_game.obj
 0001:00031940       ?make_basis@@YAXUVec3@@PEAU1@1@Z 0000000140032940 f   win32_game.obj
 0001:00031b90       ?get_plane_containing_ray@@YA?AUPlane@@URay@@UVec3@@@Z 0000000140032b90 f   win32_game.obj
 0001:00031d90       ?get_plane_containing_ray@@YA?AUPlane@@URay@@@Z 0000000140032d90 f   win32_game.obj
 0001:00031e90       ?ray_intersects_aabb@@YAIURay@@UAABB@@PEAM2@Z 0000000140032e90 f   win32_game.obj
 0001:000322a0       ?ray_intersects_circle@@YAIURay_2D@@MUVec2@@PEAM2@Z 00000001400332a0 f   win32_game.obj
 0001:00032460       ?ray_intersects_circle@@YAIURay_2D@@MUVec2@@PEAM@Z 0000000140033460 f   win32_game.obj
 0001:00032570       ?ray_intersects_plane@@YAIURay@@UVec3@@MPEAM@Z 0000000140033570 f   win32_game.obj
 0001:000326e0       ?ray_intersects_plane@@YAIURay@@UPlane@@PEAM@Z 00000001400336e0 f   win32_game.obj
 0001:00032750       ?ray_intersects_triangle@@YAIURay@@QEAUVec3@@PEAM@Z 0000000140033750 f   win32_game.obj
 0001:00032cc0       ?line_intersects_coplanar_ray@@YAIULine@@URay@@PEAM@Z 0000000140033cc0 f   win32_game.obj
 0001:00033010       ?transform_aabb@@YAXUAABB@@UMat4@@PEAU1@@Z 0000000140034010 f   win32_game.obj
 0001:00033b40       ?transform_aabb@@YA?AUAABB@@U1@UMat4@@@Z 0000000140034b40 f   win32_game.obj
 0001:000346a0       ?get_rotate_matrix_from_euler_angles@@YA?AUMat4@@MMM@Z 00000001400356a0 f   win32_game.obj
 0001:00034990       ?get_euler_angles_from_rotate_matrix@@YAXUMat4@@PEAM11@Z 0000000140035990 f   win32_game.obj
 0001:00034b30       ?get_model_matrix@@YA?AUMat4@@UVec3@@UQuaternion@@0@Z 0000000140035b30 f   win32_game.obj
 0001:00034e00       ?get_model_matrix@@YA?AUMat4@@UVec3@@MMM0@Z 0000000140035e00 f   win32_game.obj
 0001:00035290       ?get_model_matrix@@YA?AUMat4@@UTransform@@@Z 0000000140036290 f   win32_game.obj
 0001:00035350       ?get_model_matrix@@YA?AUMat4@@UEuler_Transform@@@Z 0000000140036350 f   win32_game.obj
 0001:00035420       ?compute_centroid@@YA?AUVec3@@URay@@00@Z 0000000140036420 f   win32_game.obj
 0001:000355c0       ?get_closest_point_on_ray@@YA?AUVec3@@URay@@U1@@Z 00000001400365c0 f   win32_game.obj
 0001:00035800       ?get_ray_normal_to_point@@YA?AUVec3@@URay@@U1@@Z 0000000140036800 f   win32_game.obj
 0001:00036020       ?load_mesh@@YA?AUMesh@@UFile_Data@@PEAUAllocator@@@Z 0000000140037020 f   win32_game.obj
 0001:000368b0       ?get_vertex_from_index@@YA?AUVec3@@PEAUMesh@@I@Z 00000001400378b0 f   win32_game.obj
 0001:000369d0       ?read_and_load_mesh@@YA?AUMesh@@PEAUMemory@@PEAUAllocator@@PEAD2H@Z 00000001400379d0 f   win32_game.obj
 0001:00036b40       ?string_length@@YAIPEAD@Z  0000000140037b40 f   win32_game.obj
 0001:00036ba0       ?make_string@@YA?AUString@@PEADI@Z 0000000140037ba0 f   win32_game.obj
 0001:00036c00       ?make_string@@YA?AUString@@PEAD@Z 0000000140037c00 f   win32_game.obj
 0001:00036c60       ?make_string_iterator@@YA?AUString_Iterator@@UString@@@Z 0000000140037c60 f   win32_game.obj
 0001:00036cc0       ?get_next_char@@YADPEAUString_Iterator@@@Z 0000000140037cc0 f   win32_game.obj
 0001:00036d20       ?peek_next_char@@YADPEAUString_Iterator@@@Z 0000000140037d20 f   win32_game.obj
 0001:00036d70       ?increment_index@@YAXPEAUString_Iterator@@@Z 0000000140037d70 f   win32_game.obj
 0001:00036d90       ?string_equals@@YAIUString@@0@Z 0000000140037d90 f   win32_game.obj
 0001:00036e10       ?append_string@@YAXPEAUString@@U1@1I@Z 0000000140037e10 f   win32_game.obj
 0001:00036f20       ?copy_string@@YAXPEAUString@@U1@I@Z 0000000140037f20 f   win32_game.obj
 0001:00036fc0       ?to_char_array@@YAXUString@@PEADI@Z 0000000140037fc0 f   win32_game.obj
 0001:00037060       ?make_ui_button@@YA?AUUI_Button@@MMMMPEAD00@Z 0000000140038060 f   win32_game.obj
 0001:00037110       ?make_ui_text@@YA?AUUI_Text@@MMPEAD00@Z 0000000140038110 f   win32_game.obj
 0001:000371b0       ?make_ui_text_box@@YA?AUUI_Text_Box@@MMPEADIUUI_Text_Box_Style@@0@Z 00000001400381b0 f   win32_game.obj
 0001:00037260       ?ui_add_button@@YAXPEAUUI_Manager@@UUI_Button@@@Z 0000000140038260 f   win32_game.obj
 0001:000372e0       ?ui_add_text@@YAXPEAUUI_Manager@@UUI_Text@@@Z 00000001400382e0 f   win32_game.obj
 0001:00037370       ?ui_add_text_box@@YAXPEAUUI_Manager@@UUI_Text_Box@@@Z 0000000140038370 f   win32_game.obj
 0001:00037400       ?in_bounds@@YAIUVec2@@MMMM@Z 0000000140038400 f   win32_game.obj
 0001:00037470       ?do_text@@YAXPEAUUI_Manager@@MMPEAD11@Z 0000000140038470 f   win32_game.obj
 0001:00037540       ?do_button@@YAIPEAUUI_Manager@@PEAUController_State@@MMMMPEAD22@Z 0000000140038540 f   win32_game.obj
 0001:00037850       ?do_text_box@@YAXPEAUUI_Manager@@PEAUController_State@@MMPEADHUUI_Text_Box_Style@@2@Z 0000000140038850 f   win32_game.obj
 0001:00037c70       ?ray_intersects_mesh@@YAHURay@@UMesh@@UTransform@@PEAM@Z 0000000140038c70 f   win32_game.obj
 0001:00038230       ?pick_entity@@YAHPEAUGame_State@@URay@@@Z 0000000140039230 f   win32_game.obj
 0001:000383e0       ?is_translation@@YAIW4Gizmo_Handle@@@Z 00000001400393e0 f   win32_game.obj
 0001:00038420       ?is_rotation@@YAIW4Gizmo_Handle@@@Z 0000000140039420 f   win32_game.obj
 0001:00038460       ?pick_gizmo@@YA?AW4Gizmo_Handle@@PEAUGame_State@@URay@@PEAUVec3@@2@Z 0000000140039460 f   win32_game.obj
 0001:000392e0       ?do_gizmo_translation@@YA?AUVec3@@PEAUCamera@@PEAUEditor_State@@URay@@@Z 000000014003a2e0 f   win32_game.obj
 0001:00039760       ?do_gizmo_rotation@@YA?AUQuaternion@@PEAUCamera@@PEAUEditor_State@@URay@@@Z 000000014003a760 f   win32_game.obj
 0001:00039e40       ?fill_sound_buffer_with_sine_wave@@YAXPEAUSound_Output@@I@Z 000000014003ae40 f   win32_game.obj
 0001:00039fb0       ?fill_sound_buffer_with_audio@@YAXPEAUSound_Output@@IPEAUAudio_Source@@H@Z 000000014003afb0 f   win32_game.obj
 0001:0003a180       ?make_audio_source@@YA?AUAudio_Source@@IIMIPEAF@Z 000000014003b180 f   win32_game.obj
 0001:0003a1f0       ?make_entity@@YA?AUEntity@@PEAUGame_State@@PEADUTransform@@@Z 000000014003b1f0 f   win32_game.obj
 0001:0003a2a0       ?make_entity@@YA?AUEntity@@PEAUGame_State@@PEAD1UTransform@@@Z 000000014003b2a0 f   win32_game.obj
 0001:0003a350       ?add_mesh@@YAXPEAUGame_State@@UMesh@@@Z 000000014003b350 f   win32_game.obj
 0001:0003a3e0       ?add_entity@@YAXPEAUGame_State@@UEntity@@@Z 000000014003b3e0 f   win32_game.obj
 0001:0003a470       ?init_camera@@YAXPEAUCamera@@PEAUDisplay_Output@@@Z 000000014003b470 f   win32_game.obj
 0001:0003a5e0       ?init_game@@YAXPEAUMemory@@PEAUGame_State@@PEAUSound_Output@@I@Z 000000014003b5e0 f   win32_game.obj
 0001:0003b060       ?get_view_matrix@@YA?AUMat4@@UCamera@@@Z 000000014003c060 f   win32_game.obj
 0001:0003b190       ?cursor_pos_to_world_space@@YA?AUVec3@@UVec2@@PEAURender_State@@@Z 000000014003c190 f   win32_game.obj
 0001:0003b3e0       ?update_camera@@YAXPEAUCamera@@@Z 000000014003c3e0 f   win32_game.obj
 0001:0003b980       ?update_render_state@@YAXPEAURender_State@@@Z 000000014003c980 f   win32_game.obj
 0001:0003bb30       ?update_gizmo@@YAXPEAUGame_State@@@Z 000000014003cb30 f   win32_game.obj
 0001:0003bcd0       ?update@@YAXPEAUMemory@@PEAUGame_State@@PEAUController_State@@PEAUSound_Output@@I@Z 000000014003ccd0 f   win32_game.obj
 0001:0003c6d0       ?get_hash@@YAIUString@@I@Z 000000014003d6d0 f   win32_game.obj
 0001:0003c7a0       ?make_gl_mesh@@YA?AUGL_Mesh@@III@Z 000000014003d7a0 f   win32_game.obj
 0001:0003c820       ?gl_create_shader@@YAIPEADIW4Shader_Type@@@Z 000000014003d820 f   win32_game.obj
 0001:0003c950       ?gl_compile_and_link_shaders@@YAIPEADI0I@Z 000000014003d950 f   win32_game.obj
 0001:0003caa0       ?gl_load_shader@@YAXPEAUGL_State@@PEAUMemory@@PEAD22@Z 000000014003daa0 f   win32_game.obj
 0001:0003cf10       ?gl_load_texture@@YAXPEAUGL_State@@PEAUMemory@@PEAD2@Z 000000014003df10 f   win32_game.obj
 0001:0003d3e0       ?gl_init_font@@YAXPEAUGL_State@@PEAUMemory@@PEAD2MHH@Z 000000014003e3e0 f   win32_game.obj
 0001:0003d940       ?gl_load_mesh@@YA?AUGL_Mesh@@PEAUGL_State@@UMesh@@@Z 000000014003e940 f   win32_game.obj
 0001:0003db60       ?gl_use_shader@@YAIPEAUGL_State@@PEAD@Z 000000014003eb60 f   win32_game.obj
 0001:0003dc20       ?gl_use_texture@@YAXPEAUGL_State@@PEAD@Z 000000014003ec20 f   win32_game.obj
 0001:0003dd10       ?gl_draw_solid_color_mesh@@YAXPEAUGL_State@@PEAURender_State@@PEADUTransform@@UVec4@@@Z 000000014003ed10 f   win32_game.obj
 0001:0003df00       ?gl_draw_solid_color_mesh@@YAXPEAUGL_State@@PEAURender_State@@PEADUTransform@@UVec3@@@Z 000000014003ef00 f   win32_game.obj
 0001:0003dff0       ?gl_draw_mesh@@YAXPEAUGL_State@@PEAURender_State@@PEADUTransform@@@Z 000000014003eff0 f   win32_game.obj
 0001:0003e320       ?gl_draw_textured_mesh@@YAXPEAUGL_State@@PEAURender_State@@PEAD2UTransform@@@Z 000000014003f320 f   win32_game.obj
 0001:0003e520       ?gl_draw_wireframe@@YAXPEAUGL_State@@PEAURender_State@@PEADUTransform@@@Z 000000014003f520 f   win32_game.obj
 0001:0003e7a0       ?copy_aligned_quad_to_arrays@@YAXUstbtt_aligned_quad@@PEAM1@Z 000000014003f7a0 f   win32_game.obj
 0001:0003e990       ?gl_draw_text@@YAXPEAUGL_State@@UDisplay_Output@@PEADMM2UVec3@@@Z 000000014003f990 f   win32_game.obj
 0001:0003efd0       ?gl_make_framebuffer@@YA?AUGL_Framebuffer@@HH@Z 000000014003ffd0 f   win32_game.obj
 0001:0003f1c0       ?gl_delete_framebuffer@@YAXUGL_Framebuffer@@@Z 00000001400401c0 f   win32_game.obj
 0001:0003f220       ?generate_circle_vertices@@YAXPEAMHM@Z 0000000140040220 f   win32_game.obj
 0001:0003f330       ?gl_init@@YAXPEAUMemory@@PEAUGL_State@@UDisplay_Output@@@Z 0000000140040330 f   win32_game.obj
 0001:000406b0       ?gl_draw_triangle_p@@YAXPEAUGL_State@@UDisplay_Output@@UVec2@@MMUVec3@@@Z 00000001400416b0 f   win32_game.obj
 0001:00040b50       ?gl_draw_triangle@@YAXPEAUGL_State@@UDisplay_Output@@MMMMUVec3@@@Z 0000000140041b50 f   win32_game.obj
 0001:00040c10       ?gl_draw_line_p@@YAXPEAUGL_State@@UDisplay_Output@@UVec2@@2UVec3@@@Z 0000000140041c10 f   win32_game.obj
 0001:000410e0       ?gl_draw_line@@YAXPEAUGL_State@@UDisplay_Output@@UVec2@@2UVec3@@@Z 00000001400420e0 f   win32_game.obj
 0001:000415f0       ?gl_draw_quad_p@@YAXPEAUGL_State@@UDisplay_Output@@MMMMUVec3@@@Z 00000001400425f0 f   win32_game.obj
 0001:00041a90       ?gl_draw_quad@@YAXPEAUGL_State@@UDisplay_Output@@MMMMUVec3@@@Z 0000000140042a90 f   win32_game.obj
 0001:00041f50       ?draw_sound_cursor@@YAXPEAUGL_State@@UDisplay_Output@@PEAUWin32_Sound_Output@@MUVec3@@@Z 0000000140042f50 f   win32_game.obj
 0001:00042100       ?draw_sound_buffer@@YAXPEAUGL_State@@UDisplay_Output@@PEAUWin32_Sound_Output@@@Z 0000000140043100 f   win32_game.obj
 0001:000428b0       ?get_width@@YAMPEAUGL_State@@PEAD1@Z 00000001400438b0 f   win32_game.obj
 0001:00042a50       ?gl_draw_ui@@YAXPEAUGL_State@@PEAUUI_Manager@@UDisplay_Output@@@Z 0000000140043a50 f   win32_game.obj
 0001:00043310       ?gl_draw_circle@@YAXPEAUGL_State@@PEAURender_State@@UTransform@@UVec4@@@Z 0000000140044310 f   win32_game.obj
 0001:00043580       ?gl_draw_gizmo@@YAXPEAUGL_State@@PEAURender_State@@PEAUEditor_State@@@Z 0000000140044580 f   win32_game.obj
 0001:00044110       ?gl_draw_framebuffer@@YAXPEAUGL_State@@UGL_Framebuffer@@@Z 0000000140045110 f   win32_game.obj
 0001:00044250       ?gl_render@@YAXPEAUGL_State@@PEAUController_State@@PEAUGame_State@@UDisplay_Output@@PEAUWin32_Sound_Output@@@Z 0000000140045250 f   win32_game.obj
 0001:00044ad0       ?debug_printn@@YAXPEADHZZ  0000000140045ad0 f   win32_game.obj
 0001:00045690       ?WindowProc@@YA_JPEAUHWND__@@I_K_J@Z 0000000140046690 f   win32_game.obj
 0001:000457a0       ?fill_sound_buffer@@YAXPEAUWin32_Sound_Output@@PEAFI@Z 00000001400467a0 f   win32_game.obj
 0001:00045bb0       ?win32_init_memory@@YAIPEAUMemory@@@Z 0000000140046bb0 f   win32_game.obj
 0001:00045fd0       ?platform_toggle_pause@@YAXXZ 0000000140046fd0 f   win32_game.obj
 0001:00046010       ?platform_get_cursor_pos@@YA?AUVec2@@UDisplay_Output@@@Z 0000000140047010 f   win32_game.obj
 0001:00046090       ??$hash_table_exists@UGL_Mesh@@@@YAIU?$Hash_Table@UGL_Mesh@@@@UString@@@Z 0000000140047090 f i win32_game.obj
 0001:00046150       ??$hash_table_find@I@@YAIU?$Hash_Table@I@@UString@@PEAI@Z 0000000140047150 f i win32_game.obj
 0001:00046230       ??$hash_table_find@UGL_Font@@@@YAIU?$Hash_Table@UGL_Font@@@@UString@@PEAUGL_Font@@@Z 0000000140047230 f i win32_game.obj
 0001:00046310       ??$hash_table_find@UGL_Mesh@@@@YAIU?$Hash_Table@UGL_Mesh@@@@UString@@PEAUGL_Mesh@@@Z 0000000140047310 f i win32_game.obj
 0001:000463f0       ??$hash_table_find@UGL_Texture@@@@YAIU?$Hash_Table@UGL_Texture@@@@UString@@PEAUGL_Texture@@@Z 00000001400473f0 f i win32_game.obj
 0001:000464d0       ??$isnan@M@@YA_NM@Z        00000001400474d0 f i win32_game.obj
 0001:00046510       ??$make_hash_table@I@@YA?AU?$Hash_Table@I@@PEAUAllocator@@@Z 0000000140047510 f i win32_game.obj
 0001:00046510       ??$make_hash_table@UGL_Mesh@@@@YA?AU?$Hash_Table@UGL_Mesh@@@@PEAUAllocator@@@Z 0000000140047510 f i win32_game.obj
 0001:00046510       ??$make_hash_table@UGL_Texture@@@@YA?AU?$Hash_Table@UGL_Texture@@@@PEAUAllocator@@@Z 0000000140047510 f i win32_game.obj
 0001:00046510       ??$make_hash_table@UGL_Font@@@@YA?AU?$Hash_Table@UGL_Font@@@@PEAUAllocator@@@Z 0000000140047510 f i win32_game.obj
 0001:00046590       ??AVec3@@QEAAAEAMH@Z       0000000140047590 f i win32_game.obj
 0001:00046590       ??AVec4@@QEAAAEAMH@Z       0000000140047590 f i win32_game.obj
 0001:000465b0       ??D@YA?AUMat4@@U0@0@Z      00000001400475b0 f i win32_game.obj
 0001:00046c10       ??D@YA?AUQuaternion@@U0@0@Z 0000000140047c10 f i win32_game.obj
 0001:00046ef0       ??D@YA?AUVec3@@MU0@@Z      0000000140047ef0 f i win32_game.obj
 0001:00046f90       ??D@YA?AUVec3@@U0@M@Z      0000000140047f90 f i win32_game.obj
 0001:00047030       ??D@YA?AUVec4@@UMat4@@U0@@Z 0000000140048030 f i win32_game.obj
 0001:00047330       ??G@YA?AUVec2@@U0@0@Z      0000000140048330 f i win32_game.obj
 0001:00047380       ??G@YA?AUVec3@@U0@0@Z      0000000140048380 f i win32_game.obj
 0001:00047430       ??H@YA?AUVec3@@U0@0@Z      0000000140048430 f i win32_game.obj
 0001:000474e0       ??K@YA?AUMat4@@U0@M@Z      00000001400484e0 f i win32_game.obj
 0001:00047580       ??K@YA?AUVec3@@U0@M@Z      0000000140048580 f i win32_game.obj
 0001:00047620       ??K@YA?AUVec4@@U0@M@Z      0000000140048620 f i win32_game.obj
 0001:000476d0       ??YVec3@@QEAAAEAU0@U0@@Z   00000001400486d0 f i win32_game.obj
 0001:00047780       ??_0Vec4@@QEAAAEAU0@M@Z    0000000140048780 f i win32_game.obj
 0001:00047820       ?are_collinear@@YAIUVec3@@0@Z 0000000140048820 f i win32_game.obj
 0001:000478c0       ?ascii_to_uint32@@YAID@Z   00000001400488c0 f i win32_game.obj
 0001:00047910       ?cosine_law_degrees@@YAMMMM@Z 0000000140048910 f i win32_game.obj
 0001:000479a0       ?cross@@YA?AUVec3@@U1@0@Z  00000001400489a0 f i win32_game.obj
 0001:00047aa0       ?degs_to_rads@@YAMM@Z      0000000140048aa0 f i win32_game.obj
 0001:00047ac0       ?determinant@@YAMMMMM@Z    0000000140048ac0 f i win32_game.obj
 0001:00047b00       ?distance@@YAMUVec2@@@Z    0000000140048b00 f i win32_game.obj
 0001:00047b30       ?distance@@YAMUVec3@@@Z    0000000140048b30 f i win32_game.obj
 0001:00047b90       ?dot@@YAMUVec2@@0@Z        0000000140048b90 f i win32_game.obj
 0001:00047bc0       ?dot@@YAMUVec3@@0@Z        0000000140048bc0 f i win32_game.obj
 0001:00047c10       ?fpclassify@@YAHM@Z        0000000140048c10 f i win32_game.obj
 0001:00047c30       ?gl_set_uniform_mat4@@YAXIPEADPEAUMat4@@@Z 0000000140048c30 f i win32_game.obj
 0001:00047ca0       ?gl_set_uniform_vec3@@YAXIPEADPEAUVec3@@@Z 0000000140048ca0 f i win32_game.obj
 0001:00047d00       ?gl_set_uniform_vec4@@YAXIPEADPEAUVec4@@@Z 0000000140048d00 f i win32_game.obj
 0001:00047d60       ?homogeneous_divide@@YA?AUVec3@@UVec4@@@Z 0000000140048d60 f i win32_game.obj
 0001:00047e10       ?increment_tokenizer@@YAXPEAUTokenizer@@H@Z 0000000140048e10 f i win32_game.obj
 0001:00047e50       ?is_digit@@YAID@Z          0000000140048e50 f i win32_game.obj
 0001:00047e90       ?is_letter@@YAID@Z         0000000140048e90 f i win32_game.obj
 0001:00047ee0       ?is_line_end@@YAIPEAD@Z    0000000140048ee0 f i win32_game.obj
 0001:00047f30       ?is_whitespace@@YAID@Z     0000000140048f30 f i win32_game.obj
 0001:00047f80       ?make_vec2@@YA?AUVec2@@MM@Z 0000000140048f80 f i win32_game.obj
 0001:00047fb0       ?make_vec3@@YA?AUVec3@@MMM@Z 0000000140048fb0 f i win32_game.obj
 0001:00048030       ?make_vec3@@YA?AUVec3@@UVec2@@M@Z 0000000140049030 f i win32_game.obj
 0001:000480c0       ?make_vec3@@YA?AUVec3@@XZ  00000001400490c0 f i win32_game.obj
 0001:00048120       ?make_vec4@@YA?AUVec4@@MMMM@Z 0000000140049120 f i win32_game.obj
 0001:000481b0       ?make_vec4@@YA?AUVec4@@UVec3@@M@Z 00000001400491b0 f i win32_game.obj
 0001:00048240       ?normalize@@YA?AUVec3@@U1@@Z 0000000140049240 f i win32_game.obj
 0001:00048330       ?rads_to_degs@@YAMM@Z      0000000140049330 f i win32_game.obj
 0001:00048350       ?string_to_real32@@YAMPEADI@Z 0000000140049350 f i win32_game.obj
 0001:000484f0       ?string_to_uint32@@YAIPEADI@Z 00000001400494f0 f i win32_game.obj
 0001:00048570       ?truncate_v4_to_v3@@YA?AUVec3@@UVec4@@@Z 0000000140049570 f i win32_game.obj
 0001:000485f0       ?ui_has_hot@@YAIPEAUUI_Manager@@@Z 00000001400495f0 f i win32_game.obj
 0001:00048620       ?ui_id_equals@@YAIUUI_id@@0@Z 0000000140049620 f i win32_game.obj
 0001:00048660       __local_stdio_printf_options 0000000140049660 f i win32_game.obj
 0001:00048670       fabsf                      0000000140049670 f i win32_game.obj
 0001:00048690       snprintf                   0000000140049690 f i win32_game.obj
 0001:000486f0       vsnprintf                  00000001400496f0 f i win32_game.obj
 0001:00048770       __GSHandlerCheck           0000000140049770 f   LIBCMTD:gshandler.obj
 0001:000487b0       __GSHandlerCheckCommon     00000001400497b0 f   LIBCMTD:gshandler.obj
 0001:000488c0       __chkstk                   00000001400498c0 f   LIBCMTD:chkstk.obj
 0001:000488c0       _alloca_probe              00000001400498c0 f   LIBCMTD:chkstk.obj
 0001:00048920       __security_check_cookie    0000000140049920 f   LIBCMTD:amdsecgs.obj
 0001:00048bf0       ?configure_argv@__scrt_narrow_argv_policy@@SAHXZ 0000000140049bf0 f i LIBCMTD:exe_winmain.obj
 0001:00048c10       ?initialize_environment@__scrt_narrow_environment_policy@@SAHXZ 0000000140049c10 f i LIBCMTD:exe_winmain.obj
 0001:00048c60       ?set_app_type@__scrt_winmain_policy@@SAXXZ 0000000140049c60 f i LIBCMTD:exe_winmain.obj
 0001:00048c80       ?set_commode@__scrt_file_policy@@SAXXZ 0000000140049c80 f i LIBCMTD:exe_winmain.obj
 0001:00048ca0       ?set_fmode@__scrt_file_policy@@SAXXZ 0000000140049ca0 f i LIBCMTD:exe_winmain.obj
 0001:00048cc0       WinMainCRTStartup          0000000140049cc0 f   LIBCMTD:exe_winmain.obj
 0001:00048ce0       __raise_securityfailure    0000000140049ce0 f   LIBCMTD:gs_report.obj
 0001:00048d20       __report_gsfailure         0000000140049d20 f   LIBCMTD:gs_report.obj
 0001:00048e00       __report_rangecheckfailure 0000000140049e00 f   LIBCMTD:gs_report.obj
 0001:00048e20       __report_securityfailure   0000000140049e20 f   LIBCMTD:gs_report.obj
 0001:00049180       NtCurrentTeb               000000014004a180 f i LIBCMTD:utility.obj
 0001:00049190       __scrt_acquire_startup_lock 000000014004a190 f   LIBCMTD:utility.obj
 0001:00049200       __scrt_initialize_crt      000000014004a200 f   LIBCMTD:utility.obj
 0001:00049250       __scrt_initialize_onexit_tables 000000014004a250 f   LIBCMTD:utility.obj
 0001:00049360       __scrt_is_nonwritable_in_current_image 000000014004a360 f   LIBCMTD:utility.obj
 0001:000493f0       __scrt_release_startup_lock 000000014004a3f0 f   LIBCMTD:utility.obj
 0001:00049420       __scrt_uninitialize_crt    000000014004a420 f   LIBCMTD:utility.obj
 0001:00049460       _onexit                    000000014004a460 f   LIBCMTD:utility.obj
 0001:000494e0       atexit                     000000014004a4e0 f   LIBCMTD:utility.obj
 0001:000495e0       __security_init_cookie     000000014004a5e0 f   LIBCMTD:gs_support.obj
 0001:00049660       _matherr                   000000014004a660 f   LIBCMTD:matherr.obj
 0001:00049660       ?get_current_state_index@__crt_state_management@@YA_KAEBV__crt_scoped_get_last_error_reset@@@Z 000000014004a660 f   libucrtd:per_thread_data.obj
 0001:00049670       _get_startup_argv_mode     000000014004a670 f   LIBCMTD:argv_mode.obj
 0001:00049680       ?get_current_state_index@__crt_state_management@@YA_KXZ 000000014004a680 f   libucrtd:matherr.obj
 0001:00049680       _get_startup_commit_mode   000000014004a680 f   LIBCMTD:commit_mode.obj
 0001:00049680       __scrt_initialize_winrt    000000014004a680 f   LIBCMTD:utility_desktop.obj
 0001:00049680       _get_startup_new_mode      000000014004a680 f   LIBCMTD:new_mode.obj
 0001:00049680       ?get_invalid_value@__crt_hmodule_traits@@SAPEAUHINSTANCE__@@XZ 000000014004a680 f   libucrtd:exit.obj
 0001:00049680       _get_startup_thread_locale_mode 000000014004a680 f   LIBCMTD:thread_locale.obj
 0001:00049680       __scrt_exe_initialize_mta  000000014004a680 f   LIBCMTD:utility_desktop.obj
 0001:00049680       __scrt_stub_for_initialize_mta 000000014004a680 f   LIBCMTD:utility_desktop.obj
 0001:00049690       _get_startup_file_mode     000000014004a690 f   LIBCMTD:file_mode.obj
 0001:000496a0       ?__scrt_initialize_type_info@@YAXXZ 000000014004a6a0 f   LIBCMTD:tncleanup.obj
 0001:000496c0       _should_initialize_environment 000000014004a6c0 f   LIBCMTD:env_mode.obj
 0001:000496d0       _initialize_denormal_control 000000014004a6d0 f   LIBCMTD:denormal_control.obj
 0001:000496d0       _initialize_invalid_parameter_handler 000000014004a6d0 f   LIBCMTD:invalid_parameter_handler.obj
 0001:000496e0       __local_stdio_scanf_options 000000014004a6e0 f i LIBCMTD:default_local_stdio_options.obj
 0001:000496f0       __scrt_initialize_default_local_stdio_options 000000014004a6f0 f   LIBCMTD:default_local_stdio_options.obj
 0001:00049740       __scrt_is_user_matherr_present 000000014004a740 f   LIBCMTD:matherr_detection.obj
 0001:00049770       __scrt_get_dyn_tls_init_callback 000000014004a770 f   LIBCMTD:dyn_tls_init.obj
 0001:00049780       __scrt_get_dyn_tls_dtor_callback 000000014004a780 f   LIBCMTD:dyn_tls_dtor.obj
 0001:00049790       __crt_debugger_hook        000000014004a790 f   LIBCMTD:utility_desktop.obj
 0001:000497a0       __scrt_fastfail            000000014004a7a0 f   LIBCMTD:utility_desktop.obj
 0001:00049940       __scrt_get_show_window_mode 000000014004a940 f   LIBCMTD:utility_desktop.obj
 0001:000499a0       __scrt_initialize_mta      000000014004a9a0 f   LIBCMTD:utility_desktop.obj
 0001:000499b0       __scrt_is_managed_app      000000014004a9b0 f   LIBCMTD:utility_desktop.obj
 0001:00049a60       __scrt_set_unhandled_exception_filter 000000014004aa60 f   LIBCMTD:utility_desktop.obj
 0001:00049a80       __scrt_unhandled_exception_filter 000000014004aa80 f   LIBCMTD:utility_desktop.obj
 0001:00049b20       _RTC_Initialize            000000014004ab20 f   LIBCMTD:initsect.obj
 0001:00049b70       _RTC_Terminate             000000014004ab70 f   LIBCMTD:initsect.obj
 0001:00049bc0       ??1scoped_global_state_reset@__crt_state_management@@QEAA@XZ 000000014004abc0 f i libucrtd:onexit.obj
 0001:00049bc0       _guard_check_icall_nop     000000014004abc0 f i LIBCMTD:guard_support.obj
 0001:00049bc0       ??1?$__crt_simd_cleanup_guard@$0A@@@QEAA@XZ 000000014004abc0 f i libucrtd:strnlen.obj
 0001:00049bd0       ReadNoFence64              000000014004abd0 f i LIBCMTD:guard_support.obj
 0001:00049bf0       ReadPointerNoFence         000000014004abf0 f i LIBCMTD:guard_support.obj
 0001:00049c10       _guard_icall_checks_enforced 000000014004ac10 f i LIBCMTD:guard_support.obj
 0001:00049c50       __isa_available_init       000000014004ac50 f   LIBCMTD:cpu_disp.obj
 0001:00049ff0       __scrt_is_ucrt_dll_in_use  000000014004aff0 f   LIBCMTD:ucrt_detection.obj
 0001:0004a020       __C_specific_handler       000000014004b020 f   libvcruntimed:riscchandler.obj
 0001:0004a490       __vcrt_initialize          000000014004b490 f   libvcruntimed:initialization.obj
 0001:0004a4d0       __vcrt_uninitialize        000000014004b4d0 f   libvcruntimed:initialization.obj
 0001:0004a4f0       ??$?RPEAD@__crt_internal_free_policy@@QEBAXQEBQEAD@Z 000000014004b4f0 f i libucrtd:argv_parsing.obj
 0001:0004a4f0       ??$?RU__crt_lowio_handle_data@@@__crt_internal_free_policy@@QEBAXQEBU__crt_lowio_handle_data@@@Z 000000014004b4f0 f i libucrtd:osfinfo.obj
 0001:0004a4f0       ??$?RU__vcrt_ptd@@@__crt_internal_free_policy@@QEBAXQEBU__vcrt_ptd@@@Z 000000014004b4f0 f i libvcruntimed:per_thread_data.obj
 0001:0004a4f0       ??$?RU__acrt_ptd@@@__crt_internal_free_policy@@QEBAXQEBU__acrt_ptd@@@Z 000000014004b4f0 f i libucrtd:per_thread_data.obj
 0001:0004a4f0       ??$?RU__crt_multibyte_data@@@__crt_internal_free_policy@@QEBAXQEBU__crt_multibyte_data@@@Z 000000014004b4f0 f i libucrtd:wsetlocale.obj
 0001:0004a4f0       ??$?RD@__crt_internal_free_policy@@QEBAXQEBD@Z 000000014004b4f0 f i libvcruntimed:std_type_info.obj
 0001:0004a4f0       ??$?RP6AXXZ@__crt_internal_free_policy@@QEBAXQEBQ6AXXZ@Z 000000014004b4f0 f i libucrtd:onexit.obj
 0001:0004a4f0       ??$?RU__crt_stdio_stream_data@@@__crt_internal_free_policy@@QEBAXQEBU__crt_stdio_stream_data@@@Z 000000014004b4f0 f i libucrtd:stream.obj
 0001:0004a4f0       ??$?RE@__crt_internal_free_policy@@QEBAXQEBE@Z 000000014004b4f0 f i libucrtd:argv_parsing.obj
 0001:0004a4f0       ??$?RPEAU__crt_stdio_stream_data@@@__crt_internal_free_policy@@QEBAXQEBQEAU__crt_stdio_stream_data@@@Z 000000014004b4f0 f i libucrtd:_file.obj
 0001:0004a520       ??0?$string_output_adapter@D@__crt_stdio_output@@QEAA@QEAU?$string_output_adapter_context@D@1@@Z 000000014004b520 f i libucrtd:output.obj
 0001:0004a520       ??0?$__crt_unique_heap_ptr@DU__crt_public_free_policy@@@@QEAA@QEAD@Z 000000014004b520 f i libvcruntimed:std_exception.obj
 0001:0004a520       ??0?$__crt_unique_heap_ptr@DU__crt_internal_free_policy@@@@QEAA@QEAD@Z 000000014004b520 f i libvcruntimed:std_type_info.obj
 0001:0004a520       ??0?$string_output_adapter@_W@__crt_stdio_output@@QEAA@QEAU?$string_output_adapter_context@_W@1@@Z 000000014004b520 f i libucrtd:output.obj
 0001:0004a520       ??0?$__crt_unique_heap_ptr@U__crt_stdio_stream_data@@U__crt_internal_free_policy@@@@QEAA@QEAU__crt_stdio_stream_data@@@Z 000000014004b520 f i libucrtd:stream.obj
 0001:0004a520       ??0?$__crt_unique_handle_t@U__crt_hmodule_traits@@@@QEAA@QEAUHINSTANCE__@@@Z 000000014004b520 f i libucrtd:exit.obj
 0001:0004a520       ??0?$__crt_unique_heap_ptr@P6AXXZU__crt_internal_free_policy@@@@QEAA@QEAP6AXXZ@Z 000000014004b520 f i libucrtd:onexit.obj
 0001:0004a520       ??0?$__crt_unique_heap_ptr@EU__crt_internal_free_policy@@@@QEAA@QEAE@Z 000000014004b520 f i libucrtd:argv_parsing.obj
 0001:0004a520       ??0?$__crt_unique_heap_ptr@PEAU__crt_stdio_stream_data@@U__crt_internal_free_policy@@@@QEAA@QEAPEAU__crt_stdio_stream_data@@@Z 000000014004b520 f i libucrtd:_file.obj
 0001:0004a520       ??0?$__crt_scoped_stack_ptr_tag@_W@@QEAA@QEA_W@Z 000000014004b520 f i libucrtd:getstringtypea.obj
 0001:0004a520       ??0?$__crt_unique_heap_ptr@U__crt_multibyte_data@@U__crt_internal_free_policy@@@@QEAA@QEAU__crt_multibyte_data@@@Z 000000014004b520 f i libucrtd:wsetlocale.obj
 0001:0004a520       ??0?$__crt_unique_heap_ptr@U__acrt_ptd@@U__crt_internal_free_policy@@@@QEAA@QEAU__acrt_ptd@@@Z 000000014004b520 f i libucrtd:per_thread_data.obj
 0001:0004a520       ??0?$__crt_scoped_stack_ptr@_W@@QEAA@U?$__crt_scoped_stack_ptr_tag@_W@@@Z 000000014004b520 f i libucrtd:getstringtypea.obj
 0001:0004a520       ??0?$__crt_unique_heap_ptr@PEADU__crt_internal_free_policy@@@@QEAA@QEAPEAD@Z 000000014004b520 f i libucrtd:argv_parsing.obj
 0001:0004a520       ??0__crt_stdio_stream@@QEAA@QEAU_iobuf@@@Z 000000014004b520 f i libucrtd:fclose.obj
 0001:0004a520       ??0__crt_stdio_stream@@QEAA@QEAU__crt_stdio_stream_data@@@Z 000000014004b520 f i libucrtd:stream.obj
 0001:0004a520       ??0?$__crt_unique_handle_t@U__crt_findfile_traits@@@@QEAA@QEAX@Z 000000014004b520 f i libucrtd:argv_wildcards.obj
 0001:0004a520       ??0?$__crt_unique_heap_ptr@U__crt_lowio_handle_data@@U__crt_internal_free_policy@@@@QEAA@QEAU__crt_lowio_handle_data@@@Z 000000014004b520 f i libucrtd:osfinfo.obj
 0001:0004a520       ??0?$__crt_unique_heap_ptr@U__vcrt_ptd@@U__crt_internal_free_policy@@@@QEAA@QEAU__vcrt_ptd@@@Z 000000014004b520 f i libvcruntimed:per_thread_data.obj
 0001:0004a540       ??1?$__crt_unique_heap_ptr@U__acrt_ptd@@U__crt_internal_free_policy@@@@QEAA@XZ 000000014004b540 f i libucrtd:per_thread_data.obj
 0001:0004a540       ??1?$__crt_unique_heap_ptr@PEAU__crt_stdio_stream_data@@U__crt_internal_free_policy@@@@QEAA@XZ 000000014004b540 f i libucrtd:_file.obj
 0001:0004a540       ??1?$__crt_unique_heap_ptr@U__crt_lowio_handle_data@@U__crt_internal_free_policy@@@@QEAA@XZ 000000014004b540 f i libucrtd:osfinfo.obj
 0001:0004a540       ??1?$__crt_unique_heap_ptr@U__vcrt_ptd@@U__crt_internal_free_policy@@@@QEAA@XZ 000000014004b540 f i libvcruntimed:per_thread_data.obj
 0001:0004a540       ??1?$__crt_unique_heap_ptr@U__crt_stdio_stream_data@@U__crt_internal_free_policy@@@@QEAA@XZ 000000014004b540 f i libucrtd:stream.obj
 0001:0004a540       ??1?$__crt_unique_heap_ptr@EU__crt_internal_free_policy@@@@QEAA@XZ 000000014004b540 f i libucrtd:argv_parsing.obj
 0001:0004a540       ??1?$__crt_unique_heap_ptr@DU__crt_internal_free_policy@@@@QEAA@XZ 000000014004b540 f i libvcruntimed:std_type_info.obj
 0001:0004a540       ??1?$__crt_unique_heap_ptr@P6AXXZU__crt_internal_free_policy@@@@QEAA@XZ 000000014004b540 f i libucrtd:onexit.obj
 0001:0004a540       ??1?$__crt_unique_heap_ptr@PEADU__crt_internal_free_policy@@@@QEAA@XZ 000000014004b540 f i libucrtd:argv_parsing.obj
 0001:0004a540       ??1?$__crt_unique_heap_ptr@U__crt_multibyte_data@@U__crt_internal_free_policy@@@@QEAA@XZ 000000014004b540 f i libucrtd:wsetlocale.obj
 0001:0004a560       ??B?$__crt_unique_heap_ptr@U__vcrt_ptd@@U__crt_internal_free_policy@@@@QEBA_NXZ 000000014004b560 f i libvcruntimed:per_thread_data.obj
 0001:0004a560       ??B?$__crt_unique_heap_ptr@U__acrt_ptd@@U__crt_internal_free_policy@@@@QEBA_NXZ 000000014004b560 f i libucrtd:per_thread_data.obj
 0001:0004a560       ??B?$__crt_unique_heap_ptr@EU__crt_internal_free_policy@@@@QEBA_NXZ 000000014004b560 f i libucrtd:argv_parsing.obj
 0001:0004a560       ??B?$__crt_unique_heap_ptr@DU__crt_internal_free_policy@@@@QEBA_NXZ 000000014004b560 f i libvcruntimed:std_type_info.obj
 0001:0004a560       ??B?$__crt_unique_heap_ptr@U__crt_multibyte_data@@U__crt_internal_free_policy@@@@QEBA_NXZ 000000014004b560 f i libucrtd:wsetlocale.obj
 0001:0004a560       ??B?$__crt_unique_heap_ptr@U__crt_lowio_handle_data@@U__crt_internal_free_policy@@@@QEBA_NXZ 000000014004b560 f i libucrtd:osfinfo.obj
 0001:0004a560       ??B?$__crt_unique_heap_ptr@DU__crt_public_free_policy@@@@QEBA_NXZ 000000014004b560 f i libvcruntimed:std_exception.obj
 0001:0004a580       ?__crt_interlocked_read_64@@YA_JPED_J@Z 000000014004b580 f i libvcruntimed:std_type_info.obj
 0001:0004a5a0       ?get@?$__crt_unique_heap_ptr@DU__crt_internal_free_policy@@@@QEBAPEADXZ 000000014004b5a0 f i libvcruntimed:std_type_info.obj
 0001:0004a5a0       ?save_state@?$c_string_character_source@D@__crt_strtox@@QEBAPEBDXZ 000000014004b5a0 f i libucrtd:strtox.obj
 0001:0004a5a0       ??C__crt_stdio_stream@@QEBAPEAU__crt_stdio_stream_data@@XZ 000000014004b5a0 f i libucrtd:fclose.obj
 0001:0004a5a0       ?get@?$__crt_unique_heap_ptr@DU__crt_public_free_policy@@@@QEBAPEADXZ 000000014004b5a0 f i libvcruntimed:std_exception.obj
 0001:0004a5a0       ?get@?$__crt_unique_heap_ptr@EU__crt_internal_free_policy@@@@QEBAPEAEXZ 000000014004b5a0 f i libucrtd:argv_parsing.obj
 0001:0004a5a0       ?get@?$__crt_unique_handle_t@U__crt_findfile_traits@@@@QEBAPEAXXZ 000000014004b5a0 f i libucrtd:argv_wildcards.obj
 0001:0004a5a0       ?get@?$__crt_unique_handle_t@U__crt_hmodule_traits@@@@QEBAPEAUHINSTANCE__@@XZ 000000014004b5a0 f i libucrtd:exit.obj
 0001:0004a5a0       ?get@?$__crt_unique_heap_ptr@U__vcrt_ptd@@U__crt_internal_free_policy@@@@QEBAPEAU__vcrt_ptd@@XZ 000000014004b5a0 f i libvcruntimed:per_thread_data.obj
 0001:0004a5a0       ?get@?$__crt_unique_heap_ptr@U__crt_lowio_handle_data@@U__crt_internal_free_policy@@@@QEBAPEAU__crt_lowio_handle_data@@XZ 000000014004b5a0 f i libucrtd:osfinfo.obj
 0001:0004a5a0       ?get@?$__crt_unique_heap_ptr@U__crt_multibyte_data@@U__crt_internal_free_policy@@@@QEBAPEAU__crt_multibyte_data@@XZ 000000014004b5a0 f i libucrtd:wsetlocale.obj
 0001:0004a5a0       ?get@?$__crt_unique_heap_ptr@U__acrt_ptd@@U__crt_internal_free_policy@@@@QEBAPEAU__acrt_ptd@@XZ 000000014004b5a0 f i libucrtd:per_thread_data.obj
 0001:0004a5a0       ?get@?$__crt_unique_heap_ptr@PEADU__crt_internal_free_policy@@@@QEBAPEAPEADXZ 000000014004b5a0 f i libucrtd:argv_parsing.obj
 0001:0004a5a0       ?save_state@?$c_string_character_source@_W@__crt_strtox@@QEBAPEB_WXZ 000000014004b5a0 f i libucrtd:strtox.obj
 0001:0004a5a0       ?public_stream@__crt_stdio_stream@@QEBAPEAU_iobuf@@XZ 000000014004b5a0 f i libucrtd:fopen.obj
 0001:0004a5a0       ?get@?$__crt_scoped_stack_ptr@_W@@QEBAPEA_WXZ 000000014004b5a0 f i libucrtd:getstringtypea.obj
 0001:0004a5b0       ?valid@__crt_stdio_stream@@QEBA_NXZ 000000014004b5b0 f i libucrtd:fopen.obj
 0001:0004a5b0       ?is_valid@?$__crt_unique_heap_ptr@DU__crt_public_free_policy@@@@QEBA_NXZ 000000014004b5b0 f i libvcruntimed:std_exception.obj
 0001:0004a5b0       ?is_valid@?$__crt_unique_heap_ptr@DU__crt_internal_free_policy@@@@QEBA_NXZ 000000014004b5b0 f i libvcruntimed:std_type_info.obj
 0001:0004a5b0       ?is_valid@?$__crt_unique_heap_ptr@EU__crt_internal_free_policy@@@@QEBA_NXZ 000000014004b5b0 f i libucrtd:argv_parsing.obj
 0001:0004a5b0       ?is_valid@?$__crt_unique_heap_ptr@U__acrt_ptd@@U__crt_internal_free_policy@@@@QEBA_NXZ 000000014004b5b0 f i libucrtd:per_thread_data.obj
 0001:0004a5b0       ?is_valid@?$__crt_unique_heap_ptr@U__vcrt_ptd@@U__crt_internal_free_policy@@@@QEBA_NXZ 000000014004b5b0 f i libvcruntimed:per_thread_data.obj
 0001:0004a5b0       ?is_valid@?$__crt_unique_heap_ptr@U__crt_lowio_handle_data@@U__crt_internal_free_policy@@@@QEBA_NXZ 000000014004b5b0 f i libucrtd:osfinfo.obj
 0001:0004a5b0       ??B?$__crt_scoped_stack_ptr@_W@@QEBA_NXZ 000000014004b5b0 f i libucrtd:lcmapstringa.obj
 0001:0004a5b0       ?is_valid@?$__crt_unique_heap_ptr@U__crt_multibyte_data@@U__crt_internal_free_policy@@@@QEBA_NXZ 000000014004b5b0 f i libucrtd:wsetlocale.obj
 0001:0004a5e0       ?release@?$__crt_unique_heap_ptr@U__crt_lowio_handle_data@@U__crt_internal_free_policy@@@@QEAAXXZ 000000014004b5e0 f i libucrtd:osfinfo.obj
 0001:0004a5e0       ?release@?$__crt_unique_heap_ptr@U__acrt_ptd@@U__crt_internal_free_policy@@@@QEAAXXZ 000000014004b5e0 f i libucrtd:per_thread_data.obj
 0001:0004a5e0       ?release@?$__crt_unique_heap_ptr@PEADU__crt_internal_free_policy@@@@QEAAXXZ 000000014004b5e0 f i libucrtd:argv_parsing.obj
 0001:0004a5e0       ?release@?$__crt_unique_heap_ptr@U__vcrt_ptd@@U__crt_internal_free_policy@@@@QEAAXXZ 000000014004b5e0 f i libvcruntimed:per_thread_data.obj
 0001:0004a5e0       ?release@?$__crt_unique_heap_ptr@PEAU__crt_stdio_stream_data@@U__crt_internal_free_policy@@@@QEAAXXZ 000000014004b5e0 f i libucrtd:_file.obj
 0001:0004a5e0       ?release@?$__crt_unique_heap_ptr@U__crt_multibyte_data@@U__crt_internal_free_policy@@@@QEAAXXZ 000000014004b5e0 f i libucrtd:wsetlocale.obj
 0001:0004a5e0       ?release@?$__crt_unique_heap_ptr@EU__crt_internal_free_policy@@@@QEAAXXZ 000000014004b5e0 f i libucrtd:argv_parsing.obj
 0001:0004a5e0       ?release@?$__crt_unique_heap_ptr@DU__crt_internal_free_policy@@@@QEAAXXZ 000000014004b5e0 f i libvcruntimed:std_type_info.obj
 0001:0004a5e0       ?release@?$__crt_unique_heap_ptr@P6AXXZU__crt_internal_free_policy@@@@QEAAXXZ 000000014004b5e0 f i libucrtd:onexit.obj
 0001:0004a5e0       ?release@?$__crt_unique_heap_ptr@U__crt_stdio_stream_data@@U__crt_internal_free_policy@@@@QEAAXXZ 000000014004b5e0 f i libucrtd:stream.obj
 0001:0004a610       __std_type_info_compare    000000014004b610 f   libvcruntimed:std_type_info.obj
 0001:0004a650       __DestructExceptionObject  000000014004b650 f   libvcruntimed:ehhelpers.obj
 0001:0004a750       ?_CallMemberFunction0@@YAXQEAX0@Z 000000014004b750 f i libvcruntimed:ehhelpers.obj
 0001:0004a820       _IsExceptionObjectToBeDestroyed 000000014004b820 f   libvcruntimed:ehhelpers.obj
 0001:0004a870       __AdjustPointer            000000014004b870 f   libvcruntimed:ehhelpers.obj
 0001:0004a8f0       __FrameUnwindFilter        000000014004b8f0 f   libvcruntimed:ehhelpers.obj
 0001:0004a9a0       __current_exception        000000014004b9a0 f   libvcruntimed:ehhelpers.obj
 0001:0004a9c0       __current_exception_context 000000014004b9c0 f   libvcruntimed:ehhelpers.obj
 0001:0004a9f0       _NLG_Notify                000000014004b9f0 f   libvcruntimed:notify.obj
 0001:0004aa10       __NLG_Dispatch2            000000014004ba10 f   libvcruntimed:notify.obj
 0001:0004aa20       __NLG_Return2              000000014004ba20 f   libvcruntimed:notify.obj
 0001:0004aa30       __except_validate_context_record 000000014004ba30 f   libvcruntimed:jbcxrval.obj
 0001:0004aad0       ?detach@?$__crt_unique_heap_ptr@DU__crt_public_free_policy@@@@QEAAPEADXZ 000000014004bad0 f i libvcruntimed:std_exception.obj
 0001:0004aad0       ?detach@?$__crt_unique_heap_ptr@U__acrt_ptd@@U__crt_internal_free_policy@@@@QEAAPEAU__acrt_ptd@@XZ 000000014004bad0 f i libucrtd:per_thread_data.obj
 0001:0004aad0       ?detach@?$__crt_unique_heap_ptr@U__crt_stdio_stream_data@@U__crt_internal_free_policy@@@@QEAAPEAU__crt_stdio_stream_data@@XZ 000000014004bad0 f i libucrtd:stream.obj
 0001:0004aad0       ?detach@?$__crt_unique_heap_ptr@P6AXXZU__crt_internal_free_policy@@@@QEAAPEAP6AXXZXZ 000000014004bad0 f i libucrtd:onexit.obj
 0001:0004aad0       ?detach@?$__crt_unique_heap_ptr@U__vcrt_ptd@@U__crt_internal_free_policy@@@@QEAAPEAU__vcrt_ptd@@XZ 000000014004bad0 f i libvcruntimed:per_thread_data.obj
 0001:0004aad0       ?detach@?$__crt_unique_heap_ptr@U__crt_multibyte_data@@U__crt_internal_free_policy@@@@QEAAPEAU__crt_multibyte_data@@XZ 000000014004bad0 f i libucrtd:wsetlocale.obj
 0001:0004aad0       ?detach@?$__crt_unique_heap_ptr@PEAU__crt_stdio_stream_data@@U__crt_internal_free_policy@@@@QEAAPEAPEAU__crt_stdio_stream_data@@XZ 000000014004bad0 f i libucrtd:_file.obj
 0001:0004aad0       ?detach@?$__crt_unique_heap_ptr@EU__crt_internal_free_policy@@@@QEAAPEAEXZ 000000014004bad0 f i libucrtd:argv_parsing.obj
 0001:0004aad0       ?detach@?$__crt_unique_heap_ptr@U__crt_lowio_handle_data@@U__crt_internal_free_policy@@@@QEAAPEAU__crt_lowio_handle_data@@XZ 000000014004bad0 f i libucrtd:osfinfo.obj
 0001:0004aad0       ?detach@?$__crt_unique_heap_ptr@PEADU__crt_internal_free_policy@@@@QEAAPEAPEADXZ 000000014004bad0 f i libucrtd:argv_parsing.obj
 0001:0004ab40       __vcrt_freefls             000000014004bb40 f   libvcruntimed:per_thread_data.obj
 0001:0004ab80       __vcrt_getptd              000000014004bb80 f   libvcruntimed:per_thread_data.obj
 0001:0004abb0       __vcrt_getptd_noexit       000000014004bbb0 f   libvcruntimed:per_thread_data.obj
 0001:0004ad50       __vcrt_initialize_ptd      000000014004bd50 f   libvcruntimed:per_thread_data.obj
 0001:0004ada0       __vcrt_uninitialize_ptd    000000014004bda0 f   libvcruntimed:per_thread_data.obj
 0001:0004add0       __vcrt_initialize_locks    000000014004bdd0 f   libvcruntimed:locks.obj
 0001:0004ae40       __vcrt_uninitialize_locks  000000014004be40 f   libvcruntimed:locks.obj
 0001:0004aea0       _vsprintf_s_l              000000014004bea0 f i libvcruntimed:undname.obj
 0001:0004af10       sprintf_s                  000000014004bf10 f i libvcruntimed:undname.obj
 0001:0004af70       ??$__crt_interlocked_exchange_pointer@XPEAX@@YAPEAXPEDSEAXQEAX@Z 000000014004bf70 f i libvcruntimed:winapi_downlevel.obj
 0001:0004af70       ??$__crt_interlocked_exchange_pointer@UHINSTANCE__@@PEAU1@@@YAPEAUHINSTANCE__@@PEDSEAU0@QEAU0@@Z 000000014004bf70 f i libvcruntimed:winapi_downlevel.obj
 0001:0004af70       ??$__crt_interlocked_exchange_pointer@UHINSTANCE__@@PEAX@@YAPEAUHINSTANCE__@@PEDSEAU0@QEAX@Z 000000014004bf70 f i libvcruntimed:winapi_downlevel.obj
 0001:0004af90       ??$__crt_interlocked_read_pointer@X@@YAPEAXPEDSEAX@Z 000000014004bf90 f i libvcruntimed:winapi_downlevel.obj
 0001:0004af90       ??$__crt_interlocked_read_pointer@UHINSTANCE__@@@@YAPEAUHINSTANCE__@@PEDSEAU0@@Z 000000014004bf90 f i libvcruntimed:winapi_downlevel.obj
 0001:0004afb0       ?get_invalid_value@__crt_findfile_traits@@SAPEAXXZ 000000014004bfb0 f   libucrtd:argv_wildcards.obj
 0001:0004b4a0       __vcrt_FlsAlloc            000000014004c4a0 f   libvcruntimed:winapi_downlevel.obj
 0001:0004b4f0       __vcrt_FlsFree             000000014004c4f0 f   libvcruntimed:winapi_downlevel.obj
 0001:0004b540       __vcrt_FlsGetValue         000000014004c540 f   libvcruntimed:winapi_downlevel.obj
 0001:0004b590       __vcrt_FlsSetValue         000000014004c590 f   libvcruntimed:winapi_downlevel.obj
 0001:0004b5f0       __vcrt_InitializeCriticalSectionEx 000000014004c5f0 f   libvcruntimed:winapi_downlevel.obj
 0001:0004b670       memcpy_repmovs             000000014004c670 f   libvcruntimed:memcpy.obj
 0001:0004b690       memmove                    000000014004c690 f   libvcruntimed:memcpy.obj
 0001:0004b690       memcpy                     000000014004c690 f   libvcruntimed:memcpy.obj
 0001:0004bd10       ??$?0AEAViterator@TryBlockMap@__FrameHandler3@@AEAV012@$0A@@?$pair@Viterator@TryBlockMap@__FrameHandler3@@V123@@std@@QEAA@AEAViterator@TryBlockMap@__FrameHandler3@@0@Z 000000014004cd10 f i libvcruntimed:risctrnsctrl.obj
 0001:0004be20       ??$_CallSETranslator@V__FrameHandler3@@@@YAHPEAUEHExceptionRecord@@PEA_KPEAU_CONTEXT@@PEAU_xDISPATCHER_CONTEXT@@PEBU_s_FuncInfo@@K1H@Z 000000014004ce20 f i libvcruntimed:risctrnsctrl.obj
 0001:0004beb0       ?debug_info@?$__crt_win32_buffer@DU__crt_win32_buffer_no_resizing@@@@QEBAAEBV__crt_win32_buffer_empty_debug_info@@XZ 000000014004ceb0 f i libucrtd:getmodulefilenamea.obj
 0001:0004beb0       ?get_address_of@?$__crt_unique_handle_t@U__crt_hmodule_traits@@@@QEAAPEAPEAUHINSTANCE__@@XZ 000000014004ceb0 f i libucrtd:exit.obj
 0001:0004beb0       ?debug_info@?$__crt_win32_buffer@DU__crt_win32_buffer_internal_dynamic_resizing@@@@QEBAAEBV__crt_win32_buffer_empty_debug_info@@XZ 000000014004ceb0 f i libucrtd:argv_wildcards.obj
 0001:0004beb0       ?debug_info@?$__crt_win32_buffer@_WU__crt_win32_buffer_internal_dynamic_resizing@@@@QEBAAEBV__crt_win32_buffer_empty_debug_info@@XZ 000000014004ceb0 f i libucrtd:argv_wildcards.obj
 0001:0004beb0       ?dangerous_get_state_array@?$dual_state_global@H@__crt_state_management@@QEAAPEAHXZ 000000014004ceb0 f i libucrtd:txtmode.obj
 0001:0004beb0       ?get_address_of@?$__crt_unique_heap_ptr@PEADU__crt_internal_free_policy@@@@QEAAPEAPEAPEADXZ 000000014004ceb0 f i libucrtd:argv_parsing.obj
 0001:0004beb0       ?dangerous_get_state_array@?$dual_state_global@PEAE@__crt_state_management@@QEAAPEAPEAEXZ 000000014004ceb0 f i libucrtd:mbctype.obj
 0001:0004beb0       ??$forward@AEAViterator@TryBlockMap@__FrameHandler3@@@std@@YAAEAViterator@TryBlockMap@__FrameHandler3@@AEAV123@@Z 000000014004ceb0 f i libvcruntimed:risctrnsctrl.obj
 0001:0004beb0       ?dangerous_get_state_array@?$dual_state_global@P6AXPEB_W00I_K@Z@__crt_state_management@@QEAAPEAP6AXPEB_W00I_K@ZXZ 000000014004ceb0 f i libucrtd:invalid_parameter.obj
 0001:0004beb0       ?dangerous_get_state_array@?$dual_state_global@PEAU__crt_locale_data@@@__crt_state_management@@QEAAPEAPEAU__crt_locale_data@@XZ 000000014004ceb0 f i libucrtd:per_thread_data.obj
 0001:0004beb0       ?dangerous_get_state_array@?$dual_state_global@PEAU__crt_multibyte_data@@@__crt_state_management@@QEAAPEAPEAU__crt_multibyte_data@@XZ 000000014004ceb0 f i libucrtd:mbctype.obj
 0001:0004bec0       ??0iterator@HandlerMap@__FrameHandler3@@QEAA@AEAV12@I@Z 000000014004cec0 f i libvcruntimed:frame.obj
 0001:0004bec0       ??0iterator@TryBlockMap@__FrameHandler3@@QEAA@AEAV12@I@Z 000000014004cec0 f i libvcruntimed:risctrnsctrl.obj
 0001:0004bef0       ?CatchTryBlock@__FrameHandler3@@SAPEBU_s_TryBlockMapEntry@@PEBU_s_FuncInfo@@H@Z 000000014004cef0 f   libvcruntimed:risctrnsctrl.obj
 0001:0004bf80       ?ExecutionInCatch@__FrameHandler3@@SA_NPEAU_xDISPATCHER_CONTEXT@@PEBU_s_FuncInfo@@@Z 000000014004cf80 f   libvcruntimed:risctrnsctrl.obj
 0001:0004bfd0       ?FrameUnwindToEmptyState@__FrameHandler3@@SAXPEA_KPEAU_xDISPATCHER_CONTEXT@@PEBU_s_FuncInfo@@@Z 000000014004cfd0 f   libvcruntimed:risctrnsctrl.obj
 0001:0004c070       ?GetEstablisherFrame@__FrameHandler3@@SAPEA_KPEA_KPEAU_xDISPATCHER_CONTEXT@@PEBU_s_FuncInfo@@0@Z 000000014004d070 f   libvcruntimed:risctrnsctrl.obj
 0001:0004c1e0       ?GetRangeOfTrysToCheck@__FrameHandler3@@SA?AU?$pair@Viterator@TryBlockMap@__FrameHandler3@@V123@@std@@AEAVTryBlockMap@1@HPEAU_xDISPATCHER_CONTEXT@@PEBU_s_FuncInfo@@H@Z 000000014004d1e0 f   libvcruntimed:risctrnsctrl.obj
 0001:0004c420       ?UnwindNestedFrames@__FrameHandler3@@SAXPEA_KPEAUEHExceptionRecord@@PEAU_CONTEXT@@0PEAXPEBU_s_FuncInfo@@HHPEBU_s_HandlerType@@PEAU_xDISPATCHER_CONTEXT@@E@Z 000000014004d420 f   libvcruntimed:risctrnsctrl.obj
 0001:0004c590       _CreateFrameInfo           000000014004d590 f   libvcruntimed:risctrnsctrl.obj
 0001:0004c600       _FindAndUnlinkFrame        000000014004d600 f   libvcruntimed:risctrnsctrl.obj
 0001:0004c680       _GetImageBase              000000014004d680 f   libvcruntimed:risctrnsctrl.obj
 0001:0004c6a0       _GetThrowImageBase         000000014004d6a0 f   libvcruntimed:risctrnsctrl.obj
 0001:0004c6c0       _SetImageBase              000000014004d6c0 f   libvcruntimed:risctrnsctrl.obj
 0001:0004c6e0       _SetThrowImageBase         000000014004d6e0 f   libvcruntimed:risctrnsctrl.obj
 0001:0004c700       __CxxFrameHandler3         000000014004d700 f   libvcruntimed:risctrnsctrl.obj
 0001:0004c7e0       ?GetCurrentState@__FrameHandler3@@SAHPEA_KPEAU_xDISPATCHER_CONTEXT@@PEBU_s_FuncInfo@@@Z 000000014004d7e0 f   libvcruntimed:ehstate.obj
 0001:0004c840       ?GetUnwindTryBlock@__FrameHandler3@@SAHPEA_KPEAU_xDISPATCHER_CONTEXT@@PEBU_s_FuncInfo@@@Z 000000014004d840 f   libvcruntimed:ehstate.obj
 0001:0004c890       ?SetState@__FrameHandler3@@SAXPEA_KPEBU_s_FuncInfo@@H@Z 000000014004d890 f   libvcruntimed:ehstate.obj
 0001:0004c8c0       ?SetUnwindTryBlock@__FrameHandler3@@SAXPEA_KPEAU_xDISPATCHER_CONTEXT@@PEBU_s_FuncInfo@@H@Z 000000014004d8c0 f   libvcruntimed:ehstate.obj
 0001:0004c930       ?StateFromControlPc@__FrameHandler3@@SAHPEBU_s_FuncInfo@@PEAU_xDISPATCHER_CONTEXT@@@Z 000000014004d930 f   libvcruntimed:ehstate.obj
 0001:0004c970       ?StateFromIp@__FrameHandler3@@SAHPEBU_s_FuncInfo@@PEAU_xDISPATCHER_CONTEXT@@_K@Z 000000014004d970 f   libvcruntimed:ehstate.obj
 0001:0004ca60       ?__RVAtoRealOffset@@YA_KPEAU_xDISPATCHER_CONTEXT@@H@Z 000000014004da60 f i libvcruntimed:ehstate.obj
 0001:0004dc30       ??$TypeMatchHelper@V__FrameHandler3@@@@YAHPEBU_s_HandlerType@@PEBU_s_CatchableType@@PEBU_s_ThrowInfo@@@Z 000000014004ec30 f i libvcruntimed:frame.obj
 0001:0004de30       ??$__InternalCxxFrameHandler@V__FrameHandler3@@@@YA?AW4_EXCEPTION_DISPOSITION@@PEAUEHExceptionRecord@@PEA_KPEAU_CONTEXT@@PEAU_xDISPATCHER_CONTEXT@@PEBU_s_FuncInfo@@H1E@Z 000000014004ee30 f i libvcruntimed:frame.obj
 0001:0004e2a0       ??0HandlerMap@__FrameHandler3@@QEAA@PEBU_s_TryBlockMapEntry@@_KI@Z 000000014004f2a0 f i libvcruntimed:frame.obj
 0001:0004e2f0       ??0TryBlockMap@__FrameHandler3@@QEAA@PEBU_s_FuncInfo@@_K@Z 000000014004f2f0 f i libvcruntimed:frame.obj
 0001:0004e320       ??0bad_exception@std@@QEAA@AEBV01@@Z 000000014004f320 f i libvcruntimed:frame.obj
 0001:0004e360       ??0bad_exception@std@@QEAA@XZ 000000014004f360 f i libvcruntimed:frame.obj
 0001:0004e3a0       ??0exception@std@@QEAA@AEBV01@@Z 000000014004f3a0 f i libvcruntimed:frame.obj
 0001:0004e400       ??0exception@std@@QEAA@QEBDH@Z 000000014004f400 f i libvcruntimed:frame.obj
 0001:0004e450       ??1bad_exception@std@@UEAA@XZ 000000014004f450 f i libvcruntimed:frame.obj
 0001:0004e470       ??1exception@std@@UEAA@XZ  000000014004f470 f i libvcruntimed:frame.obj
 0001:0004e4a0       ??8iterator@HandlerMap@__FrameHandler3@@QEBA_NAEBV012@@Z 000000014004f4a0 f i libvcruntimed:frame.obj
 0001:0004e4e0       ??8type_info@@QEBA_NAEBV0@@Z 000000014004f4e0 f i libvcruntimed:frame.obj
 0001:0004e530       ??9iterator@HandlerMap@__FrameHandler3@@QEBA_NAEBV012@@Z 000000014004f530 f i libvcruntimed:frame.obj
 0001:0004e570       ??Diterator@HandlerMap@__FrameHandler3@@QEAA?BU_s_HandlerType@@XZ 000000014004f570 f i libvcruntimed:frame.obj
 0001:0004e5b0       ??Diterator@TryBlockMap@__FrameHandler3@@QEAA?BU_s_TryBlockMapEntry@@XZ 000000014004f5b0 f i libvcruntimed:frame.obj
 0001:0004e600       ??Eiterator@TryBlockMap@__FrameHandler3@@QEAAAEAV012@XZ 000000014004f600 f i libvcruntimed:frame.obj
 0001:0004e600       ??Eiterator@HandlerMap@__FrameHandler3@@QEAAAEAV012@XZ 000000014004f600 f i libvcruntimed:frame.obj
 0001:0004e620       ??Miterator@TryBlockMap@__FrameHandler3@@QEBA_NAEBV012@@Z 000000014004f620 f i libvcruntimed:frame.obj
 0001:0004e660       ??_Gbad_exception@std@@UEAAPEAXI@Z 000000014004f660 f i libvcruntimed:frame.obj
 0001:0004e660       ??_Ebad_exception@std@@UEAAPEAXI@Z 000000014004f660 f i libvcruntimed:frame.obj
 0001:0004e6a0       ??_Eexception@std@@UEAAPEAXI@Z 000000014004f6a0 f i libvcruntimed:frame.obj
 0001:0004e6a0       ??_Gexception@std@@UEAAPEAXI@Z 000000014004f6a0 f i libvcruntimed:frame.obj
 0001:0004e6e0       ?BuildCatchObject@__FrameHandler3@@SAXPEAUEHExceptionRecord@@PEAXPEBU_s_HandlerType@@PEBU_s_CatchableType@@@Z 000000014004f6e0 f   libvcruntimed:frame.obj
 0001:0004e720       ?CxxCallCatchBlock@__FrameHandler3@@SAPEAXPEAU_EXCEPTION_RECORD@@@Z 000000014004f720 f   libvcruntimed:frame.obj
 0001:0004ea80       ?FrameUnwindToState@__FrameHandler3@@SAXPEA_KPEAU_xDISPATCHER_CONTEXT@@PEBU_s_FuncInfo@@H@Z 000000014004fa80 f   libvcruntimed:frame.obj
 0001:0004ecd0       ?GetHandlerSearchState@__FrameHandler3@@SAHPEA_KPEAU_xDISPATCHER_CONTEXT@@PEBU_s_FuncInfo@@@Z 000000014004fcd0 f i libvcruntimed:frame.obj
 0001:0004ed80       ?GetMaxState@__FrameHandler3@@SAHPEAU_xDISPATCHER_CONTEXT@@PEBU_s_FuncInfo@@@Z 000000014004fd80 f i libvcruntimed:frame.obj
 0001:0004ef80       __TypeMatch                000000014004ff80 f   libvcruntimed:frame.obj
 0001:0004ef80       ?TypeMatch@__FrameHandler3@@SAHPEBU_s_HandlerType@@PEBU_s_CatchableType@@PEBU_s_ThrowInfo@@@Z 000000014004ff80 f   libvcruntimed:frame.obj
 0001:0004efb0       ?_CallMemberFunction1@@YAXQEAX00@Z 000000014004ffb0 f i libvcruntimed:frame.obj
 0001:0004eff0       ?_CallMemberFunction2@@YAXQEAX00H@Z 000000014004fff0 f i libvcruntimed:frame.obj
 0001:0004f080       ?begin@HandlerMap@__FrameHandler3@@QEAA?AViterator@12@XZ 0000000140050080 f i libvcruntimed:frame.obj
 0001:0004f0b0       ?end@HandlerMap@__FrameHandler3@@QEAA?AViterator@12@XZ 00000001400500b0 f i libvcruntimed:frame.obj
 0001:0004f0e0       ?getESTypes@__FrameHandler3@@SAPEBU_s_ESTypeList@@PEBU_s_FuncInfo@@@Z 00000001400500e0 f i libvcruntimed:frame.obj
 0001:0004f120       ?getLastEntry@HandlerMap@__FrameHandler3@@QEAAPEBU_s_HandlerType@@XZ 0000000140050120 f i libvcruntimed:frame.obj
 0001:0004f140       ?getMagicNum@__FrameHandler3@@SAIPEBU_s_FuncInfo@@@Z 0000000140050140 f i libvcruntimed:frame.obj
 0001:0004f160       ?getNumTryBlocks@TryBlockMap@__FrameHandler3@@QEAAIXZ 0000000140050160 f i libvcruntimed:frame.obj
 0001:0004f180       ?isEHs@__FrameHandler3@@SA_NPEBU_s_FuncInfo@@@Z 0000000140050180 f i libvcruntimed:frame.obj
 0001:0004f1c0       ?isNoExcept@__FrameHandler3@@SA_NPEBU_s_FuncInfo@@@Z 00000001400501c0 f i libvcruntimed:frame.obj
 0001:0004f200       ?what@exception@std@@UEBAPEBDXZ 0000000140050200 f i libvcruntimed:frame.obj
 0001:0004f240       __vcrt_EncodePointer       0000000140050240 f i libvcruntimed:frame.obj
 0001:0004f270       memset_repmovs             0000000140050270 f   libvcruntimed:memset.obj
 0001:0004f290       memset                     0000000140050290 f   libvcruntimed:memset.obj
 0001:0004f430       _CallSettingFrame          0000000140050430 f   libvcruntimed:handlers.obj
 0001:0004f480       _CallSettingFrame_LookupContinuationIndex 0000000140050480 f   libvcruntimed:handlers.obj
 0001:0004f4b0       _CallSettingFrame_NotifyContinuationAddr 00000001400504b0 f   libvcruntimed:handlers.obj
 0001:0004f4e0       _CallSettingFrameEncoded   00000001400504e0 f   libvcruntimed:handlers.obj
 0001:0004f530       ??$?RD@__crt_public_free_policy@@QEBAXQEBD@Z 0000000140050530 f i libvcruntimed:std_exception.obj
 0001:0004f550       ??1?$__crt_unique_heap_ptr@DU__crt_public_free_policy@@@@QEAA@XZ 0000000140050550 f i libvcruntimed:std_exception.obj
 0001:0004f570       ?release@?$__crt_unique_heap_ptr@DU__crt_public_free_policy@@@@QEAAXXZ 0000000140050570 f i libvcruntimed:std_exception.obj
 0001:0004f5a0       __std_exception_copy       00000001400505a0 f   libvcruntimed:std_exception.obj
 0001:0004f6e0       __std_exception_destroy    00000001400506e0 f   libvcruntimed:std_exception.obj
 0001:0004f720       _CxxThrowException         0000000140050720 f   libvcruntimed:throw.obj
 0001:0004f860       strncmp                    0000000140050860 f   libucrtd:strncmp.obj
 0001:0004f8e0       free                       00000001400508e0 f   libucrtd:free.obj
 0001:0004f910       malloc                     0000000140050910 f   libucrtd:malloc.obj
 0001:0004f940       realloc                    0000000140050940 f   libucrtd:realloc.obj
 0001:0004f980       ??$is_overflow_condition@K@__crt_strtox@@YA_NIK@Z 0000000140050980 f i libucrtd:strtox.obj
 0001:0004f9f0       ??$make_c_string_character_source@_WPEAPEA_W@__crt_strtox@@YA?AV?$c_string_character_source@_W@0@QEB_WQEAPEA_W@Z 00000001400509f0 f i libucrtd:strtox.obj
 0001:0004f9f0       ??$make_c_string_character_source@DPEAPEAD@__crt_strtox@@YA?AV?$c_string_character_source@D@0@QEBDQEAPEAD@Z 00000001400509f0 f i libucrtd:strtox.obj
 0001:0004fa30       ??$parse_integer@KV?$c_string_character_source@D@__crt_strtox@@@__crt_strtox@@YAKQEAU__crt_locale_pointers@@V?$c_string_character_source@D@0@H_N@Z 0000000140050a30 f i libucrtd:strtox.obj
 0001:0004fec0       ??$parse_integer@KV?$c_string_character_source@_W@__crt_strtox@@@__crt_strtox@@YAKQEAU__crt_locale_pointers@@V?$c_string_character_source@_W@0@H_N@Z 0000000140050ec0 f i libucrtd:strtox.obj
 0001:00050370       ??$parse_integer_from_string@JDPEAPEAD@__crt_strtox@@YAJQEBDQEAPEADHQEAU__crt_locale_pointers@@@Z 0000000140051370 f i libucrtd:strtox.obj
 0001:000503c0       ??$parse_integer_from_string@J_WPEAPEA_W@__crt_strtox@@YAJQEB_WQEAPEA_WHQEAU__crt_locale_pointers@@@Z 00000001400513c0 f i libucrtd:strtox.obj
 0001:00050410       ??0?$c_string_character_source@D@__crt_strtox@@QEAA@QEBDQEAPEBD@Z 0000000140051410 f i libucrtd:strtox.obj
 0001:00050410       ??0?$c_string_character_source@_W@__crt_strtox@@QEAA@QEB_WQEAPEB_W@Z 0000000140051410 f i libucrtd:strtox.obj
 0001:00050460       ??0_LocaleUpdate@@QEAA@QEAU__crt_locale_pointers@@@Z 0000000140051460 f i libucrtd:strtox.obj
 0001:00050580       ??1?$c_string_character_source@D@__crt_strtox@@QEAA@XZ 0000000140051580 f i libucrtd:strtox.obj
 0001:00050580       ??1?$c_string_character_source@_W@__crt_strtox@@QEAA@XZ 0000000140051580 f i libucrtd:strtox.obj
 0001:000505b0       ??1_LocaleUpdate@@QEAA@XZ  00000001400515b0 f i libucrtd:strtox.obj
 0001:000505e0       ?GetLocaleT@_LocaleUpdate@@QEAAPEAU__crt_locale_pointers@@XZ 00000001400515e0 f i libucrtd:strtox.obj
 0001:000505f0       ?get@?$c_string_character_source@D@__crt_strtox@@QEAADXZ 00000001400515f0 f i libucrtd:strtox.obj
 0001:00050630       ?get@?$c_string_character_source@_W@__crt_strtox@@QEAA_WXZ 0000000140051630 f i libucrtd:strtox.obj
 0001:00050670       ?is_space@__crt_strtox@@YA_NDQEAU__crt_locale_pointers@@@Z 0000000140051670 f i libucrtd:strtox.obj
 0001:000506c0       ?is_space@__crt_strtox@@YA_N_WPEAU__crt_locale_pointers@@@Z 00000001400516c0 f i libucrtd:strtox.obj
 0001:00050700       ?maximum_signed_value@__crt_strtox@@YAJK@Z 0000000140051700 f i libucrtd:strtox.obj
 0001:00050710       ?minimum_signed_value@__crt_strtox@@YAJK@Z 0000000140051710 f i libucrtd:strtox.obj
 0001:00050720       ?parse_digit@__crt_strtox@@YAID@Z 0000000140051720 f i libucrtd:strtox.obj
 0001:00050790       ?parse_digit@__crt_strtox@@YAI_W@Z 0000000140051790 f i libucrtd:strtox.obj
 0001:000507e0       ?restore_state@?$c_string_character_source@_W@__crt_strtox@@QEAA_NQEB_W@Z 00000001400517e0 f i libucrtd:strtox.obj
 0001:000507e0       ?restore_state@?$c_string_character_source@D@__crt_strtox@@QEAA_NQEBD@Z 00000001400517e0 f i libucrtd:strtox.obj
 0001:00050800       ?unget@?$c_string_character_source@D@__crt_strtox@@QEAAXD@Z 0000000140051800 f i libucrtd:strtox.obj
 0001:000508e0       ?unget@?$c_string_character_source@_W@__crt_strtox@@QEAAX_W@Z 00000001400518e0 f i libucrtd:strtox.obj
 0001:000509c0       ?validate@?$c_string_character_source@D@__crt_strtox@@QEBA_NXZ 00000001400519c0 f i libucrtd:strtox.obj
 0001:00050a80       ?validate@?$c_string_character_source@_W@__crt_strtox@@QEBA_NXZ 0000000140051a80 f i libucrtd:strtox.obj
 0001:00050b40       ?wide_character_to_digit@__crt_strtox@@YAH_W@Z 0000000140051b40 f i libucrtd:strtox.obj
 0001:00050eb0       __acrt_disable_global_locale_sync 0000000140051eb0 f i libucrtd:strtox.obj
 0001:00050ee0       __acrt_enable_global_locale_sync 0000000140051ee0 f i libucrtd:strtox.obj
 0001:00050f10       __acrt_get_locale_data_prefix 0000000140051f10 f i libucrtd:strtox.obj
 0001:00050f30       __acrt_locale_changed      0000000140051f30 f i libucrtd:strtox.obj
 0001:00050f60       __ascii_iswalpha           0000000140051f60 f i libucrtd:strtox.obj
 0001:00050fa0       __ascii_toupper            0000000140051fa0 f i libucrtd:strtox.obj
 0001:00050fc0       __ascii_towupper           0000000140051fc0 f i libucrtd:strtox.obj
 0001:00050fe0       _chvalidchk_l              0000000140051fe0 f i libucrtd:strtox.obj
 0001:00051010       _ischartype_l              0000000140052010 f i libucrtd:strtox.obj
 0001:000510a0       strtol                     00000001400520a0 f   libucrtd:strtox.obj
 0001:000510d0       wcstol                     00000001400520d0 f   libucrtd:strtox.obj
 0001:000514a0       ??$open_file@AEBQEBDAEBQEBDAEBHPEAU_iobuf@@@?$__crt_char_traits@D@@SAPEAU_iobuf@@AEBQEBD0AEBH$$QEAPEAU1@@Z 00000001400524a0 f i libucrtd:fopen.obj
 0001:000514f0       ?unlock@__crt_stdio_stream@@QEBAXXZ 00000001400524f0 f i libucrtd:fopen.obj
 0001:00051510       fopen_s                    0000000140052510 f   libucrtd:fopen.obj
 0001:00051540       ??$__crt_interlocked_read@H@@YAHPEDH@Z 0000000140052540 f i libucrtd:setmode.obj
 0001:00051540       ??$__crt_interlocked_read@J@@YAJPEDJ@Z 0000000140052540 f i libucrtd:fclose.obj
 0001:00051560       ?__crt_interlocked_read_32@@YAHPEDH@Z 0000000140052560 f i libucrtd:fclose.obj
 0001:00051580       ?get_flags@__crt_stdio_stream@@QEBAJXZ 0000000140052580 f i libucrtd:fclose.obj
 0001:000515b0       ?is_in_use@__crt_stdio_stream@@QEBA_NXZ 00000001400525b0 f i libucrtd:fclose.obj
 0001:000515f0       ?is_string_backed@__crt_stdio_stream@@QEBA_NXZ 00000001400525f0 f i libucrtd:fclose.obj
 0001:00051630       _fclose_nolock             0000000140052630 f   libucrtd:fclose.obj
 0001:000517c0       fclose                     00000001400527c0 f   libucrtd:fclose.obj
 0001:00051900       ?eof@__crt_stdio_stream@@QEBA_NXZ 0000000140052900 f i libucrtd:feoferr.obj
 0001:00051920       ?error@__crt_stdio_stream@@QEBA_NXZ 0000000140052920 f i libucrtd:feoferr.obj
 0001:00051940       ?has_any_of@__crt_stdio_stream@@QEBA_NJ@Z 0000000140052940 f i libucrtd:feoferr.obj
 0001:00051980       feof                       0000000140052980 f   libucrtd:feoferr.obj
 0001:00051a50       ferror                     0000000140052a50 f   libucrtd:feoferr.obj
 0001:00051b20       _fgetc_nolock              0000000140052b20 f   libucrtd:fgetc.obj
 0001:00051c80       fgetc                      0000000140052c80 f   libucrtd:fgetc.obj
 0001:00051f40       ?__acrt_stdio_reset_buffer@@YAXV__crt_stdio_stream@@@Z 0000000140052f40 f i libucrtd:fread.obj
 0001:00051f90       ?has_any_buffer@__crt_stdio_stream@@QEBA_NXZ 0000000140052f90 f i libucrtd:fread.obj
 0001:00051fb0       ?set_flags@__crt_stdio_stream@@QEBA_NJ@Z 0000000140052fb0 f i libucrtd:fread.obj
 0001:00052020       _fread_nolock_s            0000000140053020 f   libucrtd:fread.obj
 0001:000529d0       fread                      00000001400539d0 f   libucrtd:fread.obj
 0001:00052a20       fread_s                    0000000140053a20 f   libucrtd:fread.obj
 0001:00052cb0       ?LongLongSub@@YAJ_J0PEA_J@Z 0000000140053cb0 f i libucrtd:fseek.obj
 0001:000532e0       ?has_all_of@__crt_stdio_stream@@QEBA_NJ@Z 00000001400542e0 f i libucrtd:fseek.obj
 0001:00053320       ?lowio_handle@__crt_stdio_stream@@QEBAHXZ 0000000140054320 f i libucrtd:fseek.obj
 0001:00053350       ?unset_flags@__crt_stdio_stream@@QEBA_NJ@Z 0000000140054350 f i libucrtd:fseek.obj
[...]
 0002:00025a28       $unwind$??1?$__crt_win32_buffer@_WU__crt_win32_buffer_internal_dynamic_resizing@@@@QEAA@XZ 00000001400c1a28     libucrtd:argv_wildcards.obj
 0002:00025a38       $ip2state$??1?$__crt_win32_buffer@DU__crt_win32_buffer_internal_dynamic_resizing@@@@QEAA@XZ 00000001400c1a38     libucrtd:argv_wildcards.obj
 0002:00025a38       $ip2state$??1?$__crt_win32_buffer@_WU__crt_win32_buffer_internal_dynamic_resizing@@@@QEAA@XZ 00000001400c1a38     libucrtd:argv_wildcards.obj
 0002:00025a40       $unwind$??$common_expand_argv_wildcards@D@@YAHQEAPEADQEAPEAPEAD@Z 00000001400c1a40     libucrtd:argv_wildcards.obj
 0002:00025a48       $unwind$??$expand_argument_wildcards@D@@YAHQEAD0AEAV?$argument_list@D@?A0x5f5c8891@@@Z 00000001400c1a48     libucrtd:argv_wildcards.obj
 0002:00025a5c       $unwind$_setmbcp_nolock    00000001400c1a5c     libucrtd:mbctype.obj
 0002:00025a6c       $unwind$?getSystemCP@@YAHH@Z 00000001400c1a6c     libucrtd:mbctype.obj
 0002:00025a74       $unwind$?update_thread_multibyte_data_internal@@YAPEAU__crt_multibyte_data@@QEAU__acrt_ptd@@QEAPEAU1@@Z 00000001400c1a74     libucrtd:mbctype.obj
 0002:00025a94       $unwind$?setmbcp_internal@@YAHH_NQEAU__acrt_ptd@@QEAPEAU__crt_multibyte_data@@@Z 00000001400c1a94     libucrtd:mbctype.obj
 0002:00025aa0       $unwind$?setSBUpLow@@YAXPEAU__crt_multibyte_data@@@Z 00000001400c1aa0     libucrtd:mbctype.obj
 0002:00025ab0       $unwind$??$?RV<lambda_efa02eb69bf647d2f7ff0dd6f1103f72>@@AEAV<lambda_bd5a608237428601b7e45fbdc72b1ae8>@@V<lambda_728235dc0fc2b1f82d1fa5b3e7102d8f>@@@?$__crt_seh_guarded_call@X@@QEAAX$$QEAV<lambda_efa02eb69bf647d2f7ff0dd6f1103f72>@@AEAV<lambda_bd5a608237428601b7e45fbdc72b1ae8>@@$$QEAV<lambda_728235dc0fc2b1f82d1fa5b3e7102d8f>@@@Z 00000001400c1ab0     libucrtd:mbctype.obj
 0002:00025ad0       $unwind$?x_ismbbtype_l@@YAHPEAU__crt_locale_pointers@@IHH@Z 00000001400c1ad0     libucrtd:ismbbyte.obj
 0002:00025ae0       $unwind$__acrt_MultiByteToWideChar 00000001400c1ae0     libucrtd:multibytetowidechar.obj
 0002:00025ae8       $unwind$__acrt_WideCharToMultiByte 00000001400c1ae8     libucrtd:widechartomultibyte.obj
 0002:00025af0       $unwind$__dcrt_get_narrow_environment_from_os 00000001400c1af0     libucrtd:get_environment_from_os.obj
 0002:00025b08       $unwind$_alloc_osfhnd      00000001400c1b08     libucrtd:osfinfo.obj
 0002:00025b28       $unwind$__acrt_lowio_create_handle_array 00000001400c1b28     libucrtd:osfinfo.obj
 0002:00025b30       $unwind$__acrt_lowio_ensure_fh_exists 00000001400c1b30     libucrtd:osfinfo.obj
 0002:00025b50       $unwind$__acrt_GetStringTypeA 00000001400c1b50     libucrtd:getstringtypea.obj
 0002:00025b58       $unwind$__acrt_update_thread_locale_data 00000001400c1b58     libucrtd:locale_refcounting.obj
 0002:00025b78       $unwind$__acrt_is_interactive 00000001400c1b78     libucrtd:winapi_thunks.obj
 0002:00025b88       $unwind$_query_new_handler 00000001400c1b88     libucrtd:new_handler.obj
 0002:00025ba8       $unwind$_VCrtDbgReportA    00000001400c1ba8     libucrtd:dbgrptt.obj
 0002:00025be0       $unwind$_VCrtDbgReportW    00000001400c1be0     libucrtd:dbgrptt.obj
 0002:00025c18       $unwind$_fcloseall         00000001400c1c18     libucrtd:closeall.obj
 0002:00025c38       $unwind$_wsopen_nolock     00000001400c1c38     libucrtd:open.obj
 0002:00025c4c       $unwind$??$common_sopen_dispatch@D@@YAHQEBDHHHQEAHH@Z 00000001400c1c4c     libucrtd:open.obj
 0002:00025c6c       $unwind$?decode_sharing_flags@@YAKHH@Z 00000001400c1c6c     libucrtd:open.obj
 0002:00025c74       $unwind$?decode_options@@YA?AUfile_options@?A0xa9d50aae@@HHH@Z 00000001400c1c74     libucrtd:open.obj
 0002:00025c88       $unwind$__acrt_fltout      00000001400c1c88     libucrtd:cfout.obj
 0002:00025c88       $unwind$?configure_text_mode@@YAHHUfile_options@?A0xa9d50aae@@HAEAW4__crt_lowio_text_mode@@@Z 00000001400c1c88     libucrtd:open.obj
 0002:00025c90       $unwind$??$?RV<lambda_4e3dbe6921bc0b5a1a6bc6573fdc859e>@@AEAV<lambda_5533cddd4bda0037814beee657757329>@@V<lambda_47cffbaa968af5c721c38a4a6f8da44d>@@@?$__crt_seh_guarded_call@H@@QEAAH$$QEAV<lambda_4e3dbe6921bc0b5a1a6bc6573fdc859e>@@AEAV<lambda_5533cddd4bda0037814beee657757329>@@$$QEAV<lambda_47cffbaa968af5c721c38a4a6f8da44d>@@@Z 00000001400c1c90     libucrtd:commit.obj
 0002:00025cb0       $unwind$_write             00000001400c1cb0     libucrtd:write.obj
 0002:00025cd0       $unwind$_write_nolock      00000001400c1cd0     libucrtd:write.obj
 0002:00025ce4       $unwind$?write_double_translated_ansi_nolock@@YA?AUwrite_result@?A0x17268360@@HQEBDI@Z 00000001400c1ce4     libucrtd:write.obj
 0002:00025cf8       $unwind$?write_double_translated_unicode_nolock@@YA?AUwrite_result@?A0x17268360@@QEBDI@Z 00000001400c1cf8     libucrtd:write.obj
 0002:00025d0c       $unwind$?write_text_ansi_nolock@@YA?AUwrite_result@?A0x17268360@@HQEBDI@Z 00000001400c1d0c     libucrtd:write.obj
 0002:00025d0c       $unwind$?write_text_utf16le_nolock@@YA?AUwrite_result@?A0x17268360@@HQEBDI@Z 00000001400c1d0c     libucrtd:write.obj
 0002:00025d20       $unwind$?write_text_utf8_nolock@@YA?AUwrite_result@?A0x17268360@@HQEBDI@Z 00000001400c1d20     libucrtd:write.obj
 0002:00025d34       $unwind$?write_binary_nolock@@YA?AUwrite_result@?A0x17268360@@HQEBDI@Z 00000001400c1d34     libucrtd:write.obj
 0002:00025d48       $unwind$_isleadbyte_l      00000001400c1d48     libucrtd:_wctype.obj
 0002:00025d48       $unwind$??$common_flush_and_write_nolock@D@@YAHHV__crt_stdio_stream@@@Z 00000001400c1d48     libucrtd:_flsbuf.obj
 0002:00025d48       $unwind$??$common_flush_and_write_nolock@_W@@YAHHV__crt_stdio_stream@@@Z 00000001400c1d48     libucrtd:_flsbuf.obj
 0002:00025d50       $unwind$?__mbsrtowcs_utf8@__crt_mbstring@@YA_KPEA_WPEAPEBD_KPEAU_Mbstatet@@@Z 00000001400c1d50     libucrtd:mbrtowc.obj
 0002:00025d58       $unwind$?__c32rtomb_utf8@__crt_mbstring@@YA_KPEAD_UPEAU_Mbstatet@@@Z 00000001400c1d58     libucrtd:c32rtomb.obj
 0002:00025d60       $unwind$?reset_and_return@__crt_mbstring@@YA_K_KPEAU_Mbstatet@@@Z 00000001400c1d60     libucrtd:c32rtomb.obj
 0002:00025d68       $unwind$?make_big_integer@__crt_strtox@@YA?AUbig_integer@1@_K@Z 00000001400c1d68     libucrtd:cfout.obj
 0002:00025d78       $unwind$?make_big_integer_power_of_two@__crt_strtox@@YA?AUbig_integer@1@I@Z 00000001400c1d78     libucrtd:cfout.obj
 0002:00025d88       $unwind$?shift_left@__crt_strtox@@YA_NAEAUbig_integer@1@I@Z 00000001400c1d88     libucrtd:cfout.obj
 0002:00025d98       $unwind$?add_multiply_carry@__crt_strtox@@YAIAEAIIII@Z 00000001400c1d98     libucrtd:cfout.obj
 0002:00025da0       $unwind$?multiply@__crt_strtox@@YA_NAEAUbig_integer@1@I@Z 00000001400c1da0     libucrtd:cfout.obj
 0002:00025db0       $unwind$?multiply@__crt_strtox@@YA_NAEAUbig_integer@1@AEBU21@@Z 00000001400c1db0     libucrtd:cfout.obj
 0002:00025dc0       $unwind$?multiply_by_power_of_ten@__crt_strtox@@YA_NAEAUbig_integer@1@I@Z 00000001400c1dc0     libucrtd:cfout.obj
 0002:00025dd0       $unwind$?divide@__crt_strtox@@YA_KAEAUbig_integer@1@AEBU21@@Z 00000001400c1dd0     libucrtd:cfout.obj
 0002:00025de0       $unwind$??$convert_to_fos_high_precision@N@@YA?AW4__acrt_has_trailing_digits@@NIQEAHQEAD_K@Z 00000001400c1de0     libucrtd:cfout.obj
 0002:00025df0       $unwind$?stream_is_at_end_of_file_nolock@@YA_NV__crt_stdio_stream@@@Z 00000001400c1df0     libucrtd:_flsbuf.obj
 0002:00025df8       $unwind$??$write_buffer_nolock@D@@YA_NDV__crt_stdio_stream@@@Z 00000001400c1df8     libucrtd:_flsbuf.obj
 0002:00025e00       $unwind$??$write_buffer_nolock@_W@@YA_N_WV__crt_stdio_stream@@@Z 00000001400c1e00     libucrtd:_flsbuf.obj
 0002:00025e08       $xdatasym                  00000001400c1e08     libucrtd:fpsr.obj
 0002:00025e10       $unwind$__acrt_OutputDebugStringA 00000001400c1e10     libucrtd:outputdebugstringa.obj
 0002:00025e24       $unwind$qsort              00000001400c1e24     libucrtd:qsort.obj
 0002:00025e34       $unwind$?shortsort@@YAXPEAD0_KP6AHPEBX2@Z@Z 00000001400c1e34     libucrtd:qsort.obj
 0002:00025e44       $stateUnwindMap$?shortsort@@YAXPEAD0_KP6AHPEBX2@Z@Z 00000001400c1e44     libucrtd:qsort.obj
 0002:00025e50       $ip2state$?shortsort@@YAXPEAD0_KP6AHPEBX2@Z@Z 00000001400c1e50     libucrtd:qsort.obj
 0002:00025e68       $unwind$strpbrk            00000001400c1e68     libucrtd:strpbrk.obj
 0002:00025e70       $unwind$fallbackMethod     00000001400c1e70     libucrtd:strpbrk.obj
 0002:00025e80       $unwind$_mbsdec_l          00000001400c1e80     libucrtd:mbsdec.obj
 0002:00025e8c       $unwind$?_mbstowcs_l_helper@@YA_KPEA_WPEBD_KPEAU__crt_locale_pointers@@@Z 00000001400c1e8c     libucrtd:mbstowcs.obj
 0002:00025e98       $unwind$?_wcstombs_l_helper@@YA_KPEADPEB_W_KPEAU__crt_locale_pointers@@@Z 00000001400c1e98     libucrtd:wcstombs.obj
 0002:00025eb0       $stateUnwindMap$?_wcstombs_l_helper@@YA_KPEADPEB_W_KPEAU__crt_locale_pointers@@@Z 00000001400c1eb0     libucrtd:wcstombs.obj
 0002:00025ec0       $ip2state$?_wcstombs_l_helper@@YA_KPEADPEB_W_KPEAU__crt_locale_pointers@@@Z 00000001400c1ec0     libucrtd:wcstombs.obj
 0002:00025fd8       $unwind$?__mbrtoc32_utf8@__crt_mbstring@@YA_KPEA_UPEBD_KPEAU_Mbstatet@@@Z 00000001400c1fd8     libucrtd:mbrtoc32.obj
 0002:00025fe8       $xdatasym                  00000001400c1fe8     libucrtd:log10.obj
 0002:00025ff4       $unwind$?__wcsrtombs_utf8@__crt_mbstring@@YA_KPEADPEAPEB_W_KPEAU_Mbstatet@@@Z 00000001400c1ff4     libucrtd:wcrtomb.obj
 0002:00026004       $unwind$__dcrt_lowio_ensure_console_output_initialized 00000001400c2004     libucrtd:initcon.obj
 0002:0002600c       $unwind$__dcrt_write_console 00000001400c200c     libucrtd:initcon.obj
 0002:00026020       $unwind$_log_special_common 00000001400c2020     libucrtd:log_special.obj
 0002:00026030       $unwind$_log10_special     00000001400c2030     libucrtd:log_special.obj
 0002:00026038       $unwind$common_control87   00000001400c2038     libucrtd:ieee.obj
 0002:00026058       $unwind$?__c16rtomb_utf8@__crt_mbstring@@YA_KPEAD_SPEAU_Mbstatet@@@Z 00000001400c2058     libucrtd:c16rtomb.obj
 0002:00026060       $unwind$_IsNonwritableInCurrentImage 00000001400c2060     LIBCMTD:pesect.obj
 0002:00026080       $xdatasym                  00000001400c2080     libvcruntimed:memcmp.obj
 0002:00026758       .idata$6                   00000001400c2758     user32:USER32.dll
 0002:000267c0       .idata$6                   00000001400c27c0     gdi32:GDI32.dll
 0002:000268f4       .idata$6                   00000001400c28f4     opengl32:OPENGL32.dll
 0002:00026914       .idata$6                   00000001400c2914     winmm:WINMM.dll
 0002:00026932       .idata$6                   00000001400c2932     Comdlg32:COMDLG32.dll
 0002:00026b68       .idata$6                   00000001400c2b68     kernel32:KERNEL32.dll
 0003:0000002c       ?stbi__l2h_gamma@@3MA      00000001400c302c     win32_game.obj
 0003:00000030       ?stbi__stdio_callbacks@@3Ustbi_io_callbacks@@A 00000001400c3030     win32_game.obj
 0003:00000048       ?stbi__l2h_scale@@3MA      00000001400c3048     win32_game.obj
 0003:0000004c       ?stbi__h2l_gamma_i@@3MA    00000001400c304c     win32_game.obj
 0003:00000050       ?stbi__h2l_scale_i@@3MA    00000001400c3050     win32_game.obj
 0003:00000054       ?first_row_filter@@3PAEA   00000001400c3054     win32_game.obj
 0003:0000005c       ?is_running@@3IA           00000001400c305c     win32_game.obj
 0003:00000060       ?is_paused@@3IA            00000001400c3060     win32_game.obj
 0003:00000068       ?invalid_chunk@?JH@??stbi__parse_png_file@@YAHPEAUstbi__png@@HH@Z@4PADA 00000001400c3068     win32_game.obj
 0003:00000088       ?mul_table@?1??stbi__shiftsigned@@YAHIHH@Z@4PAIA 00000001400c3088     win32_game.obj
 0003:000000b0       ?shift_table@?1??stbi__shiftsigned@@YAHIHH@Z@4PAIA 00000001400c30b0     win32_game.obj
 0003:00000120       ?__vcrt_flsindex@@3KA      00000001400c3120     libvcruntimed:per_thread_data.obj
 0003:00000130       ?__acrt_current_request_number@@3JA 00000001400c3130     libucrtd:debug_heap.obj
 0003:00000144       ?errno_no_memory@@3HA      00000001400c3144     libucrtd:errno.obj
 0003:00000148       ?doserrno_no_memory@@3KA   00000001400c3148     libucrtd:errno.obj
 0003:0000014c       ?__acrt_flsindex@@3KA      00000001400c314c     libucrtd:per_thread_data.obj
 0003:00000520       ?__acrt_debug_fill_threshold@@3_KA 00000001400c3520     libucrtd:debug_fill_threshold.obj
 0003:00000528       ?dazSupported@?1??_ctrlfp@@9@9 00000001400c3528     libucrtd:fpctrl.obj
 0003:00000760       _mbctypes                  00000001400c3760     libucrtd:mbctype.obj
 0003:00000870       _mbcasemaps                00000001400c3870     libucrtd:mbctype.obj
 0003:00000970       ?__rgctypeflag@@3PADA      00000001400c3970     libucrtd:mbctype.obj
 0003:00000980       ?__rgcode_page_info@@3PAUcode_page_info@@A 00000001400c3980     libucrtd:mbctype.obj
 0003:00000b60       ?__dcrt_lowio_console_output_handle@@3PEAXEA 00000001400c3b60     libucrtd:initcon.obj
 0003:00000b70       ?dazSupported@?1??common_control87@@9@9 00000001400c3b70     libucrtd:ieee.obj
 0003:00000d00       ?stbi__vertically_flip_on_load_global@@3HA 00000001400c3d00     win32_game.obj
 0003:00000d04       ?stbi__unpremultiply_on_load_global@@3HA 00000001400c3d04     win32_game.obj
 0003:00000d08       ?stbi__de_iphone_flag_global@@3HA 00000001400c3d08     win32_game.obj
 0003:00000d0c       ?samples_written_2@@3HA    00000001400c3d0c     win32_game.obj
 0003:00000d10       ?perf_counter_frequency@@3_JA 00000001400c3d10     win32_game.obj
 0003:00000d18       ?window@@3PEAUHWND__@@EA   00000001400c3d18     win32_game.obj
 0003:00000d28       ?t@?1??gl_render@@YAXPEAUGL_State@@PEAUController_State@@PEAUGame_State@@UDisplay_Output@@PEAUWin32_Sound_Output@@@Z@4MA 00000001400c3d28     win32_game.obj
 0003:00000d30       GS_ExceptionRecord         00000001400c3d30     LIBCMTD:gs_report.obj
 0003:00000dd0       GS_ContextRecord           00000001400c3dd0     LIBCMTD:gs_report.obj
 0003:000012b0       ?is_initialized_as_dll@@3_NA 00000001400c42b0     LIBCMTD:utility.obj
 0003:000012b1       ?module_local_atexit_table_initialized@@3_NA 00000001400c42b1     LIBCMTD:utility.obj
 0003:000012b8       ?module_local_atexit_table@@3U_onexit_table_t@@A 00000001400c42b8     LIBCMTD:utility.obj
 0003:000012d0       ?module_local_at_quick_exit_table@@3U_onexit_table_t@@A 00000001400c42d0     LIBCMTD:utility.obj
 0003:00001330       ?__vcrt_startup_thread_ptd@@3U__vcrt_ptd@@A 00000001400c4330     libvcruntimed:per_thread_data.obj
 0003:000013b0       __vcrt_lock_table          00000001400c43b0     libvcruntimed:locks.obj
 0003:000013d8       __vcrt_locks_initialized   00000001400c43d8     libvcruntimed:locks.obj
 0003:00001420       ?heap@@3V_HeapManager@@A   00000001400c4420     libvcruntimed:undname.obj
 0003:00001448       ?module_handles@@3PAPEAUHINSTANCE__@@A 00000001400c4448     libvcruntimed:winapi_downlevel.obj
 0003:00001460       ?function_pointers@@3PAPEAXA 00000001400c4460     libvcruntimed:winapi_downlevel.obj
 0003:00001490       ?__acrt_app_type@@3W4_crt_app_type@@A 00000001400c4490     libucrtd:report_runtime_error.obj
 0003:000014a0       ?outmsg@?9??__acrt_report_runtime_error@@9@4PA_WA 00000001400c44a0     libucrtd:report_runtime_error.obj
 0003:00001ac8       ?user_matherr@@3V?$dual_state_global@P6AHPEAU_exception@@@Z@__crt_state_management@@A 00000001400c4ac8     libucrtd:matherr.obj
 0003:00001ad0       ?program_name@?1???$common_configure_argv@D@@YAHW4_crt_argv_mode@@@Z@4PADA 00000001400c4ad0     libucrtd:argv_parsing.obj
 0003:00001bf8       ?empty_string@?1???$common_wincmdln@E@@YAPEAEXZ@4PAEA 00000001400c4bf8     libucrtd:argv_winmain.obj
 0003:00001bfc       ?c_termination_complete@@3JA 00000001400c4bfc     libucrtd:exit.obj
 0003:00001c00       ?thread_local_exit_callback_func@@3P6AXPEAXK0@ZEA 00000001400c4c00     libucrtd:exit.obj
 0003:00001c10       ?__acrt_global_new_mode@@3V?$dual_state_global@J@__crt_state_management@@A 00000001400c4c10     libucrtd:new_mode.obj
 0003:00001c48       ?__acrt_first_block@@3PEAU_CrtMemBlockHeader@@EA 00000001400c4c48     libucrtd:debug_heap.obj
 0003:00001c50       ?__acrt_last_block@@3PEAU_CrtMemBlockHeader@@EA 00000001400c4c50     libucrtd:debug_heap.obj
 0003:00001c58       ?__acrt_total_allocations@@3_KA 00000001400c4c58     libucrtd:debug_heap.obj
 0003:00001c60       ?__acrt_current_allocations@@3_KA 00000001400c4c60     libucrtd:debug_heap.obj
 0003:00001c68       ?__acrt_max_allocations@@3_KA 00000001400c4c68     libucrtd:debug_heap.obj
 0003:00001c70       ?__acrt_check_frequency@@3IA 00000001400c4c70     libucrtd:debug_heap.obj
 0003:00001c74       ?__acrt_check_counter@@3IA 00000001400c4c74     libucrtd:debug_heap.obj
 0003:00001c80       ?heap_validation_pending@@3_NA 00000001400c4c80     libucrtd:debug_heap.obj
 0003:00001c88       ?__acrt_invalid_parameter_handler@@3V?$dual_state_global@P6AXPEB_W00I_K@Z@__crt_state_management@@A 00000001400c4c88     libucrtd:invalid_parameter.obj
 0003:000020b8       ?internal_state@?1??_mbtowc_l@@9@4U_Mbstatet@@A 00000001400c50b8     libucrtd:mbtowc.obj
 0003:000020c0       ?enable_percent_n@@3_KA    00000001400c50c0     libucrtd:printf_count_output.obj
 0003:000020d8       __acrt_error_mode          00000001400c50d8     libucrtd:set_error_mode.obj
 0003:000020e0       ?ctrlc_action@@3V?$dual_state_global@P6AXH@Z@__crt_state_management@@A 00000001400c50e0     libucrtd:signal.obj
 0003:000020e8       ?ctrlbreak_action@@3V?$dual_state_global@P6AXH@Z@__crt_state_management@@A 00000001400c50e8     libucrtd:signal.obj
 0003:000020f0       ?abort_action@@3V?$dual_state_global@P6AXH@Z@__crt_state_management@@A 00000001400c50f0     libucrtd:signal.obj
 0003:000020f8       ?term_action@@3V?$dual_state_global@P6AXH@Z@__crt_state_management@@A 00000001400c50f8     libucrtd:signal.obj
 0003:00002120       ?fSystemSet@@3HA           00000001400c5120     libucrtd:mbctype.obj
 0003:00002124       ?initialized@?1??__acrt_initialize_multibyte@@9@4_NA 00000001400c5124     libucrtd:mbctype.obj
 0003:00002160       ?__acrt_lock_table@@3PAU_RTL_CRITICAL_SECTION@@A 00000001400c5160     libucrtd:locks.obj
 0003:00002390       ?__acrt_locks_initialized@@3IA 00000001400c5390     libucrtd:locks.obj
 0003:00002394       ?state_cache@?1???$get_cached_win_policy@Udeveloper_information_policy_properties@?1??__acrt_get_developer_information_policy@@YA?AW4developer_information_policy@@XZ@@@YA?AW4developer_information_policy@@W4AppPolicyShowDeveloperDiagnostic@@@Z@4JA 00000001400c5394     libucrtd:win_policies.obj
 0003:00002398       ?state_cache@?1???$get_cached_win_policy@Uwindowing_model_policy_properties@?1??__acrt_get_windowing_model_policy@@YA?AW4windowing_model_policy@@XZ@@@YA?AW4windowing_model_policy@@W4AppPolicyWindowingModel@@@Z@4JA 00000001400c5398     libucrtd:win_policies.obj
 0003:000023a0       ?module_handles@@3PAPEAUHINSTANCE__@@A 00000001400c53a0     libucrtd:winapi_thunks.obj
 0003:00002440       ?encoded_function_pointers@@3PAPEAXA 00000001400c5440     libucrtd:winapi_thunks.obj
 0003:00002560       ?__acrt_new_handler@@3V?$dual_state_global@P6AH_K@Z@__crt_state_management@@A 00000001400c5560     libucrtd:new_handler.obj
 0003:00002588       ?internal_pst@?1??__mbrtoc32_utf8@__crt_mbstring@@YA_KPEA_UPEBD_KPEAU_Mbstatet@@@Z@4U3@A 00000001400c5588     libucrtd:mbrtoc32.obj
 0003:00002590       ?internal_pst@?1??__c16rtomb_utf8@__crt_mbstring@@YA_KPEAD_SPEAU_Mbstatet@@@Z@4U3@A 00000001400c5590     libucrtd:c16rtomb.obj
 0005:00000000       MoveSmall                  00000001400cc000     libvcruntimed:memcpy.obj
 0005:00000040       MoveSmallYmm               00000001400cc040     libvcruntimed:memcpy.obj
 0005:00000064       MoveSmallYmmNT             00000001400cc064     libvcruntimed:memcpy.obj
 0005:00000088       MoveSmallXmm               00000001400cc088     libvcruntimed:memcpy.obj
 0005:000000b0       MsetTab                    00000001400cc0b0     libvcruntimed:memset.obj
