 win32_game

 Timestamp is 6230e5db (Tue Mar 15 15:15:39 2022)

 Preferred load address is 0000000140000000

 Start         Length     Name                   Class
 0001:00000000 0006b270H .text$mn                CODE
 0001:0006b270 00000040H .text$mn$00             CODE
 0001:0006b2b0 0000069dH .text$x                 CODE
 0002:00000000 00000410H .idata$5                DATA
 0002:00000410 00000028H .00cfg                  DATA
 0002:00000438 00000008H .CRT$XCA                DATA
 0002:00000440 00000008H .CRT$XCAA               DATA
 0002:00000448 00000008H .CRT$XCZ                DATA
 0002:00000450 00000008H .CRT$XIA                DATA
 0002:00000458 00000008H .CRT$XIAA               DATA
 0002:00000460 00000008H .CRT$XIAC               DATA
 0002:00000468 00000020H .CRT$XIC                DATA
 0002:00000488 00000008H .CRT$XIZ                DATA
 0002:00000490 00000008H .CRT$XPA                DATA
 0002:00000498 00000010H .CRT$XPX                DATA
 0002:000004a8 00000008H .CRT$XPXA               DATA
 0002:000004b0 00000008H .CRT$XPZ                DATA
 0002:000004b8 00000008H .CRT$XTA                DATA
 0002:000004c0 00000010H .CRT$XTZ                DATA
 0002:000004c8 00000000H .gehcont$y              DATA
 0002:000004c8 00000000H .gfids$y                DATA
 0002:000004d0 0001e2b0H .rdata                  DATA
 0002:0001e780 00000000H .rdata$CastGuardVftablesA DATA
 0002:0001e780 00000000H .rdata$CastGuardVftablesC DATA
 0002:0001e780 0000016cH .rdata$r                DATA
 0002:0001e8ec 00000240H .rdata$voltmd           DATA
 0002:0001eb2c 0000036cH .rdata$zzzdbg           DATA
 0002:0001ee98 00000008H .rtc$IAA                DATA
 0002:0001eea0 00000008H .rtc$IZZ                DATA
 0002:0001eea8 00000008H .rtc$TAA                DATA
 0002:0001eeb0 00000010H .rtc$TZZ                DATA
 0002:0001eec0 00001d70H .xdata                  DATA
 0002:00020c30 00000084H .xdata$x                DATA
 0002:00020cb4 00000000H .edata                  DATA
 0002:00020cb4 00000078H .idata$2                DATA
 0002:00020d2c 00000014H .idata$3                DATA
 0002:00020d40 00000410H .idata$4                DATA
 0002:00021150 000008e8H .idata$6                DATA
 0003:00000000 00000ae0H .data                   DATA
 0003:00000ae0 00000050H .data$r                 DATA
 0003:00000b30 00000020H .data$rs                DATA
 0003:00000b50 00001958H .bss                    DATA
 0004:00000000 000041a0H .pdata                  DATA
 0005:00000000 000000f4H _RDATA                  DATA

  Address         Publics by Value              Rva+Base               Lib:Object

 0000:00000000       __arm64x_redirection_metadata 0000000000000000     <absolute>
 0000:00000000       __x64_code_ranges_to_entry_points_count 0000000000000000     <absolute>
 0000:00000000       ___safe_se_handler_table   0000000000000000     <absolute>
 0000:00000000       __guard_iat_count          0000000000000000     <absolute>
 0000:00000000       __guard_longjmp_count      0000000000000000     <absolute>
 0000:00000000       __dynamic_value_reloc_table 0000000000000000     <absolute>
 0000:00000000       __hybrid_auxiliary_iat     0000000000000000     <absolute>
 0000:00000000       __hybrid_auxiliary_iat_copy 0000000000000000     <absolute>
 0000:00000000       __guard_longjmp_table      0000000000000000     <absolute>
 0000:00000000       __x64_code_ranges_to_entry_points 0000000000000000     <absolute>
 0000:00000000       __guard_iat_table          0000000000000000     <absolute>
 0000:00000000       __guard_fids_count         0000000000000000     <absolute>
 0000:00000000       __arm64x_extra_rfe_table   0000000000000000     <absolute>
 0000:00000000       __AbsoluteZero             0000000000000000     <absolute>
 0000:00000000       __guard_check_icall_a64n_fptr 0000000000000000     <absolute>
 0000:00000000       __hybrid_code_map          0000000000000000     <absolute>
 0000:00000000       __arm64x_extra_rfe_table_size 0000000000000000     <absolute>
 0000:00000000       ___safe_se_handler_count   0000000000000000     <absolute>
 0000:00000000       __guard_fids_table         0000000000000000     <absolute>
 0000:00000000       __guard_eh_cont_count      0000000000000000     <absolute>
 0000:00000000       __arm64x_redirection_metadata_count 0000000000000000     <absolute>
 0000:00000000       __enclave_config           0000000000000000     <absolute>
 0000:00000000       __guard_eh_cont_table      0000000000000000     <absolute>
 0000:00000000       __arm64x_native_entrypoint 0000000000000000     <absolute>
 0000:00000000       __hybrid_code_map_count    0000000000000000     <absolute>
 0000:00000100       __guard_flags              0000000000000100     <absolute>
 0000:00000000       __ImageBase                0000000140000000     <linker-defined>
 0001:00000000       WinMain                    0000000140001000 f   win32_game.obj
 0001:00000b60       stbtt_BakeFontBitmap       0000000140001b60 f   win32_game.obj
 0001:00000be0       stbtt_GetBakedQuad         0000000140001be0 f   win32_game.obj
 0001:00000e10       stbtt_GetScaledFontVMetrics 0000000140001e10 f   win32_game.obj
 0001:00000f20       stbtt_PackBegin            0000000140001f20 f   win32_game.obj
 0001:000010d0       stbtt_PackEnd              00000001400020d0 f   win32_game.obj
 0001:00001100       stbtt_PackFontRange        0000000140002100 f   win32_game.obj
 0001:00001190       stbtt_PackFontRanges       0000000140002190 f   win32_game.obj
 0001:000013f0       stbtt_PackSetOversampling  00000001400023f0 f   win32_game.obj
 0001:00001480       stbtt_PackSetSkipMissingCodepoints 0000000140002480 f   win32_game.obj
 0001:000014a0       stbtt_GetPackedQuad        00000001400024a0 f   win32_game.obj
 0001:00001720       stbtt_PackFontRangesGatherRects 0000000140002720 f   win32_game.obj
 0001:00001a70       stbtt_PackFontRangesPackRects 0000000140002a70 f   win32_game.obj
 0001:00001ab0       stbtt_PackFontRangesRenderIntoRects 0000000140002ab0 f   win32_game.obj
 0001:000022b0       stbtt_GetNumberOfFonts     00000001400032b0 f   win32_game.obj
 0001:000022d0       stbtt_GetFontOffsetForIndex 00000001400032d0 f   win32_game.obj
 0001:00002300       stbtt_InitFont             0000000140003300 f   win32_game.obj
 0001:00002340       stbtt_FindGlyphIndex       0000000140003340 f   win32_game.obj
 0001:00002950       stbtt_ScaleForPixelHeight  0000000140003950 f   win32_game.obj
 0001:000029d0       stbtt_ScaleForMappingEmToPixels 00000001400039d0 f   win32_game.obj
 0001:00002a30       stbtt_GetFontVMetrics      0000000140003a30 f   win32_game.obj
 0001:00002ae0       stbtt_GetFontVMetricsOS2   0000000140003ae0 f   win32_game.obj
 0001:00002bc0       stbtt_GetFontBoundingBox   0000000140003bc0 f   win32_game.obj
 0001:00002c80       stbtt_GetCodepointHMetrics 0000000140003c80 f   win32_game.obj
 0001:00002cd0       stbtt_GetCodepointKernAdvance 0000000140003cd0 f   win32_game.obj
 0001:00002d40       stbtt_GetCodepointBox      0000000140003d40 f   win32_game.obj
 0001:00002da0       stbtt_GetGlyphHMetrics     0000000140003da0 f   win32_game.obj
 0001:00002f10       stbtt_GetGlyphKernAdvance  0000000140003f10 f   win32_game.obj
 0001:00002f90       stbtt_GetGlyphBox          0000000140003f90 f   win32_game.obj
 0001:000030c0       stbtt_GetKerningTableLength 00000001400040c0 f   win32_game.obj
 0001:00003150       stbtt_GetKerningTable      0000000140004150 f   win32_game.obj
 0001:000032c0       stbtt_IsGlyphEmpty         00000001400042c0 f   win32_game.obj
 0001:00003380       stbtt_GetCodepointShape    0000000140004380 f   win32_game.obj
 0001:000033c0       stbtt_GetGlyphShape        00000001400043c0 f   win32_game.obj
 0001:00003420       stbtt_FreeShape            0000000140004420 f   win32_game.obj
 0001:00003450       stbtt_FindSVGDoc           0000000140004450 f   win32_game.obj
 0001:00003520       stbtt_GetCodepointSVG      0000000140004520 f   win32_game.obj
 0001:00003560       stbtt_GetGlyphSVG          0000000140004560 f   win32_game.obj
 0001:00003610       stbtt_FreeBitmap           0000000140004610 f   win32_game.obj
 0001:00003640       stbtt_GetCodepointBitmap   0000000140004640 f   win32_game.obj
 0001:000036d0       stbtt_GetCodepointBitmapSubpixel 00000001400046d0 f   win32_game.obj
 0001:00003770       stbtt_MakeCodepointBitmap  0000000140004770 f   win32_game.obj
 0001:00003800       stbtt_MakeCodepointBitmapSubpixel 0000000140004800 f   win32_game.obj
 0001:000038a0       stbtt_MakeCodepointBitmapSubpixelPrefilter 00000001400048a0 f   win32_game.obj
 0001:00003980       stbtt_GetCodepointBitmapBox 0000000140004980 f   win32_game.obj
 0001:00003a10       stbtt_GetCodepointBitmapBoxSubpixel 0000000140004a10 f   win32_game.obj
 0001:00003ab0       stbtt_GetGlyphBitmap       0000000140004ab0 f   win32_game.obj
 0001:00003b40       stbtt_GetGlyphBitmapSubpixel 0000000140004b40 f   win32_game.obj
 0001:00003e00       stbtt_MakeGlyphBitmap      0000000140004e00 f   win32_game.obj
 0001:00003e90       stbtt_MakeGlyphBitmapSubpixel 0000000140004e90 f   win32_game.obj
 0001:00004020       stbtt_MakeGlyphBitmapSubpixelPrefilter 0000000140005020 f   win32_game.obj
 0001:00004160       stbtt_GetGlyphBitmapBox    0000000140005160 f   win32_game.obj
 0001:000041f0       stbtt_GetGlyphBitmapBoxSubpixel 00000001400051f0 f   win32_game.obj
 0001:000043a0       stbtt_Rasterize            00000001400053a0 f   win32_game.obj
 0001:00004510       stbtt_FreeSDF              0000000140005510 f   win32_game.obj
 0001:00004540       stbtt_GetGlyphSDF          0000000140005540 f   win32_game.obj
 0001:00005ea0       stbtt_GetCodepointSDF      0000000140006ea0 f   win32_game.obj
 0001:00005f40       stbtt_FindMatchingFont     0000000140006f40 f   win32_game.obj
 0001:00005f80       stbtt_CompareUTF8toUTF16_bigendian 0000000140006f80 f   win32_game.obj
 0001:00005fc0       stbtt_GetFontNameString    0000000140006fc0 f   win32_game.obj
 0001:00012570       ?make_ray@@YA?AURay@@UVec3@@0@Z 0000000140013570 f   win32_game.obj
 0001:000125f0       ?make_line@@YA?AULine@@UVec3@@0@Z 00000001400135f0 f   win32_game.obj
 0001:00012670       ?make_mat4@@YA?AUMat4@@MMMMMMMMMMMMMMMM@Z 0000000140013670 f   win32_game.obj
 0001:000127b0       ?make_mat4_identity@@YA?AUMat4@@XZ 00000001400137b0 f   win32_game.obj
 0001:00012830       ?determinant@@YAMMMMMMMMMM@Z 0000000140013830 f   win32_game.obj
 0001:00012920       ?classical_adjoint@@YA?AUMat4@@U1@@Z 0000000140013920 f   win32_game.obj
 0001:000133d0       ?determinant@@YAMUMat4@@@Z 00000001400143d0 f   win32_game.obj
 0001:00013740       ?inverse@@YA?AUMat4@@U1@@Z 0000000140014740 f   win32_game.obj
 0001:00013870       ?make_scale_matrix@@YA?AUMat4@@UVec3@@M@Z 0000000140014870 f   win32_game.obj
 0001:00013b40       ?make_scale_matrix@@YA?AUMat4@@UVec3@@@Z 0000000140014b40 f   win32_game.obj
 0001:00013bd0       ?make_rotate_matrix@@YA?AUMat4@@MMM@Z 0000000140014bd0 f   win32_game.obj
 0001:00014050       ?make_rotate_matrix@@YA?AUMat4@@UVec3@@M@Z 0000000140015050 f   win32_game.obj
 0001:000145c0       ?make_translate_matrix@@YA?AUMat4@@UVec3@@M@Z 00000001400155c0 f   win32_game.obj
 0001:000146a0       ?make_translate_matrix@@YA?AUMat4@@UVec3@@@Z 00000001400156a0 f   win32_game.obj
 0001:00014750       ?make_view_matrix@@YA?AUMat4@@UVec3@@000@Z 0000000140015750 f   win32_game.obj
 0001:00014940       ?make_perspective_clip_matrix@@YA?AUMat4@@MMMM@Z 0000000140015940 f   win32_game.obj
 0001:00014b30       ?make_ortho_clip_matrix@@YA?AUMat4@@MMMM@Z 0000000140015b30 f   win32_game.obj
 0001:00014c60       ?ray_intersects_aabb@@YAIURay@@UAABB@@PEAM2@Z 0000000140015c60 f   win32_game.obj
 0001:00015070       ?ray_intersects_circle@@YAIURay_2D@@MUVec2@@PEAM2@Z 0000000140016070 f   win32_game.obj
 0001:00015230       ?ray_intersects_circle@@YAIURay_2D@@MUVec2@@PEAM@Z 0000000140016230 f   win32_game.obj
 0001:00015340       ?ray_intersects_plane@@YAIURay@@UVec3@@MPEAM@Z 0000000140016340 f   win32_game.obj
 0001:00015430       ?line_intersects_coplanar_ray@@YAIULine@@URay@@PEAM@Z 0000000140016430 f   win32_game.obj
 0001:00015780       ?transform_aabb@@YAXUAABB@@UMat4@@PEAU1@@Z 0000000140016780 f   win32_game.obj
 0001:000162b0       ?transform_aabb@@YA?AUAABB@@U1@UMat4@@@Z 00000001400172b0 f   win32_game.obj
 0001:00016e10       ?cursor_pos_to_world_space@@YA?AUVec4@@UVec2@@HHPEAUMat4@@1@Z 0000000140017e10 f   win32_game.obj
 0001:000170b0       ?get_rotate_matrix_from_euler_angles@@YA?AUMat4@@MMM@Z 00000001400180b0 f   win32_game.obj
 0001:000173a0       ?get_euler_angles_from_rotate_matrix@@YAXUMat4@@PEAM11@Z 00000001400183a0 f   win32_game.obj
 0001:00017540       ?get_model_matrix@@YA?AUMat4@@UVec3@@MMM0@Z 0000000140018540 f   win32_game.obj
 0001:000179d0       ?get_model_matrix@@YA?AUMat4@@UTransform@@@Z 00000001400189d0 f   win32_game.obj
 0001:00017aa0       ?compute_barycentric_coords@@YAXUVec3@@0000PEAU1@@Z 0000000140018aa0 f   win32_game.obj
 0001:00017e60       ?bary_coords_inside_triangle@@YAIUVec3@@@Z 0000000140018e60 f   win32_game.obj
 0001:00017ef0       ?compute_centroid@@YA?AUVec3@@URay@@00@Z 0000000140018ef0 f   win32_game.obj
 0001:00018090       ?get_closest_point_on_ray@@YA?AUVec3@@URay@@U1@@Z 0000000140019090 f   win32_game.obj
 0001:000182d0       ?get_ray_normal_to_point@@YA?AUVec3@@URay@@U1@@Z 00000001400192d0 f   win32_game.obj
 0001:00018510       ?debug_print@@YAXPEADZZ    0000000140019510 f   win32_game.obj
 0001:000185d0       ?string_format@@YAXPEADH0ZZ 00000001400195d0 f   win32_game.obj
 0001:00018650       ?platform_open_file@@YAIPEADPEAUPlatform_File@@@Z 0000000140019650 f   win32_game.obj
 0001:00018790       ?platform_read_file@@YAIUPlatform_File@@PEAUFile_Data@@@Z 0000000140019790 f   win32_game.obj
 0001:00018890       ?platform_close_file@@YAXUPlatform_File@@@Z 0000000140019890 f   win32_game.obj
 0001:000188e0       ?platform_zero_memory@@YAXPEAXI@Z 00000001400198e0 f   win32_game.obj
 0001:00018910       ?platform_open_and_read_file@@YA?AUFile_Data@@PEAUAllocator@@PEAD@Z 0000000140019910 f   win32_game.obj
 0001:00018a20       ?platform_open_file_dialog@@YAIPEADI@Z 0000000140019a20 f   win32_game.obj
 0001:00018ae0       ?make_arena_allocator@@YA?AUArena_Allocator@@PEAXI@Z 0000000140019ae0 f   win32_game.obj
 0001:00018b40       ?arena_push@@YAPEAXPEAUArena_Allocator@@II@Z 0000000140019b40 f   win32_game.obj
 0001:00018be0       ?make_stack_allocator@@YA?AUStack_Allocator@@PEAXI@Z 0000000140019be0 f   win32_game.obj
 0001:00018c90       ?begin_region@@YA?AUMarker@@PEAUMemory@@@Z 0000000140019c90 f   win32_game.obj
 0001:00018ce0       ?end_region@@YAXPEAUMemory@@UMarker@@@Z 0000000140019ce0 f   win32_game.obj
 0001:00018d40       ?region_push@@YAPEAXPEAUMemory@@II@Z 0000000140019d40 f   win32_game.obj
 0001:00018df0       ?begin_region@@YA?AUMarker@@PEAUStack_Allocator@@@Z 0000000140019df0 f   win32_game.obj
 0001:00018e20       ?end_region@@YAXPEAUStack_Allocator@@UMarker@@@Z 0000000140019e20 f   win32_game.obj
 0001:00018e80       ?region_push@@YAPEAXPEAUStack_Allocator@@II@Z 0000000140019e80 f   win32_game.obj
 0001:00018f20       ?allocate@@YAPEAXPEAUAllocator@@II@Z 0000000140019f20 f   win32_game.obj
 0001:000195a0       ?load_mesh@@YA?AUMesh@@UFile_Data@@PEAUAllocator@@PEAD@Z 000000014001a5a0 f   win32_game.obj
 0001:00019e50       ?get_vertex_from_index@@YA?AUVec3@@PEAUMesh@@I@Z 000000014001ae50 f   win32_game.obj
 0001:00019f70       ?read_and_load_mesh@@YA?AUMesh@@PEAUMemory@@PEAUAllocator@@PEAD2@Z 000000014001af70 f   win32_game.obj
 0001:0001a0d0       ?make_ui_button@@YA?AUUI_Button@@MMMMPEAD00@Z 000000014001b0d0 f   win32_game.obj
 0001:0001a180       ?ui_add_button@@YAXPEAUUI_Manager@@UUI_Button@@@Z 000000014001b180 f   win32_game.obj
 0001:0001a200       ?in_bounds@@YAIUVec2@@MMMM@Z 000000014001b200 f   win32_game.obj
 0001:0001a270       ?do_button@@YAIPEAUUI_Manager@@PEAUController_State@@MMMMPEAD22@Z 000000014001b270 f   win32_game.obj
 0001:0001a570       ?fill_sound_buffer_with_sine_wave@@YAXPEAUSound_Output@@I@Z 000000014001b570 f   win32_game.obj
 0001:0001a6e0       ?fill_sound_buffer_with_audio@@YAXPEAUSound_Output@@IPEAUAudio_Source@@H@Z 000000014001b6e0 f   win32_game.obj
 0001:0001a8b0       ?make_audio_source@@YA?AUAudio_Source@@IIMIPEAF@Z 000000014001b8b0 f   win32_game.obj
 0001:0001a920       ?init_camera@@YAXPEAUCamera@@PEAUDisplay_Output@@@Z 000000014001b920 f   win32_game.obj
 0001:0001aa40       ?init_game@@YAXPEAUMemory@@PEAUGame_State@@PEAUDisplay_Output@@PEAUSound_Output@@I@Z 000000014001ba40 f   win32_game.obj
 0001:0001aba0       ?update@@YAXPEAUMemory@@PEAUGame_State@@PEAUController_State@@PEAUDisplay_Output@@PEAUSound_Output@@I@Z 000000014001bba0 f   win32_game.obj
 0001:0001ae60       ?string_length@@YAIPEAD@Z  000000014001be60 f   win32_game.obj
 0001:0001aec0       ?make_string@@YA?AUString@@PEADI@Z 000000014001bec0 f   win32_game.obj
 0001:0001af20       ?make_string@@YA?AUString@@PEAD@Z 000000014001bf20 f   win32_game.obj
 0001:0001af80       ?make_string_iterator@@YA?AUString_Iterator@@UString@@@Z 000000014001bf80 f   win32_game.obj
 0001:0001afe0       ?get_next_char@@YADPEAUString_Iterator@@@Z 000000014001bfe0 f   win32_game.obj
 0001:0001b040       ?peek_next_char@@YADPEAUString_Iterator@@@Z 000000014001c040 f   win32_game.obj
 0001:0001b090       ?increment_index@@YAXPEAUString_Iterator@@@Z 000000014001c090 f   win32_game.obj
 0001:0001b0b0       ?string_equals@@YAIUString@@0@Z 000000014001c0b0 f   win32_game.obj
 0001:0001b130       ?append_string@@YAXPEAUString@@U1@1I@Z 000000014001c130 f   win32_game.obj
 0001:0001b240       ?copy_string@@YAXPEAUString@@U1@I@Z 000000014001c240 f   win32_game.obj
 0001:0001b2e0       ?to_char_array@@YAXUString@@PEADI@Z 000000014001c2e0 f   win32_game.obj
 0001:0001b380       ?get_hash@@YAIUString@@I@Z 000000014001c380 f   win32_game.obj
 0001:0001b450       ?make_gl_mesh@@YA?AUGL_Mesh@@II@Z 000000014001c450 f   win32_game.obj
 0001:0001b4d0       ?gl_create_shader@@YAIPEADIW4Shader_Type@@@Z 000000014001c4d0 f   win32_game.obj
 0001:0001b600       ?gl_compile_and_link_shaders@@YAIPEADI0I@Z 000000014001c600 f   win32_game.obj
 0001:0001b750       ?gl_load_shader@@YAIPEAUMemory@@PEAD1@Z 000000014001c750 f   win32_game.obj
 0001:0001b960       ?gl_init_font@@YAXPEAUMemory@@PEAUGL_State@@PEAD2MHH@Z 000000014001c960 f   win32_game.obj
 0001:0001be90       ?gl_load_mesh@@YA?AUGL_Mesh@@PEAUGL_State@@UMesh@@@Z 000000014001ce90 f   win32_game.obj
 0001:0001c0b0       ?gl_draw_mesh@@YAXPEAUGL_State@@PEAURender_State@@PEAD2UTransform@@@Z 000000014001d0b0 f   win32_game.obj
 0001:0001c370       ?copy_aligned_quad_to_arrays@@YAXUstbtt_aligned_quad@@PEAM1@Z 000000014001d370 f   win32_game.obj
 0001:0001c560       ?gl_draw_text@@YAXPEAUGL_State@@UDisplay_Output@@PEADMM2UVec3@@@Z 000000014001d560 f   win32_game.obj
 0001:0001cb90       ?gl_init@@YAXPEAUMemory@@PEAUGL_State@@UDisplay_Output@@@Z 000000014001db90 f   win32_game.obj
 0001:0001ddb0       ?gl_draw_triangle_p@@YAXPEAUGL_State@@UDisplay_Output@@UVec2@@MMUVec3@@@Z 000000014001edb0 f   win32_game.obj
 0001:0001e250       ?gl_draw_triangle@@YAXPEAUGL_State@@UDisplay_Output@@MMMMUVec3@@@Z 000000014001f250 f   win32_game.obj
 0001:0001e310       ?gl_draw_line_p@@YAXPEAUGL_State@@UDisplay_Output@@UVec2@@2UVec3@@@Z 000000014001f310 f   win32_game.obj
 0001:0001e7e0       ?gl_draw_line@@YAXPEAUGL_State@@UDisplay_Output@@UVec2@@2UVec3@@@Z 000000014001f7e0 f   win32_game.obj
 0001:0001ecf0       ?gl_draw_quad_p@@YAXPEAUGL_State@@UDisplay_Output@@MMMMUVec3@@@Z 000000014001fcf0 f   win32_game.obj
 0001:0001f190       ?gl_draw_quad@@YAXPEAUGL_State@@UDisplay_Output@@MMMMUVec3@@@Z 0000000140020190 f   win32_game.obj
 0001:0001f650       ?draw_sound_cursor@@YAXPEAUGL_State@@UDisplay_Output@@PEAUWin32_Sound_Output@@MUVec3@@@Z 0000000140020650 f   win32_game.obj
 0001:0001f800       ?draw_sound_buffer@@YAXPEAUGL_State@@UDisplay_Output@@PEAUWin32_Sound_Output@@@Z 0000000140020800 f   win32_game.obj
 0001:0001ffb0       ?get_view_matrix@@YA?AUMat4@@UCamera@@@Z 0000000140020fb0 f   win32_game.obj
 0001:000205a0       ?gl_draw_ui_buttons@@YAXPEAUGL_State@@PEAUUI_Manager@@UDisplay_Output@@@Z 00000001400215a0 f   win32_game.obj
 0001:000208b0       ?gl_render@@YAXPEAUGL_State@@PEAUGame_State@@UDisplay_Output@@PEAUWin32_Sound_Output@@@Z 00000001400218b0 f   win32_game.obj
 0001:00020f90       ?debug_printn@@YAXPEADHZZ  0000000140021f90 f   win32_game.obj
 0001:000219f0       ?WindowProc@@YA_JPEAUHWND__@@I_K_J@Z 00000001400229f0 f   win32_game.obj
 0001:00021b00       ?fill_sound_buffer@@YAXPEAUWin32_Sound_Output@@PEAFI@Z 0000000140022b00 f   win32_game.obj
 0001:00021f10       ?win32_init_memory@@YAIPEAUMemory@@@Z 0000000140022f10 f   win32_game.obj
 0001:00022220       ?platform_toggle_pause@@YAXXZ 0000000140023220 f   win32_game.obj
 0001:00022260       ?platform_get_cursor_pos@@YA?AUVec2@@UDisplay_Output@@@Z 0000000140023260 f   win32_game.obj
 0001:000222e0       ??$hash_table_find@I@@YAIU?$Hash_Table@I@@UString@@PEAI@Z 00000001400232e0 f i win32_game.obj
 0001:000223c0       ??$hash_table_find@UGL_Font@@@@YAIU?$Hash_Table@UGL_Font@@@@UString@@PEAUGL_Font@@@Z 00000001400233c0 f i win32_game.obj
 0001:000224a0       ??$hash_table_find@UGL_Mesh@@@@YAIU?$Hash_Table@UGL_Mesh@@@@UString@@PEAUGL_Mesh@@@Z 00000001400234a0 f i win32_game.obj
 0001:00022580       ??$make_hash_table@UGL_Mesh@@@@YA?AU?$Hash_Table@UGL_Mesh@@@@PEAUAllocator@@@Z 0000000140023580 f i win32_game.obj
 0001:00022580       ??$make_hash_table@I@@YA?AU?$Hash_Table@I@@PEAUAllocator@@@Z 0000000140023580 f i win32_game.obj
 0001:00022580       ??$make_hash_table@UGL_Font@@@@YA?AU?$Hash_Table@UGL_Font@@@@PEAUAllocator@@@Z 0000000140023580 f i win32_game.obj
 0001:00022600       ??AVec3@@QEAAAEAMH@Z       0000000140023600 f i win32_game.obj
 0001:00022600       ??AVec4@@QEAAAEAMH@Z       0000000140023600 f i win32_game.obj
 0001:00022620       ??D@YA?AUMat4@@U0@0@Z      0000000140023620 f i win32_game.obj
 0001:00022c80       ??D@YA?AUVec3@@MU0@@Z      0000000140023c80 f i win32_game.obj
 0001:00022d20       ??D@YA?AUVec3@@U0@M@Z      0000000140023d20 f i win32_game.obj
 0001:00022dc0       ??D@YA?AUVec4@@UMat4@@U0@@Z 0000000140023dc0 f i win32_game.obj
 0001:000230c0       ??G@YA?AUVec2@@U0@0@Z      00000001400240c0 f i win32_game.obj
 0001:00023110       ??G@YA?AUVec3@@U0@0@Z      0000000140024110 f i win32_game.obj
 0001:000231c0       ??H@YA?AUVec3@@U0@0@Z      00000001400241c0 f i win32_game.obj
 0001:00023270       ??K@YA?AUMat4@@U0@M@Z      0000000140024270 f i win32_game.obj
 0001:00023310       ??K@YA?AUVec3@@U0@M@Z      0000000140024310 f i win32_game.obj
 0001:000233b0       ??K@YA?AUVec4@@U0@M@Z      00000001400243b0 f i win32_game.obj
 0001:00023460       ??_0Vec4@@QEAAAEAU0@M@Z    0000000140024460 f i win32_game.obj
 0001:00023500       ?ascii_to_uint32@@YAID@Z   0000000140024500 f i win32_game.obj
 0001:00023550       ?cross@@YA?AUVec3@@U1@0@Z  0000000140024550 f i win32_game.obj
 0001:00023650       ?degs_to_rads@@YAMM@Z      0000000140024650 f i win32_game.obj
 0001:00023670       ?determinant@@YAMMMMM@Z    0000000140024670 f i win32_game.obj
 0001:000236b0       ?distance@@YAMUVec2@@@Z    00000001400246b0 f i win32_game.obj
 0001:000236e0       ?distance@@YAMUVec3@@@Z    00000001400246e0 f i win32_game.obj
 0001:00023740       ?dot@@YAMUVec2@@0@Z        0000000140024740 f i win32_game.obj
 0001:00023770       ?dot@@YAMUVec3@@0@Z        0000000140024770 f i win32_game.obj
 0001:000237c0       ?gl_set_uniform_mat4@@YAXIPEADPEAUMat4@@@Z 00000001400247c0 f i win32_game.obj
 0001:00023830       ?gl_set_uniform_vec3@@YAXIPEADPEAUVec3@@@Z 0000000140024830 f i win32_game.obj
 0001:00023890       ?homogeneous_divide@@YA?AUVec3@@UVec4@@@Z 0000000140024890 f i win32_game.obj
 0001:00023940       ?increment_tokenizer@@YAXPEAUTokenizer@@H@Z 0000000140024940 f i win32_game.obj
 0001:00023980       ?is_digit@@YAID@Z          0000000140024980 f i win32_game.obj
 0001:000239c0       ?is_letter@@YAID@Z         00000001400249c0 f i win32_game.obj
 0001:00023a10       ?is_line_end@@YAIPEAD@Z    0000000140024a10 f i win32_game.obj
 0001:00023a60       ?is_whitespace@@YAID@Z     0000000140024a60 f i win32_game.obj
 0001:00023ab0       ?make_vec2@@YA?AUVec2@@MM@Z 0000000140024ab0 f i win32_game.obj
 0001:00023ae0       ?make_vec3@@YA?AUVec3@@MMM@Z 0000000140024ae0 f i win32_game.obj
 0001:00023b60       ?make_vec3@@YA?AUVec3@@UVec2@@M@Z 0000000140024b60 f i win32_game.obj
 0001:00023bf0       ?make_vec4@@YA?AUVec4@@MMMM@Z 0000000140024bf0 f i win32_game.obj
 0001:00023c80       ?make_vec4@@YA?AUVec4@@UVec3@@M@Z 0000000140024c80 f i win32_game.obj
 0001:00023d10       ?normalize@@YA?AUVec3@@U1@@Z 0000000140024d10 f i win32_game.obj
 0001:00023e00       ?string_to_real32@@YAMPEADI@Z 0000000140024e00 f i win32_game.obj
 0001:00023fa0       ?string_to_uint32@@YAIPEADI@Z 0000000140024fa0 f i win32_game.obj
 0001:00024020       ?truncate_v4_to_v3@@YA?AUVec3@@UVec4@@@Z 0000000140025020 f i win32_game.obj
 0001:000240a0       ?ui_id_equals@@YAIUUI_id@@0@Z 00000001400250a0 f i win32_game.obj
 0001:000240e0       __local_stdio_printf_options 00000001400250e0 f i win32_game.obj
 0001:000240f0       fabsf                      00000001400250f0 f i win32_game.obj
 0001:00024110       snprintf                   0000000140025110 f i win32_game.obj
 0001:00024170       vsnprintf                  0000000140025170 f i win32_game.obj
 0001:000241f0       __GSHandlerCheck           00000001400251f0 f   LIBCMTD:gshandler.obj
 0001:00024230       __GSHandlerCheckCommon     0000000140025230 f   LIBCMTD:gshandler.obj
 0001:00024340       __chkstk                   0000000140025340 f   LIBCMTD:chkstk.obj
 0001:00024340       _alloca_probe              0000000140025340 f   LIBCMTD:chkstk.obj
 0001:000243a0       __security_check_cookie    00000001400253a0 f   LIBCMTD:amdsecgs.obj
 0001:00024670       ?configure_argv@__scrt_narrow_argv_policy@@SAHXZ 0000000140025670 f i LIBCMTD:exe_winmain.obj
 0001:00024690       ?initialize_environment@__scrt_narrow_environment_policy@@SAHXZ 0000000140025690 f i LIBCMTD:exe_winmain.obj
 0001:000246e0       ?set_app_type@__scrt_winmain_policy@@SAXXZ 00000001400256e0 f i LIBCMTD:exe_winmain.obj
 0001:00024700       ?set_commode@__scrt_file_policy@@SAXXZ 0000000140025700 f i LIBCMTD:exe_winmain.obj
 0001:00024720       ?set_fmode@__scrt_file_policy@@SAXXZ 0000000140025720 f i LIBCMTD:exe_winmain.obj
 0001:00024740       WinMainCRTStartup          0000000140025740 f   LIBCMTD:exe_winmain.obj
 0001:00024760       __raise_securityfailure    0000000140025760 f   LIBCMTD:gs_report.obj
 0001:000247a0       __report_gsfailure         00000001400257a0 f   LIBCMTD:gs_report.obj
 0001:00024880       __report_rangecheckfailure 0000000140025880 f   LIBCMTD:gs_report.obj
 0001:000248a0       __report_securityfailure   00000001400258a0 f   LIBCMTD:gs_report.obj
 0001:00024c00       NtCurrentTeb               0000000140025c00 f i LIBCMTD:utility.obj
 0001:00024c10       __scrt_acquire_startup_lock 0000000140025c10 f   LIBCMTD:utility.obj
 0001:00024c80       __scrt_initialize_crt      0000000140025c80 f   LIBCMTD:utility.obj
 0001:00024cd0       __scrt_initialize_onexit_tables 0000000140025cd0 f   LIBCMTD:utility.obj
 0001:00024de0       __scrt_is_nonwritable_in_current_image 0000000140025de0 f   LIBCMTD:utility.obj
 0001:00024e70       __scrt_release_startup_lock 0000000140025e70 f   LIBCMTD:utility.obj
 0001:00024ea0       __scrt_uninitialize_crt    0000000140025ea0 f   LIBCMTD:utility.obj
 0001:00024ee0       _onexit                    0000000140025ee0 f   LIBCMTD:utility.obj
 0001:00024f60       atexit                     0000000140025f60 f   LIBCMTD:utility.obj
 0001:00025060       __security_init_cookie     0000000140026060 f   LIBCMTD:gs_support.obj
 0001:000250e0       ?get_current_state_index@__crt_state_management@@YA_KAEBV__crt_scoped_get_last_error_reset@@@Z 00000001400260e0 f   libucrtd:per_thread_data.obj
 0001:000250e0       _matherr                   00000001400260e0 f   LIBCMTD:matherr.obj
 0001:000250f0       _get_startup_argv_mode     00000001400260f0 f   LIBCMTD:argv_mode.obj
 0001:00025100       _get_startup_commit_mode   0000000140026100 f   LIBCMTD:commit_mode.obj
 0001:00025100       _get_startup_new_mode      0000000140026100 f   LIBCMTD:new_mode.obj
 0001:00025100       ?get_invalid_value@__crt_hmodule_traits@@SAPEAUHINSTANCE__@@XZ 0000000140026100 f   libucrtd:exit.obj
 0001:00025100       __scrt_stub_for_initialize_mta 0000000140026100 f   LIBCMTD:utility_desktop.obj
 0001:00025100       _get_startup_thread_locale_mode 0000000140026100 f   LIBCMTD:thread_locale.obj
 0001:00025100       __scrt_exe_initialize_mta  0000000140026100 f   LIBCMTD:utility_desktop.obj
 0001:00025100       __scrt_initialize_winrt    0000000140026100 f   LIBCMTD:utility_desktop.obj
 0001:00025100       ?get_current_state_index@__crt_state_management@@YA_KXZ 0000000140026100 f   libucrtd:matherr.obj
 0001:00025110       _get_startup_file_mode     0000000140026110 f   LIBCMTD:file_mode.obj
 0001:00025120       ?__scrt_initialize_type_info@@YAXXZ 0000000140026120 f   LIBCMTD:tncleanup.obj
 0001:00025140       _should_initialize_environment 0000000140026140 f   LIBCMTD:env_mode.obj
 0001:00025150       _initialize_invalid_parameter_handler 0000000140026150 f   LIBCMTD:invalid_parameter_handler.obj
 0001:00025150       _initialize_denormal_control 0000000140026150 f   LIBCMTD:denormal_control.obj
 0001:00025160       __local_stdio_scanf_options 0000000140026160 f i LIBCMTD:default_local_stdio_options.obj
 0001:00025170       __scrt_initialize_default_local_stdio_options 0000000140026170 f   LIBCMTD:default_local_stdio_options.obj
 0001:000251c0       __scrt_is_user_matherr_present 00000001400261c0 f   LIBCMTD:matherr_detection.obj
 0001:000251f0       __scrt_get_dyn_tls_init_callback 00000001400261f0 f   LIBCMTD:dyn_tls_init.obj
 0001:00025200       __scrt_get_dyn_tls_dtor_callback 0000000140026200 f   LIBCMTD:dyn_tls_dtor.obj
 0001:00025210       __crt_debugger_hook        0000000140026210 f   LIBCMTD:utility_desktop.obj
 0001:00025220       __scrt_fastfail            0000000140026220 f   LIBCMTD:utility_desktop.obj
 0001:000253c0       __scrt_get_show_window_mode 00000001400263c0 f   LIBCMTD:utility_desktop.obj
 0001:00025420       __scrt_initialize_mta      0000000140026420 f   LIBCMTD:utility_desktop.obj
 0001:00025430       __scrt_is_managed_app      0000000140026430 f   LIBCMTD:utility_desktop.obj
 0001:000254e0       __scrt_set_unhandled_exception_filter 00000001400264e0 f   LIBCMTD:utility_desktop.obj
 0001:00025500       __scrt_unhandled_exception_filter 0000000140026500 f   LIBCMTD:utility_desktop.obj
 0001:000255a0       _RTC_Initialize            00000001400265a0 f   LIBCMTD:initsect.obj
 0001:000255f0       _RTC_Terminate             00000001400265f0 f   LIBCMTD:initsect.obj
 0001:00025640       _guard_check_icall_nop     0000000140026640 f i LIBCMTD:guard_support.obj
 0001:00025640       ??1scoped_global_state_reset@__crt_state_management@@QEAA@XZ 0000000140026640 f i libucrtd:onexit.obj
 0001:00025640       ??1?$__crt_simd_cleanup_guard@$0A@@@QEAA@XZ 0000000140026640 f i libucrtd:strnlen.obj
 0001:00025650       ReadNoFence64              0000000140026650 f i LIBCMTD:guard_support.obj
 0001:00025670       ReadPointerNoFence         0000000140026670 f i LIBCMTD:guard_support.obj
 0001:00025690       _guard_icall_checks_enforced 0000000140026690 f i LIBCMTD:guard_support.obj
 0001:000256d0       __isa_available_init       00000001400266d0 f   LIBCMTD:cpu_disp.obj
 0001:00025a70       __scrt_is_ucrt_dll_in_use  0000000140026a70 f   LIBCMTD:ucrt_detection.obj
 0001:00025aa0       __C_specific_handler       0000000140026aa0 f   libvcruntimed:riscchandler.obj
 0001:00025f10       __vcrt_initialize          0000000140026f10 f   libvcruntimed:initialization.obj
 0001:00025f50       __vcrt_uninitialize        0000000140026f50 f   libvcruntimed:initialization.obj
 0001:00025f70       ??$?RP6AXXZ@__crt_internal_free_policy@@QEBAXQEBQ6AXXZ@Z 0000000140026f70 f i libucrtd:onexit.obj
 0001:00025f70       ??$?RU__acrt_ptd@@@__crt_internal_free_policy@@QEBAXQEBU__acrt_ptd@@@Z 0000000140026f70 f i libucrtd:per_thread_data.obj
 0001:00025f70       ??$?RPEAD@__crt_internal_free_policy@@QEBAXQEBQEAD@Z 0000000140026f70 f i libucrtd:argv_parsing.obj
 0001:00025f70       ??$?RD@__crt_internal_free_policy@@QEBAXQEBD@Z 0000000140026f70 f i libvcruntimed:std_type_info.obj
 0001:00025f70       ??$?RE@__crt_internal_free_policy@@QEBAXQEBE@Z 0000000140026f70 f i libucrtd:argv_parsing.obj
 0001:00025f70       ??$?RU__crt_multibyte_data@@@__crt_internal_free_policy@@QEBAXQEBU__crt_multibyte_data@@@Z 0000000140026f70 f i libucrtd:wsetlocale.obj
 0001:00025f70       ??$?RU__vcrt_ptd@@@__crt_internal_free_policy@@QEBAXQEBU__vcrt_ptd@@@Z 0000000140026f70 f i libvcruntimed:per_thread_data.obj
 0001:00025f70       ??$?RPEAU__crt_stdio_stream_data@@@__crt_internal_free_policy@@QEBAXQEBQEAU__crt_stdio_stream_data@@@Z 0000000140026f70 f i libucrtd:_file.obj
 0001:00025f70       ??$?RU__crt_lowio_handle_data@@@__crt_internal_free_policy@@QEBAXQEBU__crt_lowio_handle_data@@@Z 0000000140026f70 f i libucrtd:osfinfo.obj
 0001:00025fa0       ??0?$string_output_adapter@_W@__crt_stdio_output@@QEAA@QEAU?$string_output_adapter_context@_W@1@@Z 0000000140026fa0 f i libucrtd:output.obj
 0001:00025fa0       ??0__crt_stdio_stream@@QEAA@QEAU_iobuf@@@Z 0000000140026fa0 f i libucrtd:output.obj
 0001:00025fa0       ??0__crt_stdio_stream@@QEAA@QEAU__crt_stdio_stream_data@@@Z 0000000140026fa0 f i libucrtd:fflush.obj
 0001:00025fa0       ??0?$__crt_unique_heap_ptr@DU__crt_internal_free_policy@@@@QEAA@QEAD@Z 0000000140026fa0 f i libvcruntimed:std_type_info.obj
 0001:00025fa0       ??0?$string_output_adapter@D@__crt_stdio_output@@QEAA@QEAU?$string_output_adapter_context@D@1@@Z 0000000140026fa0 f i libucrtd:output.obj
 0001:00025fa0       ??0?$__crt_unique_heap_ptr@PEADU__crt_internal_free_policy@@@@QEAA@QEAPEAD@Z 0000000140026fa0 f i libucrtd:argv_parsing.obj
 0001:00025fa0       ??0?$__crt_unique_heap_ptr@DU__crt_public_free_policy@@@@QEAA@QEAD@Z 0000000140026fa0 f i libvcruntimed:std_exception.obj
 0001:00025fa0       ??0?$__crt_unique_heap_ptr@U__acrt_ptd@@U__crt_internal_free_policy@@@@QEAA@QEAU__acrt_ptd@@@Z 0000000140026fa0 f i libucrtd:per_thread_data.obj
 0001:00025fa0       ??0?$__crt_scoped_stack_ptr@_W@@QEAA@U?$__crt_scoped_stack_ptr_tag@_W@@@Z 0000000140026fa0 f i libucrtd:getstringtypea.obj
 0001:00025fa0       ??0?$__crt_scoped_stack_ptr_tag@_W@@QEAA@QEA_W@Z 0000000140026fa0 f i libucrtd:getstringtypea.obj
 0001:00025fa0       ??0?$__crt_unique_heap_ptr@P6AXXZU__crt_internal_free_policy@@@@QEAA@QEAP6AXXZ@Z 0000000140026fa0 f i libucrtd:onexit.obj
 0001:00025fa0       ??0?$__crt_unique_heap_ptr@U__crt_multibyte_data@@U__crt_internal_free_policy@@@@QEAA@QEAU__crt_multibyte_data@@@Z 0000000140026fa0 f i libucrtd:wsetlocale.obj
 0001:00025fa0       ??0?$__crt_unique_heap_ptr@U__crt_lowio_handle_data@@U__crt_internal_free_policy@@@@QEAA@QEAU__crt_lowio_handle_data@@@Z 0000000140026fa0 f i libucrtd:osfinfo.obj
 0001:00025fa0       ??0?$__crt_unique_handle_t@U__crt_findfile_traits@@@@QEAA@QEAX@Z 0000000140026fa0 f i libucrtd:argv_wildcards.obj
 0001:00025fa0       ??0?$__crt_unique_heap_ptr@PEAU__crt_stdio_stream_data@@U__crt_internal_free_policy@@@@QEAA@QEAPEAU__crt_stdio_stream_data@@@Z 0000000140026fa0 f i libucrtd:_file.obj
 0001:00025fa0       ??0?$__crt_unique_heap_ptr@U__vcrt_ptd@@U__crt_internal_free_policy@@@@QEAA@QEAU__vcrt_ptd@@@Z 0000000140026fa0 f i libvcruntimed:per_thread_data.obj
 0001:00025fa0       ??0?$__crt_unique_handle_t@U__crt_hmodule_traits@@@@QEAA@QEAUHINSTANCE__@@@Z 0000000140026fa0 f i libucrtd:exit.obj
 0001:00025fa0       ??0?$__crt_unique_heap_ptr@EU__crt_internal_free_policy@@@@QEAA@QEAE@Z 0000000140026fa0 f i libucrtd:argv_parsing.obj
 0001:00025fc0       ??1?$__crt_unique_heap_ptr@U__vcrt_ptd@@U__crt_internal_free_policy@@@@QEAA@XZ 0000000140026fc0 f i libvcruntimed:per_thread_data.obj
 0001:00025fc0       ??1?$__crt_unique_heap_ptr@EU__crt_internal_free_policy@@@@QEAA@XZ 0000000140026fc0 f i libucrtd:argv_parsing.obj
 0001:00025fc0       ??1?$__crt_unique_heap_ptr@U__acrt_ptd@@U__crt_internal_free_policy@@@@QEAA@XZ 0000000140026fc0 f i libucrtd:per_thread_data.obj
 0001:00025fc0       ??1?$__crt_unique_heap_ptr@PEADU__crt_internal_free_policy@@@@QEAA@XZ 0000000140026fc0 f i libucrtd:argv_parsing.obj
 0001:00025fc0       ??1?$__crt_unique_heap_ptr@DU__crt_internal_free_policy@@@@QEAA@XZ 0000000140026fc0 f i libvcruntimed:std_type_info.obj
 0001:00025fc0       ??1?$__crt_unique_heap_ptr@U__crt_multibyte_data@@U__crt_internal_free_policy@@@@QEAA@XZ 0000000140026fc0 f i libucrtd:wsetlocale.obj
 0001:00025fc0       ??1?$__crt_unique_heap_ptr@P6AXXZU__crt_internal_free_policy@@@@QEAA@XZ 0000000140026fc0 f i libucrtd:onexit.obj
 0001:00025fc0       ??1?$__crt_unique_heap_ptr@PEAU__crt_stdio_stream_data@@U__crt_internal_free_policy@@@@QEAA@XZ 0000000140026fc0 f i libucrtd:_file.obj
 0001:00025fc0       ??1?$__crt_unique_heap_ptr@U__crt_lowio_handle_data@@U__crt_internal_free_policy@@@@QEAA@XZ 0000000140026fc0 f i libucrtd:osfinfo.obj
 0001:00025fe0       ??B?$__crt_unique_heap_ptr@U__vcrt_ptd@@U__crt_internal_free_policy@@@@QEBA_NXZ 0000000140026fe0 f i libvcruntimed:per_thread_data.obj
 0001:00025fe0       ??B?$__crt_unique_heap_ptr@U__crt_multibyte_data@@U__crt_internal_free_policy@@@@QEBA_NXZ 0000000140026fe0 f i libucrtd:wsetlocale.obj
 0001:00025fe0       ??B?$__crt_unique_heap_ptr@U__acrt_ptd@@U__crt_internal_free_policy@@@@QEBA_NXZ 0000000140026fe0 f i libucrtd:per_thread_data.obj
 0001:00025fe0       ??B?$__crt_unique_heap_ptr@DU__crt_internal_free_policy@@@@QEBA_NXZ 0000000140026fe0 f i libvcruntimed:std_type_info.obj
 0001:00025fe0       ??B?$__crt_unique_heap_ptr@U__crt_lowio_handle_data@@U__crt_internal_free_policy@@@@QEBA_NXZ 0000000140026fe0 f i libucrtd:osfinfo.obj
 0001:00025fe0       ??B?$__crt_unique_heap_ptr@EU__crt_internal_free_policy@@@@QEBA_NXZ 0000000140026fe0 f i libucrtd:argv_parsing.obj
 0001:00025fe0       ??B?$__crt_unique_heap_ptr@DU__crt_public_free_policy@@@@QEBA_NXZ 0000000140026fe0 f i libvcruntimed:std_exception.obj
 0001:00026000       ?__crt_interlocked_read_64@@YA_JPED_J@Z 0000000140027000 f i libvcruntimed:std_type_info.obj
 0001:00026020       ?get@?$__crt_scoped_stack_ptr@_W@@QEBAPEA_WXZ 0000000140027020 f i libucrtd:getstringtypea.obj
 0001:00026020       ?get@?$__crt_unique_handle_t@U__crt_findfile_traits@@@@QEBAPEAXXZ 0000000140027020 f i libucrtd:argv_wildcards.obj
 0001:00026020       ?get@?$__crt_unique_heap_ptr@U__crt_lowio_handle_data@@U__crt_internal_free_policy@@@@QEBAPEAU__crt_lowio_handle_data@@XZ 0000000140027020 f i libucrtd:osfinfo.obj
 0001:00026020       ??C__crt_stdio_stream@@QEBAPEAU__crt_stdio_stream_data@@XZ 0000000140027020 f i libucrtd:output.obj
 0001:00026020       ?get@?$__crt_unique_heap_ptr@DU__crt_public_free_policy@@@@QEBAPEADXZ 0000000140027020 f i libvcruntimed:std_exception.obj
 0001:00026020       ?save_state@?$c_string_character_source@D@__crt_strtox@@QEBAPEBDXZ 0000000140027020 f i libucrtd:atox.obj
 0001:00026020       ?get@?$__crt_unique_heap_ptr@EU__crt_internal_free_policy@@@@QEBAPEAEXZ 0000000140027020 f i libucrtd:argv_parsing.obj
 0001:00026020       ?get@?$__crt_unique_handle_t@U__crt_hmodule_traits@@@@QEBAPEAUHINSTANCE__@@XZ 0000000140027020 f i libucrtd:exit.obj
 0001:00026020       ?public_stream@__crt_stdio_stream@@QEBAPEAU_iobuf@@XZ 0000000140027020 f i libucrtd:output.obj
 0001:00026020       ?get@?$__crt_unique_heap_ptr@U__acrt_ptd@@U__crt_internal_free_policy@@@@QEBAPEAU__acrt_ptd@@XZ 0000000140027020 f i libucrtd:per_thread_data.obj
 0001:00026020       ?get@?$__crt_unique_heap_ptr@PEADU__crt_internal_free_policy@@@@QEBAPEAPEADXZ 0000000140027020 f i libucrtd:argv_parsing.obj
 0001:00026020       ?get@?$__crt_unique_heap_ptr@U__vcrt_ptd@@U__crt_internal_free_policy@@@@QEBAPEAU__vcrt_ptd@@XZ 0000000140027020 f i libvcruntimed:per_thread_data.obj
 0001:00026020       ?get@?$__crt_unique_heap_ptr@DU__crt_internal_free_policy@@@@QEBAPEADXZ 0000000140027020 f i libvcruntimed:std_type_info.obj
 0001:00026020       ?get@?$__crt_unique_heap_ptr@U__crt_multibyte_data@@U__crt_internal_free_policy@@@@QEBAPEAU__crt_multibyte_data@@XZ 0000000140027020 f i libucrtd:wsetlocale.obj
 0001:00026020       ?save_state@?$c_string_character_source@_W@__crt_strtox@@QEBAPEB_WXZ 0000000140027020 f i libucrtd:atox.obj
 0001:00026030       ??B?$__crt_scoped_stack_ptr@_W@@QEBA_NXZ 0000000140027030 f i libucrtd:lcmapstringa.obj
 0001:00026030       ?is_valid@?$__crt_unique_heap_ptr@EU__crt_internal_free_policy@@@@QEBA_NXZ 0000000140027030 f i libucrtd:argv_parsing.obj
 0001:00026030       ?is_valid@?$__crt_unique_heap_ptr@U__crt_multibyte_data@@U__crt_internal_free_policy@@@@QEBA_NXZ 0000000140027030 f i libucrtd:wsetlocale.obj
 0001:00026030       ?is_valid@?$__crt_unique_heap_ptr@U__crt_lowio_handle_data@@U__crt_internal_free_policy@@@@QEBA_NXZ 0000000140027030 f i libucrtd:osfinfo.obj
 0001:00026030       ?is_valid@?$__crt_unique_heap_ptr@DU__crt_public_free_policy@@@@QEBA_NXZ 0000000140027030 f i libvcruntimed:std_exception.obj
 0001:00026030       ?is_valid@?$__crt_unique_heap_ptr@U__acrt_ptd@@U__crt_internal_free_policy@@@@QEBA_NXZ 0000000140027030 f i libucrtd:per_thread_data.obj
 0001:00026030       ?is_valid@?$__crt_unique_heap_ptr@DU__crt_internal_free_policy@@@@QEBA_NXZ 0000000140027030 f i libvcruntimed:std_type_info.obj
 0001:00026030       ?is_valid@?$__crt_unique_heap_ptr@U__vcrt_ptd@@U__crt_internal_free_policy@@@@QEBA_NXZ 0000000140027030 f i libvcruntimed:per_thread_data.obj
 0001:00026030       ?valid@__crt_stdio_stream@@QEBA_NXZ 0000000140027030 f i libucrtd:output.obj
 0001:00026060       ?release@?$__crt_unique_heap_ptr@P6AXXZU__crt_internal_free_policy@@@@QEAAXXZ 0000000140027060 f i libucrtd:onexit.obj
 0001:00026060       ?release@?$__crt_unique_heap_ptr@EU__crt_internal_free_policy@@@@QEAAXXZ 0000000140027060 f i libucrtd:argv_parsing.obj
 0001:00026060       ?release@?$__crt_unique_heap_ptr@DU__crt_internal_free_policy@@@@QEAAXXZ 0000000140027060 f i libvcruntimed:std_type_info.obj
 0001:00026060       ?release@?$__crt_unique_heap_ptr@U__crt_lowio_handle_data@@U__crt_internal_free_policy@@@@QEAAXXZ 0000000140027060 f i libucrtd:osfinfo.obj
 0001:00026060       ?release@?$__crt_unique_heap_ptr@PEAU__crt_stdio_stream_data@@U__crt_internal_free_policy@@@@QEAAXXZ 0000000140027060 f i libucrtd:_file.obj
 0001:00026060       ?release@?$__crt_unique_heap_ptr@PEADU__crt_internal_free_policy@@@@QEAAXXZ 0000000140027060 f i libucrtd:argv_parsing.obj
 0001:00026060       ?release@?$__crt_unique_heap_ptr@U__crt_multibyte_data@@U__crt_internal_free_policy@@@@QEAAXXZ 0000000140027060 f i libucrtd:wsetlocale.obj
 0001:00026060       ?release@?$__crt_unique_heap_ptr@U__vcrt_ptd@@U__crt_internal_free_policy@@@@QEAAXXZ 0000000140027060 f i libvcruntimed:per_thread_data.obj
 0001:00026060       ?release@?$__crt_unique_heap_ptr@U__acrt_ptd@@U__crt_internal_free_policy@@@@QEAAXXZ 0000000140027060 f i libucrtd:per_thread_data.obj
 0001:00026090       __std_type_info_compare    0000000140027090 f   libvcruntimed:std_type_info.obj
 0001:000260d0       __DestructExceptionObject  00000001400270d0 f   libvcruntimed:ehhelpers.obj
 0001:000261d0       ?_CallMemberFunction0@@YAXQEAX0@Z 00000001400271d0 f i libvcruntimed:ehhelpers.obj
 0001:000262a0       _IsExceptionObjectToBeDestroyed 00000001400272a0 f   libvcruntimed:ehhelpers.obj
 0001:000262f0       __AdjustPointer            00000001400272f0 f   libvcruntimed:ehhelpers.obj
 0001:00026370       __FrameUnwindFilter        0000000140027370 f   libvcruntimed:ehhelpers.obj
 0001:00026420       __current_exception        0000000140027420 f   libvcruntimed:ehhelpers.obj
 0001:00026440       __current_exception_context 0000000140027440 f   libvcruntimed:ehhelpers.obj
 0001:00026470       _NLG_Notify                0000000140027470 f   libvcruntimed:notify.obj
 0001:00026490       __NLG_Dispatch2            0000000140027490 f   libvcruntimed:notify.obj
 0001:000264a0       __NLG_Return2              00000001400274a0 f   libvcruntimed:notify.obj
 0001:000264b0       __except_validate_context_record 00000001400274b0 f   libvcruntimed:jbcxrval.obj
 0001:00026550       ?detach@?$__crt_unique_heap_ptr@U__crt_multibyte_data@@U__crt_internal_free_policy@@@@QEAAPEAU__crt_multibyte_data@@XZ 0000000140027550 f i libucrtd:wsetlocale.obj
 0001:00026550       ?detach@?$__crt_unique_heap_ptr@PEADU__crt_internal_free_policy@@@@QEAAPEAPEADXZ 0000000140027550 f i libucrtd:argv_parsing.obj
 0001:00026550       ?detach@?$__crt_unique_heap_ptr@EU__crt_internal_free_policy@@@@QEAAPEAEXZ 0000000140027550 f i libucrtd:argv_parsing.obj
 0001:00026550       ?detach@?$__crt_unique_heap_ptr@PEAU__crt_stdio_stream_data@@U__crt_internal_free_policy@@@@QEAAPEAPEAU__crt_stdio_stream_data@@XZ 0000000140027550 f i libucrtd:_file.obj
 0001:00026550       ?detach@?$__crt_unique_heap_ptr@U__vcrt_ptd@@U__crt_internal_free_policy@@@@QEAAPEAU__vcrt_ptd@@XZ 0000000140027550 f i libvcruntimed:per_thread_data.obj
 0001:00026550       ?detach@?$__crt_unique_heap_ptr@U__crt_lowio_handle_data@@U__crt_internal_free_policy@@@@QEAAPEAU__crt_lowio_handle_data@@XZ 0000000140027550 f i libucrtd:osfinfo.obj
 0001:00026550       ?detach@?$__crt_unique_heap_ptr@P6AXXZU__crt_internal_free_policy@@@@QEAAPEAP6AXXZXZ 0000000140027550 f i libucrtd:onexit.obj
 0001:00026550       ?detach@?$__crt_unique_heap_ptr@DU__crt_public_free_policy@@@@QEAAPEADXZ 0000000140027550 f i libvcruntimed:std_exception.obj
 0001:00026550       ?detach@?$__crt_unique_heap_ptr@U__acrt_ptd@@U__crt_internal_free_policy@@@@QEAAPEAU__acrt_ptd@@XZ 0000000140027550 f i libucrtd:per_thread_data.obj
 0001:000265c0       __vcrt_freefls             00000001400275c0 f   libvcruntimed:per_thread_data.obj
 0001:00026600       __vcrt_getptd              0000000140027600 f   libvcruntimed:per_thread_data.obj
 0001:00026630       __vcrt_getptd_noexit       0000000140027630 f   libvcruntimed:per_thread_data.obj
 0001:000267d0       __vcrt_initialize_ptd      00000001400277d0 f   libvcruntimed:per_thread_data.obj
 0001:00026820       __vcrt_uninitialize_ptd    0000000140027820 f   libvcruntimed:per_thread_data.obj
 0001:00026850       __vcrt_initialize_locks    0000000140027850 f   libvcruntimed:locks.obj
 0001:000268c0       __vcrt_uninitialize_locks  00000001400278c0 f   libvcruntimed:locks.obj
 0001:00026920       _vsprintf_s_l              0000000140027920 f i libvcruntimed:undname.obj
 0001:00026990       sprintf_s                  0000000140027990 f i libvcruntimed:undname.obj
 0001:000269f0       ??$__crt_interlocked_exchange_pointer@UHINSTANCE__@@PEAU1@@@YAPEAUHINSTANCE__@@PEDSEAU0@QEAU0@@Z 00000001400279f0 f i libvcruntimed:winapi_downlevel.obj
 0001:000269f0       ??$__crt_interlocked_exchange_pointer@XPEAX@@YAPEAXPEDSEAXQEAX@Z 00000001400279f0 f i libvcruntimed:winapi_downlevel.obj
 0001:000269f0       ??$__crt_interlocked_exchange_pointer@UHINSTANCE__@@PEAX@@YAPEAUHINSTANCE__@@PEDSEAU0@QEAX@Z 00000001400279f0 f i libvcruntimed:winapi_downlevel.obj
 0001:00026a10       ??$__crt_interlocked_read_pointer@UHINSTANCE__@@@@YAPEAUHINSTANCE__@@PEDSEAU0@@Z 0000000140027a10 f i libvcruntimed:winapi_downlevel.obj
 0001:00026a10       ??$__crt_interlocked_read_pointer@X@@YAPEAXPEDSEAX@Z 0000000140027a10 f i libvcruntimed:winapi_downlevel.obj
 0001:00026a30       ?get_invalid_value@__crt_findfile_traits@@SAPEAXXZ 0000000140027a30 f   libucrtd:argv_wildcards.obj
 0001:00026f20       __vcrt_FlsAlloc            0000000140027f20 f   libvcruntimed:winapi_downlevel.obj
 0001:00026f70       __vcrt_FlsFree             0000000140027f70 f   libvcruntimed:winapi_downlevel.obj
 0001:00026fc0       __vcrt_FlsGetValue         0000000140027fc0 f   libvcruntimed:winapi_downlevel.obj
 0001:00027010       __vcrt_FlsSetValue         0000000140028010 f   libvcruntimed:winapi_downlevel.obj
 0001:00027070       __vcrt_InitializeCriticalSectionEx 0000000140028070 f   libvcruntimed:winapi_downlevel.obj
 0001:000270f0       memcpy_repmovs             00000001400280f0 f   libvcruntimed:memcpy.obj
 0001:00027110       memcpy                     0000000140028110 f   libvcruntimed:memcpy.obj
 0001:00027110       memmove                    0000000140028110 f   libvcruntimed:memcpy.obj
 0001:00027790       ??$?0AEAViterator@TryBlockMap@__FrameHandler3@@AEAV012@$0A@@?$pair@Viterator@TryBlockMap@__FrameHandler3@@V123@@std@@QEAA@AEAViterator@TryBlockMap@__FrameHandler3@@0@Z 0000000140028790 f i libvcruntimed:risctrnsctrl.obj
 0001:000278a0       ??$_CallSETranslator@V__FrameHandler3@@@@YAHPEAUEHExceptionRecord@@PEA_KPEAU_CONTEXT@@PEAU_xDISPATCHER_CONTEXT@@PEBU_s_FuncInfo@@K1H@Z 00000001400288a0 f i libvcruntimed:risctrnsctrl.obj
 0001:00027930       ?dangerous_get_state_array@?$dual_state_global@P6AXPEB_W00I_K@Z@__crt_state_management@@QEAAPEAP6AXPEB_W00I_K@ZXZ 0000000140028930 f i libucrtd:invalid_parameter.obj
 0001:00027930       ?dangerous_get_state_array@?$dual_state_global@PEAU__crt_locale_data@@@__crt_state_management@@QEAAPEAPEAU__crt_locale_data@@XZ 0000000140028930 f i libucrtd:per_thread_data.obj
 0001:00027930       ?get_address_of@?$__crt_unique_handle_t@U__crt_hmodule_traits@@@@QEAAPEAPEAUHINSTANCE__@@XZ 0000000140028930 f i libucrtd:exit.obj
 0001:00027930       ?dangerous_get_state_array@?$dual_state_global@PEAE@__crt_state_management@@QEAAPEAPEAEXZ 0000000140028930 f i libucrtd:mbctype.obj
 0001:00027930       ?get_address_of@?$__crt_unique_heap_ptr@PEADU__crt_internal_free_policy@@@@QEAAPEAPEAPEADXZ 0000000140028930 f i libucrtd:argv_parsing.obj
 0001:00027930       ?debug_info@?$__crt_win32_buffer@_WU__crt_win32_buffer_internal_dynamic_resizing@@@@QEBAAEBV__crt_win32_buffer_empty_debug_info@@XZ 0000000140028930 f i libucrtd:argv_wildcards.obj
 0001:00027930       ?dangerous_get_state_array@?$dual_state_global@PEAU__crt_multibyte_data@@@__crt_state_management@@QEAAPEAPEAU__crt_multibyte_data@@XZ 0000000140028930 f i libucrtd:mbctype.obj
 0001:00027930       ?debug_info@?$__crt_win32_buffer@DU__crt_win32_buffer_internal_dynamic_resizing@@@@QEBAAEBV__crt_win32_buffer_empty_debug_info@@XZ 0000000140028930 f i libucrtd:argv_wildcards.obj
 0001:00027930       ??$forward@AEAViterator@TryBlockMap@__FrameHandler3@@@std@@YAAEAViterator@TryBlockMap@__FrameHandler3@@AEAV123@@Z 0000000140028930 f i libvcruntimed:risctrnsctrl.obj
 0001:00027930       ?dangerous_get_state_array@?$dual_state_global@H@__crt_state_management@@QEAAPEAHXZ 0000000140028930 f i libucrtd:txtmode.obj
 0001:00027930       ?debug_info@?$__crt_win32_buffer@DU__crt_win32_buffer_no_resizing@@@@QEBAAEBV__crt_win32_buffer_empty_debug_info@@XZ 0000000140028930 f i libucrtd:getmodulefilenamea.obj
 0001:00027940       ??0iterator@TryBlockMap@__FrameHandler3@@QEAA@AEAV12@I@Z 0000000140028940 f i libvcruntimed:risctrnsctrl.obj
 0001:00027940       ??0iterator@HandlerMap@__FrameHandler3@@QEAA@AEAV12@I@Z 0000000140028940 f i libvcruntimed:frame.obj
 0001:00027970       ?CatchTryBlock@__FrameHandler3@@SAPEBU_s_TryBlockMapEntry@@PEBU_s_FuncInfo@@H@Z 0000000140028970 f   libvcruntimed:risctrnsctrl.obj
 0001:00027a00       ?ExecutionInCatch@__FrameHandler3@@SA_NPEAU_xDISPATCHER_CONTEXT@@PEBU_s_FuncInfo@@@Z 0000000140028a00 f   libvcruntimed:risctrnsctrl.obj
 0001:00027a50       ?FrameUnwindToEmptyState@__FrameHandler3@@SAXPEA_KPEAU_xDISPATCHER_CONTEXT@@PEBU_s_FuncInfo@@@Z 0000000140028a50 f   libvcruntimed:risctrnsctrl.obj
 0001:00027af0       ?GetEstablisherFrame@__FrameHandler3@@SAPEA_KPEA_KPEAU_xDISPATCHER_CONTEXT@@PEBU_s_FuncInfo@@0@Z 0000000140028af0 f   libvcruntimed:risctrnsctrl.obj
 0001:00027c60       ?GetRangeOfTrysToCheck@__FrameHandler3@@SA?AU?$pair@Viterator@TryBlockMap@__FrameHandler3@@V123@@std@@AEAVTryBlockMap@1@HPEAU_xDISPATCHER_CONTEXT@@PEBU_s_FuncInfo@@H@Z 0000000140028c60 f   libvcruntimed:risctrnsctrl.obj
 0001:00027ea0       ?UnwindNestedFrames@__FrameHandler3@@SAXPEA_KPEAUEHExceptionRecord@@PEAU_CONTEXT@@0PEAXPEBU_s_FuncInfo@@HHPEBU_s_HandlerType@@PEAU_xDISPATCHER_CONTEXT@@E@Z 0000000140028ea0 f   libvcruntimed:risctrnsctrl.obj
 0001:00028010       _CreateFrameInfo           0000000140029010 f   libvcruntimed:risctrnsctrl.obj
 0001:00028080       _FindAndUnlinkFrame        0000000140029080 f   libvcruntimed:risctrnsctrl.obj
 0001:00028100       _GetImageBase              0000000140029100 f   libvcruntimed:risctrnsctrl.obj
 0001:00028120       _GetThrowImageBase         0000000140029120 f   libvcruntimed:risctrnsctrl.obj
 0001:00028140       _SetImageBase              0000000140029140 f   libvcruntimed:risctrnsctrl.obj
 0001:00028160       _SetThrowImageBase         0000000140029160 f   libvcruntimed:risctrnsctrl.obj
 0001:00028180       __CxxFrameHandler3         0000000140029180 f   libvcruntimed:risctrnsctrl.obj
 0001:00028260       ?GetCurrentState@__FrameHandler3@@SAHPEA_KPEAU_xDISPATCHER_CONTEXT@@PEBU_s_FuncInfo@@@Z 0000000140029260 f   libvcruntimed:ehstate.obj
 0001:000282c0       ?GetUnwindTryBlock@__FrameHandler3@@SAHPEA_KPEAU_xDISPATCHER_CONTEXT@@PEBU_s_FuncInfo@@@Z 00000001400292c0 f   libvcruntimed:ehstate.obj
 0001:00028310       ?SetState@__FrameHandler3@@SAXPEA_KPEBU_s_FuncInfo@@H@Z 0000000140029310 f   libvcruntimed:ehstate.obj
 0001:00028340       ?SetUnwindTryBlock@__FrameHandler3@@SAXPEA_KPEAU_xDISPATCHER_CONTEXT@@PEBU_s_FuncInfo@@H@Z 0000000140029340 f   libvcruntimed:ehstate.obj
 0001:000283b0       ?StateFromControlPc@__FrameHandler3@@SAHPEBU_s_FuncInfo@@PEAU_xDISPATCHER_CONTEXT@@@Z 00000001400293b0 f   libvcruntimed:ehstate.obj
 0001:000283f0       ?StateFromIp@__FrameHandler3@@SAHPEBU_s_FuncInfo@@PEAU_xDISPATCHER_CONTEXT@@_K@Z 00000001400293f0 f   libvcruntimed:ehstate.obj
 0001:000284e0       ?__RVAtoRealOffset@@YA_KPEAU_xDISPATCHER_CONTEXT@@H@Z 00000001400294e0 f i libvcruntimed:ehstate.obj
 0001:000296b0       ??$TypeMatchHelper@V__FrameHandler3@@@@YAHPEBU_s_HandlerType@@PEBU_s_CatchableType@@PEBU_s_ThrowInfo@@@Z 000000014002a6b0 f i libvcruntimed:frame.obj
 0001:000298b0       ??$__InternalCxxFrameHandler@V__FrameHandler3@@@@YA?AW4_EXCEPTION_DISPOSITION@@PEAUEHExceptionRecord@@PEA_KPEAU_CONTEXT@@PEAU_xDISPATCHER_CONTEXT@@PEBU_s_FuncInfo@@H1E@Z 000000014002a8b0 f i libvcruntimed:frame.obj
 0001:00029d20       ??0HandlerMap@__FrameHandler3@@QEAA@PEBU_s_TryBlockMapEntry@@_KI@Z 000000014002ad20 f i libvcruntimed:frame.obj
 0001:00029d70       ??0TryBlockMap@__FrameHandler3@@QEAA@PEBU_s_FuncInfo@@_K@Z 000000014002ad70 f i libvcruntimed:frame.obj
 0001:00029da0       ??0bad_exception@std@@QEAA@AEBV01@@Z 000000014002ada0 f i libvcruntimed:frame.obj
 0001:00029de0       ??0bad_exception@std@@QEAA@XZ 000000014002ade0 f i libvcruntimed:frame.obj
 0001:00029e20       ??0exception@std@@QEAA@AEBV01@@Z 000000014002ae20 f i libvcruntimed:frame.obj
 0001:00029e80       ??0exception@std@@QEAA@QEBDH@Z 000000014002ae80 f i libvcruntimed:frame.obj
 0001:00029ed0       ??1bad_exception@std@@UEAA@XZ 000000014002aed0 f i libvcruntimed:frame.obj
 0001:00029ef0       ??1exception@std@@UEAA@XZ  000000014002aef0 f i libvcruntimed:frame.obj
 0001:00029f20       ??8iterator@HandlerMap@__FrameHandler3@@QEBA_NAEBV012@@Z 000000014002af20 f i libvcruntimed:frame.obj
 0001:00029f60       ??8type_info@@QEBA_NAEBV0@@Z 000000014002af60 f i libvcruntimed:frame.obj
 0001:00029fb0       ??9iterator@HandlerMap@__FrameHandler3@@QEBA_NAEBV012@@Z 000000014002afb0 f i libvcruntimed:frame.obj
 0001:00029ff0       ??Diterator@HandlerMap@__FrameHandler3@@QEAA?BU_s_HandlerType@@XZ 000000014002aff0 f i libvcruntimed:frame.obj
 0001:0002a030       ??Diterator@TryBlockMap@__FrameHandler3@@QEAA?BU_s_TryBlockMapEntry@@XZ 000000014002b030 f i libvcruntimed:frame.obj
 0001:0002a080       ??Eiterator@TryBlockMap@__FrameHandler3@@QEAAAEAV012@XZ 000000014002b080 f i libvcruntimed:frame.obj
 0001:0002a080       ??Eiterator@HandlerMap@__FrameHandler3@@QEAAAEAV012@XZ 000000014002b080 f i libvcruntimed:frame.obj
 0001:0002a0a0       ??Miterator@TryBlockMap@__FrameHandler3@@QEBA_NAEBV012@@Z 000000014002b0a0 f i libvcruntimed:frame.obj
 0001:0002a0e0       ??_Gbad_exception@std@@UEAAPEAXI@Z 000000014002b0e0 f i libvcruntimed:frame.obj
 0001:0002a0e0       ??_Ebad_exception@std@@UEAAPEAXI@Z 000000014002b0e0 f i libvcruntimed:frame.obj
 0001:0002a120       ??_Eexception@std@@UEAAPEAXI@Z 000000014002b120 f i libvcruntimed:frame.obj
 0001:0002a120       ??_Gexception@std@@UEAAPEAXI@Z 000000014002b120 f i libvcruntimed:frame.obj
 0001:0002a160       ?BuildCatchObject@__FrameHandler3@@SAXPEAUEHExceptionRecord@@PEAXPEBU_s_HandlerType@@PEBU_s_CatchableType@@@Z 000000014002b160 f   libvcruntimed:frame.obj
 0001:0002a1a0       ?CxxCallCatchBlock@__FrameHandler3@@SAPEAXPEAU_EXCEPTION_RECORD@@@Z 000000014002b1a0 f   libvcruntimed:frame.obj
 0001:0002a500       ?FrameUnwindToState@__FrameHandler3@@SAXPEA_KPEAU_xDISPATCHER_CONTEXT@@PEBU_s_FuncInfo@@H@Z 000000014002b500 f   libvcruntimed:frame.obj
 0001:0002a750       ?GetHandlerSearchState@__FrameHandler3@@SAHPEA_KPEAU_xDISPATCHER_CONTEXT@@PEBU_s_FuncInfo@@@Z 000000014002b750 f i libvcruntimed:frame.obj
 0001:0002a800       ?GetMaxState@__FrameHandler3@@SAHPEAU_xDISPATCHER_CONTEXT@@PEBU_s_FuncInfo@@@Z 000000014002b800 f i libvcruntimed:frame.obj
 0001:0002aa00       ?TypeMatch@__FrameHandler3@@SAHPEBU_s_HandlerType@@PEBU_s_CatchableType@@PEBU_s_ThrowInfo@@@Z 000000014002ba00 f   libvcruntimed:frame.obj
 0001:0002aa00       __TypeMatch                000000014002ba00 f   libvcruntimed:frame.obj
 0001:0002aa30       ?_CallMemberFunction1@@YAXQEAX00@Z 000000014002ba30 f i libvcruntimed:frame.obj
 0001:0002aa70       ?_CallMemberFunction2@@YAXQEAX00H@Z 000000014002ba70 f i libvcruntimed:frame.obj
 0001:0002ab00       ?begin@HandlerMap@__FrameHandler3@@QEAA?AViterator@12@XZ 000000014002bb00 f i libvcruntimed:frame.obj
 0001:0002ab30       ?end@HandlerMap@__FrameHandler3@@QEAA?AViterator@12@XZ 000000014002bb30 f i libvcruntimed:frame.obj
 0001:0002ab60       ?getESTypes@__FrameHandler3@@SAPEBU_s_ESTypeList@@PEBU_s_FuncInfo@@@Z 000000014002bb60 f i libvcruntimed:frame.obj
 0001:0002aba0       ?getLastEntry@HandlerMap@__FrameHandler3@@QEAAPEBU_s_HandlerType@@XZ 000000014002bba0 f i libvcruntimed:frame.obj
 0001:0002abc0       ?getMagicNum@__FrameHandler3@@SAIPEBU_s_FuncInfo@@@Z 000000014002bbc0 f i libvcruntimed:frame.obj
 0001:0002abe0       ?getNumTryBlocks@TryBlockMap@__FrameHandler3@@QEAAIXZ 000000014002bbe0 f i libvcruntimed:frame.obj
 0001:0002ac00       ?isEHs@__FrameHandler3@@SA_NPEBU_s_FuncInfo@@@Z 000000014002bc00 f i libvcruntimed:frame.obj
 0001:0002ac40       ?isNoExcept@__FrameHandler3@@SA_NPEBU_s_FuncInfo@@@Z 000000014002bc40 f i libvcruntimed:frame.obj
 0001:0002ac80       ?what@exception@std@@UEBAPEBDXZ 000000014002bc80 f i libvcruntimed:frame.obj
 0001:0002acc0       __vcrt_EncodePointer       000000014002bcc0 f i libvcruntimed:frame.obj
 0001:0002acf0       memset_repmovs             000000014002bcf0 f   libvcruntimed:memset.obj
 0001:0002ad10       memset                     000000014002bd10 f   libvcruntimed:memset.obj
 0001:0002aeb0       _CallSettingFrame          000000014002beb0 f   libvcruntimed:handlers.obj
 0001:0002af00       _CallSettingFrame_LookupContinuationIndex 000000014002bf00 f   libvcruntimed:handlers.obj
 0001:0002af30       _CallSettingFrame_NotifyContinuationAddr 000000014002bf30 f   libvcruntimed:handlers.obj
 0001:0002af60       _CallSettingFrameEncoded   000000014002bf60 f   libvcruntimed:handlers.obj
 0001:0002afb0       ??$?RD@__crt_public_free_policy@@QEBAXQEBD@Z 000000014002bfb0 f i libvcruntimed:std_exception.obj
 0001:0002afd0       ??1?$__crt_unique_heap_ptr@DU__crt_public_free_policy@@@@QEAA@XZ 000000014002bfd0 f i libvcruntimed:std_exception.obj
 0001:0002aff0       ?release@?$__crt_unique_heap_ptr@DU__crt_public_free_policy@@@@QEAAXXZ 000000014002bff0 f i libvcruntimed:std_exception.obj
 0001:0002b020       __std_exception_copy       000000014002c020 f   libvcruntimed:std_exception.obj
 0001:0002b160       __std_exception_destroy    000000014002c160 f   libvcruntimed:std_exception.obj
 0001:0002b1a0       _CxxThrowException         000000014002c1a0 f   libvcruntimed:throw.obj
 0001:0002b2d0       free                       000000014002c2d0 f   libucrtd:free.obj
 0001:0002b300       malloc                     000000014002c300 f   libucrtd:malloc.obj
 0001:0002b330       ??$?0AEBV?$stream_output_adapter@_W@__crt_stdio_output@@AEB_KAEBQEB_WAEBQEAU__crt_locale_pointers@@AEBQEAD@?$standard_base@_WV?$stream_output_adapter@_W@__crt_stdio_output@@@__crt_stdio_output@@IEAA@AEBV?$stream_output_adapter@_W@1@AEB_KAEBQEB_WAEBQEAU__crt_locale_pointers@@AEBQEAD@Z 000000014002c330 f i libucrtd:output.obj
 0001:0002b330       ??$?0AEBV?$string_output_adapter@_W@__crt_stdio_output@@AEB_KAEBQEB_WAEBQEAU__crt_locale_pointers@@AEBQEAD@?$standard_base@_WV?$string_output_adapter@_W@__crt_stdio_output@@@__crt_stdio_output@@IEAA@AEBV?$string_output_adapter@_W@1@AEB_KAEBQEB_WAEBQEAU__crt_locale_pointers@@AEBQEAD@Z 000000014002c330 f i libucrtd:output.obj
 0001:0002b3a0       ??$?0AEBV?$string_output_adapter@D@__crt_stdio_output@@AEB_KAEBQEBDAEBQEAU__crt_locale_pointers@@AEBQEAD@?$format_validation_base@DV?$string_output_adapter@D@__crt_stdio_output@@@__crt_stdio_output@@IEAA@AEBV?$string_output_adapter@D@1@AEB_KAEBQEBDAEBQEAU__crt_locale_pointers@@AEBQEAD@Z 000000014002c3a0 f i libucrtd:output.obj
 0001:0002b3f0       ??$?0AEBV?$string_output_adapter@D@__crt_stdio_output@@AEB_KAEBQEBDAEBQEAU__crt_locale_pointers@@AEBQEAD@?$standard_base@DV?$string_output_adapter@D@__crt_stdio_output@@@__crt_stdio_output@@IEAA@AEBV?$string_output_adapter@D@1@AEB_KAEBQEBDAEBQEAU__crt_locale_pointers@@AEBQEAD@Z 000000014002c3f0 f i libucrtd:output.obj
 0001:0002b460       ??$?0AEBV?$string_output_adapter@_W@__crt_stdio_output@@AEB_KAEBQEB_WAEBQEAU__crt_locale_pointers@@AEBQEAD@?$format_validation_base@_WV?$string_output_adapter@_W@__crt_stdio_output@@@__crt_stdio_output@@IEAA@AEBV?$string_output_adapter@_W@1@AEB_KAEBQEB_WAEBQEAU__crt_locale_pointers@@AEBQEAD@Z 000000014002c460 f i libucrtd:output.obj
 0001:0002b550       ??$__crt_interlocked_read@J@@YAJPEDJ@Z 000000014002c550 f i libucrtd:output.obj
 0001:0002d9f0       ??$count@D@formatting_buffer@__crt_stdio_output@@QEBA_KXZ 000000014002e9f0 f i libucrtd:output.obj
 0001:0002da40       ??$count@_W@formatting_buffer@__crt_stdio_output@@QEBA_KXZ 000000014002ea40 f i libucrtd:output.obj
 0001:0002da90       ??$data@_W@formatting_buffer@__crt_stdio_output@@QEAAPEA_WXZ 000000014002ea90 f i libucrtd:output.obj
 0001:0002da90       ??$data@D@formatting_buffer@__crt_stdio_output@@QEAAPEADXZ 000000014002ea90 f i libucrtd:output.obj
 0001:0002dae0       ??$ensure_buffer_is_big_enough@D@formatting_buffer@__crt_stdio_output@@QEAA_N_K@Z 000000014002eae0 f i libucrtd:output.obj
 0001:0002dc10       ??$ensure_buffer_is_big_enough@_W@formatting_buffer@__crt_stdio_output@@QEAA_N_K@Z 000000014002ec10 f i libucrtd:output.obj
 0001:0002dd40       ??$extract_argument_from_va_list@C_J@?$standard_base@_WV?$stream_output_adapter@_W@__crt_stdio_output@@@__crt_stdio_output@@IEAA_NAEA_J@Z 000000014002ed40 f i libucrtd:output.obj
 0001:0002dd40       ??$extract_argument_from_va_list@C_J@?$standard_base@_WV?$string_output_adapter@_W@__crt_stdio_output@@@__crt_stdio_output@@IEAA_NAEA_J@Z 000000014002ed40 f i libucrtd:output.obj
 0001:0002dd40       ??$extract_argument_from_va_list@C_J@?$standard_base@DV?$string_output_adapter@D@__crt_stdio_output@@@__crt_stdio_output@@IEAA_NAEA_J@Z 000000014002ed40 f i libucrtd:output.obj
 0001:0002dd80       ??$extract_argument_from_va_list@E_J@?$standard_base@_WV?$string_output_adapter@_W@__crt_stdio_output@@@__crt_stdio_output@@IEAA_NAEA_J@Z 000000014002ed80 f i libucrtd:output.obj
 0001:0002dd80       ??$extract_argument_from_va_list@E_J@?$standard_base@_WV?$stream_output_adapter@_W@__crt_stdio_output@@@__crt_stdio_output@@IEAA_NAEA_J@Z 000000014002ed80 f i libucrtd:output.obj
 0001:0002dd80       ??$extract_argument_from_va_list@E_J@?$standard_base@DV?$string_output_adapter@D@__crt_stdio_output@@@__crt_stdio_output@@IEAA_NAEA_J@Z 000000014002ed80 f i libucrtd:output.obj
 0001:0002ddc0       ??$extract_argument_from_va_list@F_J@?$standard_base@DV?$string_output_adapter@D@__crt_stdio_output@@@__crt_stdio_output@@IEAA_NAEA_J@Z 000000014002edc0 f i libucrtd:output.obj
 0001:0002ddc0       ??$extract_argument_from_va_list@F_J@?$standard_base@_WV?$stream_output_adapter@_W@__crt_stdio_output@@@__crt_stdio_output@@IEAA_NAEA_J@Z 000000014002edc0 f i libucrtd:output.obj
 0001:0002ddc0       ??$extract_argument_from_va_list@F_J@?$standard_base@_WV?$string_output_adapter@_W@__crt_stdio_output@@@__crt_stdio_output@@IEAA_NAEA_J@Z 000000014002edc0 f i libucrtd:output.obj
 0001:0002de00       ??$extract_argument_from_va_list@GD@?$standard_base@DV?$string_output_adapter@D@__crt_stdio_output@@@__crt_stdio_output@@IEAA_NAEAD@Z 000000014002ee00 f i libucrtd:output.obj
 0001:0002de30       ??$extract_argument_from_va_list@G_J@?$standard_base@_WV?$string_output_adapter@_W@__crt_stdio_output@@@__crt_stdio_output@@IEAA_NAEA_J@Z 000000014002ee30 f i libucrtd:output.obj
 0001:0002de30       ??$extract_argument_from_va_list@G_J@?$standard_base@DV?$string_output_adapter@D@__crt_stdio_output@@@__crt_stdio_output@@IEAA_NAEA_J@Z 000000014002ee30 f i libucrtd:output.obj
 0001:0002de30       ??$extract_argument_from_va_list@G_J@?$standard_base@_WV?$stream_output_adapter@_W@__crt_stdio_output@@@__crt_stdio_output@@IEAA_NAEA_J@Z 000000014002ee30 f i libucrtd:output.obj
 0001:0002de70       ??$extract_argument_from_va_list@H_J@?$standard_base@DV?$string_output_adapter@D@__crt_stdio_output@@@__crt_stdio_output@@IEAA_NAEA_J@Z 000000014002ee70 f i libucrtd:output.obj
 0001:0002de70       ??$extract_argument_from_va_list@H_J@?$standard_base@_WV?$stream_output_adapter@_W@__crt_stdio_output@@@__crt_stdio_output@@IEAA_NAEA_J@Z 000000014002ee70 f i libucrtd:output.obj
 0001:0002de70       ??$extract_argument_from_va_list@H_J@?$standard_base@_WV?$string_output_adapter@_W@__crt_stdio_output@@@__crt_stdio_output@@IEAA_NAEA_J@Z 000000014002ee70 f i libucrtd:output.obj
 0001:0002dea0       ??$extract_argument_from_va_list@I_J@?$standard_base@DV?$string_output_adapter@D@__crt_stdio_output@@@__crt_stdio_output@@IEAA_NAEA_J@Z 000000014002eea0 f i libucrtd:output.obj
 0001:0002dea0       ??$extract_argument_from_va_list@I_J@?$standard_base@_WV?$string_output_adapter@_W@__crt_stdio_output@@@__crt_stdio_output@@IEAA_NAEA_J@Z 000000014002eea0 f i libucrtd:output.obj
 0001:0002dea0       ??$extract_argument_from_va_list@I_J@?$standard_base@_WV?$stream_output_adapter@_W@__crt_stdio_output@@@__crt_stdio_output@@IEAA_NAEA_J@Z 000000014002eea0 f i libucrtd:output.obj
 0001:0002ded0       ??$extract_argument_from_va_list@_K_J@?$standard_base@_WV?$string_output_adapter@_W@__crt_stdio_output@@@__crt_stdio_output@@IEAA_NAEA_J@Z 000000014002eed0 f i libucrtd:output.obj
 0001:0002ded0       ??$extract_argument_from_va_list@PEAXPEAX@?$standard_base@_WV?$stream_output_adapter@_W@__crt_stdio_output@@@__crt_stdio_output@@IEAA_NAEAPEAX@Z 000000014002eed0 f i libucrtd:output.obj
 0001:0002ded0       ??$extract_argument_from_va_list@PEAUansi_string@?1??type_case_Z@?$output_processor@DV?$string_output_adapter@D@__crt_stdio_output@@V?$standard_base@DV?$string_output_adapter@D@__crt_stdio_output@@@2@@__crt_stdio_output@@AEAA_NXZ@PEAU1?1??234@AEAA_NXZ@@?$standard_base@DV?$string_output_adapter@D@__crt_stdio_output@@@__crt_stdio_output@@IEAA_NAEAPEAUansi_string@?1??type_case_Z@?$output_processor@DV?$string_output_adapter@D@__crt_stdio_output@@V?$standard_base@DV?$string_output_adapter@D@__crt_stdio_output@@@2@@1@AEAA_NXZ@@Z 000000014002eed0 f i libucrtd:output.obj
 0001:0002ded0       ??$extract_argument_from_va_list@_J_J@?$standard_base@_WV?$stream_output_adapter@_W@__crt_stdio_output@@@__crt_stdio_output@@IEAA_NAEA_J@Z 000000014002eed0 f i libucrtd:output.obj
 0001:0002ded0       ??$extract_argument_from_va_list@_J_J@?$standard_base@DV?$string_output_adapter@D@__crt_stdio_output@@@__crt_stdio_output@@IEAA_NAEA_J@Z 000000014002eed0 f i libucrtd:output.obj
 0001:0002ded0       ??$extract_argument_from_va_list@PEAUansi_string@?1??type_case_Z@?$output_processor@_WV?$stream_output_adapter@_W@__crt_stdio_output@@V?$standard_base@_WV?$stream_output_adapter@_W@__crt_stdio_output@@@2@@__crt_stdio_output@@AEAA_NXZ@PEAU1?1??234@AEAA_NXZ@@?$standard_base@_WV?$stream_output_adapter@_W@__crt_stdio_output@@@__crt_stdio_output@@IEAA_NAEAPEAUansi_string@?1??type_case_Z@?$output_processor@_WV?$stream_output_adapter@_W@__crt_stdio_output@@V?$standard_base@_WV?$stream_output_adapter@_W@__crt_stdio_output@@@2@@1@AEAA_NXZ@@Z 000000014002eed0 f i libucrtd:output.obj
 0001:0002ded0       ??$extract_argument_from_va_list@PEAUansi_string@?1??type_case_Z@?$output_processor@DV?$string_output_adapter@D@__crt_stdio_output@@V?$format_validation_base@DV?$string_output_adapter@D@__crt_stdio_output@@@2@@__crt_stdio_output@@AEAA_NXZ@PEAU1?1??234@AEAA_NXZ@@?$standard_base@DV?$string_output_adapter@D@__crt_stdio_output@@@__crt_stdio_output@@IEAA_NAEAPEAUansi_string@?1??type_case_Z@?$output_processor@DV?$string_output_adapter@D@__crt_stdio_output@@V?$format_validation_base@DV?$string_output_adapter@D@__crt_stdio_output@@@2@@1@AEAA_NXZ@@Z 000000014002eed0 f i libucrtd:output.obj
 0001:0002ded0       ??$extract_argument_from_va_list@PEAUansi_string@?1??type_case_Z@?$output_processor@_WV?$string_output_adapter@_W@__crt_stdio_output@@V?$format_validation_base@_WV?$string_output_adapter@_W@__crt_stdio_output@@@2@@__crt_stdio_output@@AEAA_NXZ@PEAU1?1??234@AEAA_NXZ@@?$standard_base@_WV?$string_output_adapter@_W@__crt_stdio_output@@@__crt_stdio_output@@IEAA_NAEAPEAUansi_string@?1??type_case_Z@?$output_processor@_WV?$string_output_adapter@_W@__crt_stdio_output@@V?$format_validation_base@_WV?$string_output_adapter@_W@__crt_stdio_output@@@2@@1@AEAA_NXZ@@Z 000000014002eed0 f i libucrtd:output.obj
 0001:0002ded0       ??$extract_argument_from_va_list@PEAXPEAX@?$standard_base@_WV?$string_output_adapter@_W@__crt_stdio_output@@@__crt_stdio_output@@IEAA_NAEAPEAX@Z 000000014002eed0 f i libucrtd:output.obj
 0001:0002ded0       ??$extract_argument_from_va_list@_K_J@?$standard_base@_WV?$stream_output_adapter@_W@__crt_stdio_output@@@__crt_stdio_output@@IEAA_NAEA_J@Z 000000014002eed0 f i libucrtd:output.obj
 0001:0002ded0       ??$extract_argument_from_va_list@PEADPEAD@?$standard_base@_WV?$stream_output_adapter@_W@__crt_stdio_output@@@__crt_stdio_output@@IEAA_NAEAPEAD@Z 000000014002eed0 f i libucrtd:output.obj
 0001:0002ded0       ??$extract_argument_from_va_list@_J_J@?$standard_base@_WV?$string_output_adapter@_W@__crt_stdio_output@@@__crt_stdio_output@@IEAA_NAEA_J@Z 000000014002eed0 f i libucrtd:output.obj
 0001:0002ded0       ??$extract_argument_from_va_list@_K_J@?$standard_base@DV?$string_output_adapter@D@__crt_stdio_output@@@__crt_stdio_output@@IEAA_NAEA_J@Z 000000014002eed0 f i libucrtd:output.obj
 0001:0002ded0       ??$extract_argument_from_va_list@PEAUansi_string@?1??type_case_Z@?$output_processor@_WV?$string_output_adapter@_W@__crt_stdio_output@@V?$standard_base@_WV?$string_output_adapter@_W@__crt_stdio_output@@@2@@__crt_stdio_output@@AEAA_NXZ@PEAU1?1??234@AEAA_NXZ@@?$standard_base@_WV?$string_output_adapter@_W@__crt_stdio_output@@@__crt_stdio_output@@IEAA_NAEAPEAUansi_string@?1??type_case_Z@?$output_processor@_WV?$string_output_adapter@_W@__crt_stdio_output@@V?$standard_base@_WV?$string_output_adapter@_W@__crt_stdio_output@@@2@@1@AEAA_NXZ@@Z 000000014002eed0 f i libucrtd:output.obj
 0001:0002ded0       ??$extract_argument_from_va_list@PEADPEAD@?$standard_base@_WV?$string_output_adapter@_W@__crt_stdio_output@@@__crt_stdio_output@@IEAA_NAEAPEAD@Z 000000014002eed0 f i libucrtd:output.obj
 0001:0002ded0       ??$extract_argument_from_va_list@PEADPEAD@?$standard_base@DV?$string_output_adapter@D@__crt_stdio_output@@@__crt_stdio_output@@IEAA_NAEAPEAD@Z 000000014002eed0 f i libucrtd:output.obj
 0001:0002ded0       ??$extract_argument_from_va_list@PEAXPEAX@?$standard_base@DV?$string_output_adapter@D@__crt_stdio_output@@@__crt_stdio_output@@IEAA_NAEAPEAX@Z 000000014002eed0 f i libucrtd:output.obj
 0001:0002df00       ??$extract_argument_from_va_list@U_CRT_DOUBLE@@U1@@?$standard_base@DV?$string_output_adapter@D@__crt_stdio_output@@@__crt_stdio_output@@IEAA_NAEAU_CRT_DOUBLE@@@Z 000000014002ef00 f i libucrtd:output.obj
 0001:0002df00       ??$extract_argument_from_va_list@U_CRT_DOUBLE@@U1@@?$standard_base@_WV?$string_output_adapter@_W@__crt_stdio_output@@@__crt_stdio_output@@IEAA_NAEAU_CRT_DOUBLE@@@Z 000000014002ef00 f i libucrtd:output.obj
 0001:0002df00       ??$extract_argument_from_va_list@U_CRT_DOUBLE@@U1@@?$standard_base@_WV?$stream_output_adapter@_W@__crt_stdio_output@@@__crt_stdio_output@@IEAA_NAEAU_CRT_DOUBLE@@@Z 000000014002ef00 f i libucrtd:output.obj
 0001:0002df50       ??$extract_argument_from_va_list@_W_W@?$standard_base@_WV?$string_output_adapter@_W@__crt_stdio_output@@@__crt_stdio_output@@IEAA_NAEA_W@Z 000000014002ef50 f i libucrtd:output.obj
 0001:0002df50       ??$extract_argument_from_va_list@_W_W@?$standard_base@DV?$string_output_adapter@D@__crt_stdio_output@@@__crt_stdio_output@@IEAA_NAEA_W@Z 000000014002ef50 f i libucrtd:output.obj
 0001:0002df50       ??$extract_argument_from_va_list@_W_W@?$standard_base@_WV?$stream_output_adapter@_W@__crt_stdio_output@@@__crt_stdio_output@@IEAA_NAEA_W@Z 000000014002ef50 f i libucrtd:output.obj
 0001:0002df80       ??$is_wide_character_specifier@D@__crt_stdio_output@@YA_N_KDW4length_modifier@0@@Z 000000014002ef80 f i libucrtd:output.obj
 0001:0002e020       ??$is_wide_character_specifier@_W@__crt_stdio_output@@YA_N_K_WW4length_modifier@0@@Z 000000014002f020 f i libucrtd:output.obj
 0001:0002e0f0       ??$puttc_nolock@AEB_WPEAU_iobuf@@@?$__crt_char_traits@_W@@SAGAEB_W$$QEAPEAU_iobuf@@@Z 000000014002f0f0 f i libucrtd:output.obj
 0001:0002e120       ??$read_va_arg@C@__crt_stdio_output@@YACAEAPEAD@Z 000000014002f120 f i libucrtd:output.obj
 0001:0002e120       ??$read_va_arg@E@__crt_stdio_output@@YAEAEAPEAD@Z 000000014002f120 f i libucrtd:output.obj
 0001:0002e190       ??$read_va_arg@F@__crt_stdio_output@@YAFAEAPEAD@Z 000000014002f190 f i libucrtd:output.obj
 0001:0002e190       ??$read_va_arg@G@__crt_stdio_output@@YAGAEAPEAD@Z 000000014002f190 f i libucrtd:output.obj
 0001:0002e190       ??$read_va_arg@_W@__crt_stdio_output@@YA_WAEAPEAD@Z 000000014002f190 f i libucrtd:output.obj
 0001:0002e200       ??$read_va_arg@I@__crt_stdio_output@@YAIAEAPEAD@Z 000000014002f200 f i libucrtd:output.obj
 0001:0002e200       ??$read_va_arg@H@__crt_stdio_output@@YAHAEAPEAD@Z 000000014002f200 f i libucrtd:output.obj
 0001:0002e260       ??$read_va_arg@U_CRT_DOUBLE@@@__crt_stdio_output@@YA?AU_CRT_DOUBLE@@AEAPEAD@Z 000000014002f260 f i libucrtd:output.obj
 0001:0002e260       ??$read_va_arg@PEAUansi_string@?1??type_case_Z@?$output_processor@_WV?$string_output_adapter@_W@__crt_stdio_output@@V?$format_validation_base@_WV?$string_output_adapter@_W@__crt_stdio_output@@@2@@__crt_stdio_output@@AEAA_NXZ@@__crt_stdio_output@@YAPEAUansi_string@?1??type_case_Z@?$output_processor@_WV?$string_output_adapter@_W@__crt_stdio_output@@V?$format_validation_base@_WV?$string_output_adapter@_W@__crt_stdio_output@@@2@@0@AEAA_NXZ@AEAPEAD@Z 000000014002f260 f i libucrtd:output.obj
 0001:0002e260       ??$read_va_arg@PEAUansi_string@?1??type_case_Z@?$output_processor@_WV?$string_output_adapter@_W@__crt_stdio_output@@V?$standard_base@_WV?$string_output_adapter@_W@__crt_stdio_output@@@2@@__crt_stdio_output@@AEAA_NXZ@@__crt_stdio_output@@YAPEAUansi_string@?1??type_case_Z@?$output_processor@_WV?$string_output_adapter@_W@__crt_stdio_output@@V?$standard_base@_WV?$string_output_adapter@_W@__crt_stdio_output@@@2@@0@AEAA_NXZ@AEAPEAD@Z 000000014002f260 f i libucrtd:output.obj
 0001:0002e260       ??$read_va_arg@_K@__crt_stdio_output@@YA_KAEAPEAD@Z 000000014002f260 f i libucrtd:output.obj
 0001:0002e260       ??$read_va_arg@PEAD@__crt_stdio_output@@YAPEADAEAPEAD@Z 000000014002f260 f i libucrtd:output.obj
 0001:0002e260       ??$read_va_arg@_J@__crt_stdio_output@@YA_JAEAPEAD@Z 000000014002f260 f i libucrtd:output.obj
 0001:0002e260       ??$read_va_arg@PEAUansi_string@?1??type_case_Z@?$output_processor@_WV?$stream_output_adapter@_W@__crt_stdio_output@@V?$standard_base@_WV?$stream_output_adapter@_W@__crt_stdio_output@@@2@@__crt_stdio_output@@AEAA_NXZ@@__crt_stdio_output@@YAPEAUansi_string@?1??type_case_Z@?$output_processor@_WV?$stream_output_adapter@_W@__crt_stdio_output@@V?$standard_base@_WV?$stream_output_adapter@_W@__crt_stdio_output@@@2@@0@AEAA_NXZ@AEAPEAD@Z 000000014002f260 f i libucrtd:output.obj
 0001:0002e260       ??$read_va_arg@PEAUansi_string@?1??type_case_Z@?$output_processor@DV?$string_output_adapter@D@__crt_stdio_output@@V?$format_validation_base@DV?$string_output_adapter@D@__crt_stdio_output@@@2@@__crt_stdio_output@@AEAA_NXZ@@__crt_stdio_output@@YAPEAUansi_string@?1??type_case_Z@?$output_processor@DV?$string_output_adapter@D@__crt_stdio_output@@V?$format_validation_base@DV?$string_output_adapter@D@__crt_stdio_output@@@2@@0@AEAA_NXZ@AEAPEAD@Z 000000014002f260 f i libucrtd:output.obj
 0001:0002e260       ??$read_va_arg@PEAUansi_string@?1??type_case_Z@?$output_processor@DV?$string_output_adapter@D@__crt_stdio_output@@V?$standard_base@DV?$string_output_adapter@D@__crt_stdio_output@@@2@@__crt_stdio_output@@AEAA_NXZ@@__crt_stdio_output@@YAPEAUansi_string@?1??type_case_Z@?$output_processor@DV?$string_output_adapter@D@__crt_stdio_output@@V?$standard_base@DV?$string_output_adapter@D@__crt_stdio_output@@@2@@0@AEAA_NXZ@AEAPEAD@Z 000000014002f260 f i libucrtd:output.obj
 0001:0002e260       ??$read_va_arg@PEAX@__crt_stdio_output@@YAPEAXAEAPEAD@Z 000000014002f260 f i libucrtd:output.obj
 0001:0002e2d0       ??$scratch_count@D@formatting_buffer@__crt_stdio_output@@QEBA_KXZ 000000014002f2d0 f i libucrtd:output.obj
 0001:0002e2f0       ??$scratch_data@D@formatting_buffer@__crt_stdio_output@@QEAAPEADXZ 000000014002f2f0 f i libucrtd:output.obj
 0001:0002e360       ??$tcstol@PEBDPEAPEADH@?$__crt_char_traits@D@@SAJ$$QEAPEBD$$QEAPEAPEAD$$QEAH@Z 000000014002f360 f i libucrtd:output.obj
 0001:0002e3a0       ??$tcstol@PEB_WPEAPEA_WH@?$__crt_char_traits@_W@@SAJ$$QEAPEB_W$$QEAPEAPEA_W$$QEAH@Z 000000014002f3a0 f i libucrtd:output.obj
 0001:0002e3e0       ??$type_case_integer_parse_into_buffer@I@?$output_processor@DV?$string_output_adapter@D@__crt_stdio_output@@V?$standard_base@DV?$string_output_adapter@D@__crt_stdio_output@@@2@@__crt_stdio_output@@AEAAXII_N@Z 000000014002f3e0 f i libucrtd:output.obj
 0001:0002e3e0       ??$type_case_integer_parse_into_buffer@I@?$output_processor@DV?$string_output_adapter@D@__crt_stdio_output@@V?$format_validation_base@DV?$string_output_adapter@D@__crt_stdio_output@@@2@@__crt_stdio_output@@AEAAXII_N@Z 000000014002f3e0 f i libucrtd:output.obj
 0001:0002e510       ??$type_case_integer_parse_into_buffer@I@?$output_processor@_WV?$string_output_adapter@_W@__crt_stdio_output@@V?$standard_base@_WV?$string_output_adapter@_W@__crt_stdio_output@@@2@@__crt_stdio_output@@AEAAXII_N@Z 000000014002f510 f i libucrtd:output.obj
 0001:0002e510       ??$type_case_integer_parse_into_buffer@I@?$output_processor@_WV?$stream_output_adapter@_W@__crt_stdio_output@@V?$standard_base@_WV?$stream_output_adapter@_W@__crt_stdio_output@@@2@@__crt_stdio_output@@AEAAXII_N@Z 000000014002f510 f i libucrtd:output.obj
 0001:0002e510       ??$type_case_integer_parse_into_buffer@I@?$output_processor@_WV?$string_output_adapter@_W@__crt_stdio_output@@V?$format_validation_base@_WV?$string_output_adapter@_W@__crt_stdio_output@@@2@@__crt_stdio_output@@AEAAXII_N@Z 000000014002f510 f i libucrtd:output.obj
[...]
 0002:00020588       $xdatasym                  000000014008d588     libucrtd:remainder_piby2f_forasm.obj
 0002:0002058c       $unwind$_pow_special       000000014008d58c     libucrtd:pow_special.obj
 0002:000205a0       $xdatasym                  000000014008d5a0     libucrtd:remainder_piby2f_forc.obj
 0002:000205b0       $unwind$??$common_tcsncpy_s@D@@YAHQEAD_KQEBD1@Z 000000014008d5b0     libucrtd:strncpy_s.obj
 0002:000205b0       $unwind$??$common_tcsncpy_s@_W@@YAHQEA_W_KQEB_W1@Z 000000014008d5b0     libucrtd:wcsncpy_s.obj
 0002:000205b8       $unwind$??1?$__crt_win32_buffer@DU__crt_win32_buffer_internal_dynamic_resizing@@@@QEAA@XZ 000000014008d5b8     libucrtd:argv_wildcards.obj
 0002:000205b8       $unwind$??1?$__crt_win32_buffer@_WU__crt_win32_buffer_internal_dynamic_resizing@@@@QEAA@XZ 000000014008d5b8     libucrtd:argv_wildcards.obj
 0002:000205c8       $ip2state$??1?$__crt_win32_buffer@DU__crt_win32_buffer_internal_dynamic_resizing@@@@QEAA@XZ 000000014008d5c8     libucrtd:argv_wildcards.obj
 0002:000205c8       $ip2state$??1?$__crt_win32_buffer@_WU__crt_win32_buffer_internal_dynamic_resizing@@@@QEAA@XZ 000000014008d5c8     libucrtd:argv_wildcards.obj
 0002:000205d0       $unwind$??$common_expand_argv_wildcards@D@@YAHQEAPEADQEAPEAPEAD@Z 000000014008d5d0     libucrtd:argv_wildcards.obj
 0002:000205d8       $unwind$??$expand_argument_wildcards@D@@YAHQEAD0AEAV?$argument_list@D@?A0x5f5c8891@@@Z 000000014008d5d8     libucrtd:argv_wildcards.obj
 0002:000205ec       $unwind$_setmbcp_nolock    000000014008d5ec     libucrtd:mbctype.obj
 0002:000205fc       $unwind$?getSystemCP@@YAHH@Z 000000014008d5fc     libucrtd:mbctype.obj
 0002:00020604       $unwind$?update_thread_multibyte_data_internal@@YAPEAU__crt_multibyte_data@@QEAU__acrt_ptd@@QEAPEAU1@@Z 000000014008d604     libucrtd:mbctype.obj
 0002:00020624       $unwind$?setmbcp_internal@@YAHH_NQEAU__acrt_ptd@@QEAPEAU__crt_multibyte_data@@@Z 000000014008d624     libucrtd:mbctype.obj
 0002:00020630       $unwind$?setSBUpLow@@YAXPEAU__crt_multibyte_data@@@Z 000000014008d630     libucrtd:mbctype.obj
 0002:00020640       $unwind$??$?RV<lambda_efa02eb69bf647d2f7ff0dd6f1103f72>@@AEAV<lambda_bd5a608237428601b7e45fbdc72b1ae8>@@V<lambda_728235dc0fc2b1f82d1fa5b3e7102d8f>@@@?$__crt_seh_guarded_call@X@@QEAAX$$QEAV<lambda_efa02eb69bf647d2f7ff0dd6f1103f72>@@AEAV<lambda_bd5a608237428601b7e45fbdc72b1ae8>@@$$QEAV<lambda_728235dc0fc2b1f82d1fa5b3e7102d8f>@@@Z 000000014008d640     libucrtd:mbctype.obj
 0002:00020660       $unwind$?x_ismbbtype_l@@YAHPEAU__crt_locale_pointers@@IHH@Z 000000014008d660     libucrtd:ismbbyte.obj
 0002:00020670       $unwind$__acrt_MultiByteToWideChar 000000014008d670     libucrtd:multibytetowidechar.obj
 0002:00020678       $unwind$__acrt_WideCharToMultiByte 000000014008d678     libucrtd:widechartomultibyte.obj
 0002:00020680       $unwind$__dcrt_get_narrow_environment_from_os 000000014008d680     libucrtd:get_environment_from_os.obj
 0002:00020698       $unwind$__acrt_lowio_create_handle_array 000000014008d698     libucrtd:osfinfo.obj
 0002:000206a0       $unwind$__acrt_lowio_ensure_fh_exists 000000014008d6a0     libucrtd:osfinfo.obj
 0002:000206c0       $unwind$_isctype_l         000000014008d6c0     libucrtd:isctype.obj
 0002:000206d4       $unwind$_chvalidator_l     000000014008d6d4     libucrtd:isctype.obj
 0002:000206dc       $unwind$__acrt_GetStringTypeA 000000014008d6dc     libucrtd:getstringtypea.obj
 0002:000206e4       $unwind$__acrt_update_thread_locale_data 000000014008d6e4     libucrtd:locale_refcounting.obj
 0002:00020704       $unwind$__acrt_is_interactive 000000014008d704     libucrtd:winapi_thunks.obj
 0002:00020714       $unwind$_query_new_handler 000000014008d714     libucrtd:new_handler.obj
 0002:00020734       $unwind$_expand_base       000000014008d734     libucrtd:expand.obj
 0002:0002073c       $unwind$_VCrtDbgReportA    000000014008d73c     libucrtd:dbgrptt.obj
 0002:00020774       $unwind$_VCrtDbgReportW    000000014008d774     libucrtd:dbgrptt.obj
 0002:000207ac       $unwind$_isleadbyte_l      000000014008d7ac     libucrtd:_wctype.obj
 0002:000207ac       $unwind$??$common_flush_and_write_nolock@D@@YAHHV__crt_stdio_stream@@@Z 000000014008d7ac     libucrtd:_flsbuf.obj
 0002:000207ac       $unwind$??$common_flush_and_write_nolock@_W@@YAHHV__crt_stdio_stream@@@Z 000000014008d7ac     libucrtd:_flsbuf.obj
 0002:000207b4       $unwind$?__mbsrtowcs_utf8@__crt_mbstring@@YA_KPEA_WPEAPEBD_KPEAU_Mbstatet@@@Z 000000014008d7b4     libucrtd:mbrtowc.obj
 0002:000207bc       $unwind$?__c32rtomb_utf8@__crt_mbstring@@YA_KPEAD_UPEAU_Mbstatet@@@Z 000000014008d7bc     libucrtd:c32rtomb.obj
 0002:000207c4       $unwind$?reset_and_return@__crt_mbstring@@YA_K_KPEAU_Mbstatet@@@Z 000000014008d7c4     libucrtd:c32rtomb.obj
 0002:000207cc       $unwind$__acrt_fltout      000000014008d7cc     libucrtd:cfout.obj
 0002:000207d4       $unwind$?make_big_integer@__crt_strtox@@YA?AUbig_integer@1@_K@Z 000000014008d7d4     libucrtd:cfout.obj
 0002:000207e4       $unwind$?make_big_integer_power_of_two@__crt_strtox@@YA?AUbig_integer@1@I@Z 000000014008d7e4     libucrtd:cfout.obj
 0002:000207f4       $unwind$?shift_left@__crt_strtox@@YA_NAEAUbig_integer@1@I@Z 000000014008d7f4     libucrtd:cfout.obj
 0002:00020804       $unwind$?add_multiply_carry@__crt_strtox@@YAIAEAIIII@Z 000000014008d804     libucrtd:cfout.obj
 0002:0002080c       $unwind$?multiply@__crt_strtox@@YA_NAEAUbig_integer@1@I@Z 000000014008d80c     libucrtd:cfout.obj
 0002:0002081c       $unwind$?multiply@__crt_strtox@@YA_NAEAUbig_integer@1@AEBU21@@Z 000000014008d81c     libucrtd:cfout.obj
 0002:0002082c       $unwind$?multiply_by_power_of_ten@__crt_strtox@@YA_NAEAUbig_integer@1@I@Z 000000014008d82c     libucrtd:cfout.obj
 0002:0002083c       $unwind$?divide@__crt_strtox@@YA_KAEAUbig_integer@1@AEBU21@@Z 000000014008d83c     libucrtd:cfout.obj
 0002:0002084c       $unwind$??$convert_to_fos_high_precision@N@@YA?AW4__acrt_has_trailing_digits@@NIQEAHQEAD_K@Z 000000014008d84c     libucrtd:cfout.obj
 0002:0002085c       $unwind$?stream_is_at_end_of_file_nolock@@YA_NV__crt_stdio_stream@@@Z 000000014008d85c     libucrtd:_flsbuf.obj
 0002:00020864       $unwind$??$write_buffer_nolock@D@@YA_NDV__crt_stdio_stream@@@Z 000000014008d864     libucrtd:_flsbuf.obj
 0002:0002086c       $unwind$??$write_buffer_nolock@_W@@YA_N_WV__crt_stdio_stream@@@Z 000000014008d86c     libucrtd:_flsbuf.obj
 0002:00020874       $unwind$_fcloseall         000000014008d874     libucrtd:closeall.obj
 0002:00020894       $unwind$__acrt_OutputDebugStringA 000000014008d894     libucrtd:outputdebugstringa.obj
 0002:000208a8       $unwind$??$?RV<lambda_4e3dbe6921bc0b5a1a6bc6573fdc859e>@@AEAV<lambda_5533cddd4bda0037814beee657757329>@@V<lambda_47cffbaa968af5c721c38a4a6f8da44d>@@@?$__crt_seh_guarded_call@H@@QEAAH$$QEAV<lambda_4e3dbe6921bc0b5a1a6bc6573fdc859e>@@AEAV<lambda_5533cddd4bda0037814beee657757329>@@$$QEAV<lambda_47cffbaa968af5c721c38a4a6f8da44d>@@@Z 000000014008d8a8     libucrtd:commit.obj
 0002:000208c8       $unwind$_write             000000014008d8c8     libucrtd:write.obj
 0002:000208e8       $unwind$_write_nolock      000000014008d8e8     libucrtd:write.obj
 0002:000208fc       $unwind$?write_double_translated_ansi_nolock@@YA?AUwrite_result@?A0x17268360@@HQEBDI@Z 000000014008d8fc     libucrtd:write.obj
 0002:00020910       $unwind$?write_double_translated_unicode_nolock@@YA?AUwrite_result@?A0x17268360@@QEBDI@Z 000000014008d910     libucrtd:write.obj
 0002:00020924       $unwind$?write_text_ansi_nolock@@YA?AUwrite_result@?A0x17268360@@HQEBDI@Z 000000014008d924     libucrtd:write.obj
 0002:00020924       $unwind$?write_text_utf16le_nolock@@YA?AUwrite_result@?A0x17268360@@HQEBDI@Z 000000014008d924     libucrtd:write.obj
 0002:00020938       $unwind$?write_text_utf8_nolock@@YA?AUwrite_result@?A0x17268360@@HQEBDI@Z 000000014008d938     libucrtd:write.obj
 0002:0002094c       $unwind$?write_binary_nolock@@YA?AUwrite_result@?A0x17268360@@HQEBDI@Z 000000014008d94c     libucrtd:write.obj
 0002:00020960       $xdatasym                  000000014008d960     libucrtd:fpsr.obj
 0002:00020968       $unwind$qsort              000000014008d968     libucrtd:qsort.obj
 0002:00020978       $unwind$?shortsort@@YAXPEAD0_KP6AHPEBX2@Z@Z 000000014008d978     libucrtd:qsort.obj
 0002:00020988       $stateUnwindMap$?shortsort@@YAXPEAD0_KP6AHPEBX2@Z@Z 000000014008d988     libucrtd:qsort.obj
 0002:00020990       $ip2state$?shortsort@@YAXPEAD0_KP6AHPEBX2@Z@Z 000000014008d990     libucrtd:qsort.obj
 0002:000209a8       $unwind$strpbrk            000000014008d9a8     libucrtd:strpbrk.obj
 0002:000209b0       $unwind$fallbackMethod     000000014008d9b0     libucrtd:strpbrk.obj
 0002:000209c0       $unwind$_mbsdec_l          000000014008d9c0     libucrtd:mbsdec.obj
 0002:000209cc       $unwind$_mbstowcs_s_l      000000014008d9cc     libucrtd:mbstowcs.obj
 0002:000209cc       $unwind$?__acrt_LCMapStringA_stat@@YAHPEAU__crt_locale_pointers@@PEB_WKPEBDHPEADHHH@Z 000000014008d9cc     libucrtd:lcmapstringa.obj
 0002:000209d4       $unwind$?_mbstowcs_l_helper@@YA_KPEA_WPEBD_KPEAU__crt_locale_pointers@@@Z 000000014008d9d4     libucrtd:mbstowcs.obj
 0002:000209e0       $unwind$?_wcstombs_l_helper@@YA_KPEADPEB_W_KPEAU__crt_locale_pointers@@@Z 000000014008d9e0     libucrtd:wcstombs.obj
 0002:000209f8       $stateUnwindMap$?_wcstombs_l_helper@@YA_KPEADPEB_W_KPEAU__crt_locale_pointers@@@Z 000000014008d9f8     libucrtd:wcstombs.obj
 0002:00020a00       $ip2state$?_wcstombs_l_helper@@YA_KPEADPEB_W_KPEAU__crt_locale_pointers@@@Z 000000014008da00     libucrtd:wcstombs.obj
 0002:00020b18       $unwind$?__mbrtoc32_utf8@__crt_mbstring@@YA_KPEA_UPEBD_KPEAU_Mbstatet@@@Z 000000014008db18     libucrtd:mbrtoc32.obj
 0002:00020b28       $xdatasym                  000000014008db28     libucrtd:log10.obj
 0002:00020b34       $unwind$??$common_lseek@_J@@YA_JH_JH@Z 000000014008db34     libucrtd:lseek.obj
 0002:00020b54       $unwind$fclose             000000014008db54     libucrtd:fclose.obj
 0002:00020b74       $unwind$?__wcsrtombs_utf8@__crt_mbstring@@YA_KPEADPEAPEB_W_KPEAU_Mbstatet@@@Z 000000014008db74     libucrtd:wcrtomb.obj
 0002:00020b84       $unwind$_log_special_common 000000014008db84     libucrtd:log_special.obj
 0002:00020b94       $unwind$_log10_special     000000014008db94     libucrtd:log_special.obj
 0002:00020b9c       $unwind$common_control87   000000014008db9c     libucrtd:ieee.obj
 0002:00020bbc       $unwind$??$?RV<lambda_53fc7fc888e23d815d7080162c0aeeb2>@@AEAV<lambda_4e7105787b7b0e0227fbf2b2d883fa65>@@V<lambda_8ddc48ad9d26c778cb15812d1d88fc8a>@@@?$__crt_seh_guarded_call@H@@QEAAH$$QEAV<lambda_53fc7fc888e23d815d7080162c0aeeb2>@@AEAV<lambda_4e7105787b7b0e0227fbf2b2d883fa65>@@$$QEAV<lambda_8ddc48ad9d26c778cb15812d1d88fc8a>@@@Z 000000014008dbbc     libucrtd:close.obj
 0002:00020bdc       $unwind$__dcrt_lowio_ensure_console_output_initialized 000000014008dbdc     libucrtd:initcon.obj
 0002:00020be4       $unwind$__dcrt_write_console 000000014008dbe4     libucrtd:initcon.obj
 0002:00020bf8       $unwind$?__c16rtomb_utf8@__crt_mbstring@@YA_KPEAD_SPEAU_Mbstatet@@@Z 000000014008dbf8     libucrtd:c16rtomb.obj
 0002:00020c00       $unwind$_IsNonwritableInCurrentImage 000000014008dc00     LIBCMTD:pesect.obj
 0002:00020c20       $xdatasym                  000000014008dc20     libvcruntimed:memcmp.obj
 0002:00020c24       $unwind$strrchr            000000014008dc24     libvcruntimed:strrchr.obj
 0002:000212c0       .idata$6                   000000014008e2c0     user32:USER32.dll
 0002:00021328       .idata$6                   000000014008e328     gdi32:GDI32.dll
 0002:00021412       .idata$6                   000000014008e412     opengl32:OPENGL32.dll
 0002:00021432       .idata$6                   000000014008e432     winmm:WINMM.dll
 0002:00021450       .idata$6                   000000014008e450     Comdlg32:COMDLG32.dll
 0002:00021686       .idata$6                   000000014008e686     kernel32:KERNEL32.dll
 0003:0000002c       ?is_running@@3IA           000000014008f02c     win32_game.obj
 0003:00000030       ?is_paused@@3IA            000000014008f030     win32_game.obj
 0003:00000080       ?__vcrt_flsindex@@3KA      000000014008f080     libvcruntimed:per_thread_data.obj
 0003:00000090       ?__acrt_current_request_number@@3JA 000000014008f090     libucrtd:debug_heap.obj
 0003:000000b0       ?__acrt_debug_fill_threshold@@3_KA 000000014008f0b0     libucrtd:debug_fill_threshold.obj
 0003:000000b8       ?errno_no_memory@@3HA      000000014008f0b8     libucrtd:errno.obj
 0003:000000bc       ?doserrno_no_memory@@3KA   000000014008f0bc     libucrtd:errno.obj
 0003:000000c0       ?__acrt_flsindex@@3KA      000000014008f0c0     libucrtd:per_thread_data.obj
 0003:00000398       ?dazSupported@?1??_ctrlfp@@9@9 000000014008f398     libucrtd:fpctrl.obj
 0003:000005d0       _mbctypes                  000000014008f5d0     libucrtd:mbctype.obj
 0003:000006e0       _mbcasemaps                000000014008f6e0     libucrtd:mbctype.obj
 0003:000007e0       ?__rgctypeflag@@3PADA      000000014008f7e0     libucrtd:mbctype.obj
 0003:000007f0       ?__rgcode_page_info@@3PAUcode_page_info@@A 000000014008f7f0     libucrtd:mbctype.obj
 0003:00000ad0       ?dazSupported@?1??common_control87@@9@9 000000014008fad0     libucrtd:ieee.obj
 0003:00000ad8       ?__dcrt_lowio_console_output_handle@@3PEAXEA 000000014008fad8     libucrtd:initcon.obj
 0003:00000c10       ?samples_written_2@@3HA    000000014008fc10     win32_game.obj
 0003:00000c18       ?perf_counter_frequency@@3_JA 000000014008fc18     win32_game.obj
 0003:00000c20       ?window@@3PEAUHWND__@@EA   000000014008fc20     win32_game.obj
 0003:00000c30       ?t@?1??gl_render@@YAXPEAUGL_State@@PEAUGame_State@@UDisplay_Output@@PEAUWin32_Sound_Output@@@Z@4MA 000000014008fc30     win32_game.obj
 0003:00000c40       GS_ExceptionRecord         000000014008fc40     LIBCMTD:gs_report.obj
 0003:00000ce0       GS_ContextRecord           000000014008fce0     LIBCMTD:gs_report.obj
 0003:000011c0       ?is_initialized_as_dll@@3_NA 00000001400901c0     LIBCMTD:utility.obj
 0003:000011c1       ?module_local_atexit_table_initialized@@3_NA 00000001400901c1     LIBCMTD:utility.obj
 0003:000011c8       ?module_local_atexit_table@@3U_onexit_table_t@@A 00000001400901c8     LIBCMTD:utility.obj
 0003:000011e0       ?module_local_at_quick_exit_table@@3U_onexit_table_t@@A 00000001400901e0     LIBCMTD:utility.obj
 0003:00001240       ?__vcrt_startup_thread_ptd@@3U__vcrt_ptd@@A 0000000140090240     libvcruntimed:per_thread_data.obj
 0003:000012c0       __vcrt_lock_table          00000001400902c0     libvcruntimed:locks.obj
 0003:000012e8       __vcrt_locks_initialized   00000001400902e8     libvcruntimed:locks.obj
 0003:00001330       ?heap@@3V_HeapManager@@A   0000000140090330     libvcruntimed:undname.obj
 0003:00001358       ?module_handles@@3PAPEAUHINSTANCE__@@A 0000000140090358     libvcruntimed:winapi_downlevel.obj
 0003:00001370       ?function_pointers@@3PAPEAXA 0000000140090370     libvcruntimed:winapi_downlevel.obj
 0003:000013a0       ?__acrt_app_type@@3W4_crt_app_type@@A 00000001400903a0     libucrtd:report_runtime_error.obj
 0003:000013b0       ?outmsg@?9??__acrt_report_runtime_error@@9@4PA_WA 00000001400903b0     libucrtd:report_runtime_error.obj
 0003:000019d8       ?user_matherr@@3V?$dual_state_global@P6AHPEAU_exception@@@Z@__crt_state_management@@A 00000001400909d8     libucrtd:matherr.obj
 0003:000019e0       ?program_name@?1???$common_configure_argv@D@@YAHW4_crt_argv_mode@@@Z@4PADA 00000001400909e0     libucrtd:argv_parsing.obj
 0003:00001b08       ?empty_string@?1???$common_wincmdln@E@@YAPEAEXZ@4PAEA 0000000140090b08     libucrtd:argv_winmain.obj
 0003:00001b0c       ?c_termination_complete@@3JA 0000000140090b0c     libucrtd:exit.obj
 0003:00001b10       ?thread_local_exit_callback_func@@3P6AXPEAXK0@ZEA 0000000140090b10     libucrtd:exit.obj
 0003:00001b20       ?__acrt_global_new_mode@@3V?$dual_state_global@J@__crt_state_management@@A 0000000140090b20     libucrtd:new_mode.obj
 0003:00001b58       ?__acrt_first_block@@3PEAU_CrtMemBlockHeader@@EA 0000000140090b58     libucrtd:debug_heap.obj
 0003:00001b60       ?__acrt_last_block@@3PEAU_CrtMemBlockHeader@@EA 0000000140090b60     libucrtd:debug_heap.obj
 0003:00001b68       ?__acrt_total_allocations@@3_KA 0000000140090b68     libucrtd:debug_heap.obj
 0003:00001b70       ?__acrt_current_allocations@@3_KA 0000000140090b70     libucrtd:debug_heap.obj
 0003:00001b78       ?__acrt_max_allocations@@3_KA 0000000140090b78     libucrtd:debug_heap.obj
 0003:00001b80       ?__acrt_check_frequency@@3IA 0000000140090b80     libucrtd:debug_heap.obj
 0003:00001b84       ?__acrt_check_counter@@3IA 0000000140090b84     libucrtd:debug_heap.obj
 0003:00001b90       ?heap_validation_pending@@3_NA 0000000140090b90     libucrtd:debug_heap.obj
 0003:00001b98       ?__acrt_invalid_parameter_handler@@3V?$dual_state_global@P6AXPEB_W00I_K@Z@__crt_state_management@@A 0000000140090b98     libucrtd:invalid_parameter.obj
 0003:00001ba0       ?internal_state@?1??_mbtowc_l@@9@4U_Mbstatet@@A 0000000140090ba0     libucrtd:mbtowc.obj
 0003:00001bc0       ?enable_percent_n@@3_KA    0000000140090bc0     libucrtd:printf_count_output.obj
 0003:00001fe4       __acrt_error_mode          0000000140090fe4     libucrtd:set_error_mode.obj
 0003:00001fe8       ?ctrlc_action@@3V?$dual_state_global@P6AXH@Z@__crt_state_management@@A 0000000140090fe8     libucrtd:signal.obj
 0003:00001ff0       ?ctrlbreak_action@@3V?$dual_state_global@P6AXH@Z@__crt_state_management@@A 0000000140090ff0     libucrtd:signal.obj
 0003:00001ff8       ?abort_action@@3V?$dual_state_global@P6AXH@Z@__crt_state_management@@A 0000000140090ff8     libucrtd:signal.obj
 0003:00002000       ?term_action@@3V?$dual_state_global@P6AXH@Z@__crt_state_management@@A 0000000140091000     libucrtd:signal.obj
 0003:00002028       ?fSystemSet@@3HA           0000000140091028     libucrtd:mbctype.obj
 0003:0000202c       ?initialized@?1??__acrt_initialize_multibyte@@9@4_NA 000000014009102c     libucrtd:mbctype.obj
 0003:00002060       ?__acrt_lock_table@@3PAU_RTL_CRITICAL_SECTION@@A 0000000140091060     libucrtd:locks.obj
 0003:00002290       ?__acrt_locks_initialized@@3IA 0000000140091290     libucrtd:locks.obj
 0003:00002294       ?state_cache@?1???$get_cached_win_policy@Udeveloper_information_policy_properties@?1??__acrt_get_developer_information_policy@@YA?AW4developer_information_policy@@XZ@@@YA?AW4developer_information_policy@@W4AppPolicyShowDeveloperDiagnostic@@@Z@4JA 0000000140091294     libucrtd:win_policies.obj
 0003:00002298       ?state_cache@?1???$get_cached_win_policy@Uwindowing_model_policy_properties@?1??__acrt_get_windowing_model_policy@@YA?AW4windowing_model_policy@@XZ@@@YA?AW4windowing_model_policy@@W4AppPolicyWindowingModel@@@Z@4JA 0000000140091298     libucrtd:win_policies.obj
 0003:000022a0       ?module_handles@@3PAPEAUHINSTANCE__@@A 00000001400912a0     libucrtd:winapi_thunks.obj
 0003:00002340       ?encoded_function_pointers@@3PAPEAXA 0000000140091340     libucrtd:winapi_thunks.obj
 0003:00002460       ?__acrt_new_handler@@3V?$dual_state_global@P6AH_K@Z@__crt_state_management@@A 0000000140091460     libucrtd:new_handler.obj
 0003:00002480       ?internal_pst@?1??__mbrtoc32_utf8@__crt_mbstring@@YA_KPEA_UPEBD_KPEAU_Mbstatet@@@Z@4U3@A 0000000140091480     libucrtd:mbrtoc32.obj
 0003:00002488       ?internal_pst@?1??__c16rtomb_utf8@__crt_mbstring@@YA_KPEAD_SPEAU_Mbstatet@@@Z@4U3@A 0000000140091488     libucrtd:c16rtomb.obj
 0005:00000000       MoveSmall                  0000000140097000     libvcruntimed:memcpy.obj
 0005:00000040       MoveSmallYmm               0000000140097040     libvcruntimed:memcpy.obj
 0005:00000064       MoveSmallYmmNT             0000000140097064     libvcruntimed:memcpy.obj
 0005:00000088       MoveSmallXmm               0000000140097088     libvcruntimed:memcpy.obj
 0005:000000b0       MsetTab                    00000001400970b0     libvcruntimed:memset.obj
